============================================================
  SEAM + SPFR Fine-tuning (Final Params)
============================================================
{'batch_size': 2, 'max_epoches': 4, 'network': 'network.resnet38_SEAM', 'lr': 0.005, 'num_workers': 0, 'wt_dec': 0.0001, 'train_list': 'voc12/train_aug.txt', 'val_list': 'voc12/val.txt', 'session_name': 'finetune_spfr_s3', 'crop_size': 448, 'weights': '../SEAM_model/resnet38_SEAM.pth', 'voc12_root': 'VOC2012', 'tblog_dir': './tblog_finetune', 'seed': 3, 'lambda_spfr': 0.1, 'lambda_intra': 0.02, 'lambda_inter': 0.05, 'spfr_warmup': 1, 'sp_n_segments': 300, 'sp_region_size': 20, 'sp_margin': 1.0, 'sp_threshold': 0.2, 'sp_min_pixels': 10}

Model: 105.4M params

Loading SEAM pretrained weights: ../SEAM_model/resnet38_SEAM.pth
  Weights loaded OK (strict=False)
  Frozen: 0.8M params (['conv1a', 'b2', 'b2_1', 'b2_2'])
  Trainable: 104.5M params

Training: 10582 images, 2 batch, 4 epochs, 21164 steps
  Group 0: lr=0.0050, params=30.5M
  Group 1: lr=0.0100, params=73.7M
  Group 2: lr=0.0250, params=0.3M
  Group 3: lr=0.0250, params=0.0M
Session started:  Mon Aug 24 14:44:47 2026
Ep1 Iter    0/21164 L=0.3208 cls=0.105 er=0.0134 ecr=0.2023 (0.4 im/s)
Ep1 Iter  100/21164 L=0.3488 cls=0.140 er=0.0050 ecr=0.1471 (2.5 im/s)
Ep1 Iter  200/21164 L=0.3295 cls=0.195 er=0.0127 ecr=0.1962 (2.5 im/s)
Ep1 Iter  300/21164 L=0.3497 cls=0.150 er=0.0174 ecr=0.2747 (2.4 im/s)
Ep1 Iter  400/21164 L=0.3444 cls=0.224 er=0.0009 ecr=0.0925 (2.4 im/s)
Ep1 Iter  500/21164 L=0.3235 cls=0.152 er=0.0111 ecr=0.1661 (2.4 im/s)
Ep1 Iter  600/21164 L=0.3646 cls=0.188 er=0.0073 ecr=0.1392 (2.3 im/s)
Ep1 Iter  700/21164 L=0.3551 cls=0.190 er=0.0108 ecr=0.1401 (2.3 im/s)
Ep1 Iter  800/21164 L=0.3486 cls=0.099 er=0.0085 ecr=0.1557 (2.3 im/s)
Ep1 Iter  900/21164 L=0.3419 cls=0.121 er=0.0091 ecr=0.1726 (2.3 im/s)
Ep1 Iter 1000/21164 L=0.3343 cls=0.103 er=0.0059 ecr=0.1097 (2.3 im/s)
Ep1 Iter 1100/21164 L=0.3414 cls=0.132 er=0.0032 ecr=0.0662 (2.3 im/s)
Ep1 Iter 1200/21164 L=0.3581 cls=0.122 er=0.0084 ecr=0.1498 (2.3 im/s)
Ep1 Iter 1300/21164 L=0.3659 cls=0.172 er=0.0113 ecr=0.2006 (2.3 im/s)
Ep1 Iter 1400/21164 L=0.3471 cls=0.089 er=0.0054 ecr=0.1022 (2.3 im/s)
Ep1 Iter 1500/21164 L=0.3344 cls=0.231 er=0.0102 ecr=0.2175 (2.3 im/s)
Ep1 Iter 1600/21164 L=0.3159 cls=0.171 er=0.0097 ecr=0.2020 (2.3 im/s)
Ep1 Iter 1700/21164 L=0.3354 cls=0.187 er=0.0108 ecr=0.1768 (2.2 im/s)
Ep1 Iter 1800/21164 L=0.3415 cls=0.172 er=0.0116 ecr=0.2525 (2.2 im/s)
Ep1 Iter 1900/21164 L=0.3307 cls=0.126 er=0.0064 ecr=0.1283 (2.2 im/s)
Ep1 Iter 2000/21164 L=0.3377 cls=0.117 er=0.0100 ecr=0.1639 (2.2 im/s)
Ep1 Iter 2100/21164 L=0.3182 cls=0.133 er=0.0079 ecr=0.1831 (2.2 im/s)
Ep1 Iter 2200/21164 L=0.2952 cls=0.103 er=0.0098 ecr=0.1612 (2.2 im/s)
Ep1 Iter 2300/21164 L=0.3281 cls=0.221 er=0.0090 ecr=0.2466 (2.2 im/s)
Ep1 Iter 2400/21164 L=0.3035 cls=0.063 er=0.0067 ecr=0.1373 (2.2 im/s)
Ep1 Iter 2500/21164 L=0.3341 cls=0.110 er=0.0036 ecr=0.2004 (2.2 im/s)
Ep1 Iter 2600/21164 L=0.3259 cls=0.112 er=0.0052 ecr=0.0975 (2.2 im/s)
Ep1 Iter 2700/21164 L=0.3333 cls=0.254 er=0.0088 ecr=0.1720 (2.2 im/s)
Ep1 Iter 2800/21164 L=0.3099 cls=0.201 er=0.0075 ecr=0.1727 (2.2 im/s)
Ep1 Iter 2900/21164 L=0.3321 cls=0.136 er=0.0032 ecr=0.1047 (2.2 im/s)
Ep1 Iter 3000/21164 L=0.3110 cls=0.218 er=0.0094 ecr=0.1686 (2.2 im/s)
Ep1 Iter 3100/21164 L=0.3116 cls=0.091 er=0.0063 ecr=0.1072 (2.2 im/s)
Ep1 Iter 3200/21164 L=0.3315 cls=0.119 er=0.0057 ecr=0.1109 (2.2 im/s)
Ep1 Iter 3300/21164 L=0.3178 cls=0.103 er=0.0068 ecr=0.1408 (2.2 im/s)
Ep1 Iter 3400/21164 L=0.3155 cls=0.112 er=0.0105 ecr=0.1754 (2.2 im/s)
Ep1 Iter 3500/21164 L=0.2956 cls=0.109 er=0.0087 ecr=0.1983 (2.2 im/s)
Ep1 Iter 3600/21164 L=0.3215 cls=0.086 er=0.0038 ecr=0.0892 (2.2 im/s)
Ep1 Iter 3700/21164 L=0.3103 cls=0.100 er=0.0072 ecr=0.1531 (2.2 im/s)
Ep1 Iter 3800/21164 L=0.3375 cls=0.167 er=0.0082 ecr=0.2164 (2.2 im/s)
Ep1 Iter 3900/21164 L=0.2946 cls=0.101 er=0.0069 ecr=0.1198 (2.2 im/s)
Ep1 Iter 4000/21164 L=0.3059 cls=0.075 er=0.0073 ecr=0.1315 (2.2 im/s)
Ep1 Iter 4100/21164 L=0.3021 cls=0.129 er=0.0058 ecr=0.0997 (2.2 im/s)
Ep1 Iter 4200/21164 L=0.3050 cls=0.180 er=0.0092 ecr=0.1865 (2.2 im/s)
Ep1 Iter 4300/21164 L=0.3111 cls=0.233 er=0.0109 ecr=0.2394 (2.2 im/s)
Ep1 Iter 4400/21164 L=0.3032 cls=0.176 er=0.0053 ecr=0.1336 (2.2 im/s)
Ep1 Iter 4500/21164 L=0.2900 cls=0.306 er=0.0120 ecr=0.2928 (2.2 im/s)
Ep1 Iter 4600/21164 L=0.3130 cls=0.108 er=0.0056 ecr=0.1091 (2.2 im/s)
Ep1 Iter 4700/21164 L=0.3251 cls=0.121 er=0.0084 ecr=0.1266 (2.2 im/s)
Ep1 Iter 4800/21164 L=0.3084 cls=0.125 er=0.0068 ecr=0.1145 (2.2 im/s)
Ep1 Iter 4900/21164 L=0.2973 cls=0.129 er=0.0031 ecr=0.0619 (2.2 im/s)
Ep1 Iter 5000/21164 L=0.3088 cls=0.158 er=0.0091 ecr=0.1883 (2.2 im/s)
Ep1 Iter 5100/21164 L=0.2985 cls=0.127 er=0.0079 ecr=0.1450 (2.2 im/s)
Ep1 Iter 5200/21164 L=0.3048 cls=0.117 er=0.0065 ecr=0.1598 (2.2 im/s)

=== Epoch 1 Complete ===
  Checkpoint saved: finetune_spfr_s3_ep1.pth
Ep2 Iter 5300/21164 L=0.2975 cls=0.182 er=0.0078 ecr=0.1395 SPFR=0.0221(intra=0.1165 inter=0.3950) ratio=0.122 (0.0 im/s)
Ep2 Iter 5400/21164 L=0.2843 cls=0.037 er=0.0052 ecr=0.0879 SPFR=0.0246(intra=0.1185 inter=0.4449) ratio=0.662 (0.0 im/s)
Ep2 Iter 5500/21164 L=0.2811 cls=0.185 er=0.0156 ecr=0.2340 SPFR=0.0227(intra=0.1076 inter=0.4105) ratio=0.123 (0.1 im/s)
Ep2 Iter 5600/21164 L=0.2899 cls=0.098 er=0.0104 ecr=0.1811 SPFR=0.0241(intra=0.0961 inter=0.4427) ratio=0.245 (0.1 im/s)
Ep2 Iter 5700/21164 L=0.3067 cls=0.277 er=0.0076 ecr=0.2040 SPFR=0.0197(intra=0.1091 inter=0.3503) ratio=0.071 (0.2 im/s)
Ep2 Iter 5800/21164 L=0.2878 cls=0.095 er=0.0080 ecr=0.1591 SPFR=0.0259(intra=0.1058 inter=0.4764) ratio=0.273 (0.2 im/s)
Ep2 Iter 5900/21164 L=0.2969 cls=0.086 er=0.0055 ecr=0.1142 SPFR=0.0201(intra=0.1033 inter=0.3602) ratio=0.233 (0.2 im/s)
Ep2 Iter 6000/21164 L=0.2882 cls=0.074 er=0.0115 ecr=0.1412 SPFR=0.0217(intra=0.0944 inter=0.3957) ratio=0.292 (0.2 im/s)
Ep2 Iter 6100/21164 L=0.2887 cls=0.156 er=0.0060 ecr=0.1358 SPFR=0.0223(intra=0.0928 inter=0.4097) ratio=0.143 (0.3 im/s)
Ep2 Iter 6200/21164 L=0.2876 cls=0.049 er=0.0068 ecr=0.1230 SPFR=0.0211(intra=0.0940 inter=0.3849) ratio=0.433 (0.3 im/s)
Ep2 Iter 6300/21164 L=0.2926 cls=0.273 er=0.0066 ecr=0.1915 SPFR=0.0153(intra=0.1035 inter=0.2640) ratio=0.056 (0.3 im/s)
Ep2 Iter 6400/21164 L=0.2896 cls=0.050 er=0.0037 ecr=0.0825 SPFR=0.0228(intra=0.1015 inter=0.4157) ratio=0.456 (0.3 im/s)
Ep2 Iter 6500/21164 L=0.2900 cls=0.134 er=0.0033 ecr=0.1114 SPFR=0.0271(intra=0.1055 inter=0.4990) ratio=0.201 (0.4 im/s)
Ep2 Iter 6600/21164 L=0.3003 cls=0.116 er=0.0076 ecr=0.1845 SPFR=0.0188(intra=0.1081 inter=0.3323) ratio=0.162 (0.4 im/s)
Ep2 Iter 6700/21164 L=0.2853 cls=0.299 er=0.0097 ecr=0.2003 SPFR=0.0166(intra=0.1014 inter=0.2911) ratio=0.056 (0.4 im/s)
Ep2 Iter 6800/21164 L=0.2963 cls=0.192 er=0.0066 ecr=0.1581 SPFR=0.0220(intra=0.0823 inter=0.4073) ratio=0.114 (0.4 im/s)
Ep2 Iter 6900/21164 L=0.2884 cls=0.138 er=0.0111 ecr=0.1701 SPFR=0.0204(intra=0.1035 inter=0.3662) ratio=0.148 (0.4 im/s)
Ep2 Iter 7000/21164 L=0.2872 cls=0.086 er=0.0071 ecr=0.1394 SPFR=0.0206(intra=0.1196 inter=0.3645) ratio=0.238 (0.5 im/s)
Ep2 Iter 7100/21164 L=0.3042 cls=0.071 er=0.0105 ecr=0.2069 SPFR=0.0196(intra=0.0919 inter=0.3545) ratio=0.277 (0.5 im/s)
Ep2 Iter 7200/21164 L=0.2813 cls=0.130 er=0.0046 ecr=0.1125 SPFR=0.0239(intra=0.1219 inter=0.4294) ratio=0.183 (0.5 im/s)
Ep2 Iter 7300/21164 L=0.2745 cls=0.061 er=0.0060 ecr=0.1085 SPFR=0.0187(intra=0.1120 inter=0.3286) ratio=0.307 (0.5 im/s)
Ep2 Iter 7400/21164 L=0.2819 cls=0.139 er=0.0074 ecr=0.1662 SPFR=0.0219(intra=0.0992 inter=0.3991) ratio=0.158 (0.5 im/s)
Ep2 Iter 7500/21164 L=0.2797 cls=0.060 er=0.0064 ecr=0.1052 SPFR=0.0222(intra=0.1027 inter=0.4028) ratio=0.372 (0.5 im/s)
Ep2 Iter 7600/21164 L=0.2818 cls=0.073 er=0.0062 ecr=0.1058 SPFR=0.0185(intra=0.1025 inter=0.3297) ratio=0.255 (0.6 im/s)
Ep2 Iter 7700/21164 L=0.2725 cls=0.054 er=0.0064 ecr=0.1042 SPFR=0.0250(intra=0.0920 inter=0.4639) ratio=0.462 (0.6 im/s)
Ep2 Iter 7800/21164 L=0.2854 cls=0.102 er=0.0089 ecr=0.1537 SPFR=0.0199(intra=0.1133 inter=0.3528) ratio=0.194 (0.6 im/s)
Ep2 Iter 7900/21164 L=0.2884 cls=0.059 er=0.0094 ecr=0.1405 SPFR=0.0223(intra=0.1057 inter=0.4029) ratio=0.380 (0.6 im/s)
Ep2 Iter 8000/21164 L=0.2795 cls=0.195 er=0.0049 ecr=0.1450 SPFR=0.0169(intra=0.1001 inter=0.2980) ratio=0.087 (0.6 im/s)
Ep2 Iter 8100/21164 L=0.2751 cls=0.075 er=0.0071 ecr=0.1182 SPFR=0.0221(intra=0.1146 inter=0.3953) ratio=0.292 (0.6 im/s)
Ep2 Iter 8200/21164 L=0.2851 cls=0.093 er=0.0092 ecr=0.1324 SPFR=0.0239(intra=0.1004 inter=0.4386) ratio=0.257 (0.6 im/s)
Ep2 Iter 8300/21164 L=0.2757 cls=0.268 er=0.0077 ecr=0.1377 SPFR=0.0191(intra=0.0991 inter=0.3424) ratio=0.071 (0.6 im/s)
Ep2 Iter 8400/21164 L=0.2804 cls=0.061 er=0.0047 ecr=0.0905 SPFR=0.0197(intra=0.1029 inter=0.3524) ratio=0.324 (0.7 im/s)
Ep2 Iter 8500/21164 L=0.2650 cls=0.077 er=0.0063 ecr=0.1141 SPFR=0.0239(intra=0.0927 inter=0.4407) ratio=0.312 (0.7 im/s)
Ep2 Iter 8600/21164 L=0.2521 cls=0.095 er=0.0050 ecr=0.1184 SPFR=0.0176(intra=0.1011 inter=0.3123) ratio=0.185 (0.7 im/s)
Ep2 Iter 8700/21164 L=0.2783 cls=0.053 er=0.0074 ecr=0.1330 SPFR=0.0205(intra=0.0949 inter=0.3727) ratio=0.385 (0.7 im/s)
Ep2 Iter 8800/21164 L=0.2696 cls=0.101 er=0.0040 ecr=0.0715 SPFR=0.0115(intra=0.0542 inter=0.2081) ratio=0.113 (0.7 im/s)
Ep2 Iter 8900/21164 L=0.2771 cls=0.071 er=0.0089 ecr=0.1259 SPFR=0.0166(intra=0.0755 inter=0.3019) ratio=0.234 (0.7 im/s)
Ep2 Iter 9000/21164 L=0.2822 cls=0.104 er=0.0092 ecr=0.1490 SPFR=0.0248(intra=0.1147 inter=0.4493) ratio=0.239 (0.7 im/s)
Ep2 Iter 9100/21164 L=0.2836 cls=0.112 er=0.0118 ecr=0.1754 SPFR=0.0176(intra=0.0893 inter=0.3160) ratio=0.157 (0.7 im/s)
Ep2 Iter 9200/21164 L=0.2845 cls=0.102 er=0.0066 ecr=0.2375 SPFR=0.0111(intra=0.0932 inter=0.1845) ratio=0.108 (0.7 im/s)
Ep2 Iter 9300/21164 L=0.2668 cls=0.071 er=0.0062 ecr=0.1277 SPFR=0.0228(intra=0.1014 inter=0.4157) ratio=0.320 (0.7 im/s)
Ep2 Iter 9400/21164 L=0.2624 cls=0.095 er=0.0079 ecr=0.1526 SPFR=0.0185(intra=0.1007 inter=0.3307) ratio=0.195 (0.7 im/s)
Ep2 Iter 9500/21164 L=0.2809 cls=0.148 er=0.0078 ecr=0.1440 SPFR=0.0194(intra=0.1165 inter=0.3416) ratio=0.131 (0.8 im/s)
Ep2 Iter 9600/21164 L=0.2851 cls=0.115 er=0.0077 ecr=0.2063 SPFR=0.0172(intra=0.0980 inter=0.3049) ratio=0.149 (0.8 im/s)
Ep2 Iter 9700/21164 L=0.2804 cls=0.155 er=0.0108 ecr=0.1819 SPFR=0.0188(intra=0.1106 inter=0.3315) ratio=0.121 (0.8 im/s)
Ep2 Iter 9800/21164 L=0.2931 cls=0.167 er=0.0094 ecr=0.1434 SPFR=0.0227(intra=0.1020 inter=0.4140) ratio=0.136 (0.8 im/s)
Ep2 Iter 9900/21164 L=0.2796 cls=0.063 er=0.0072 ecr=0.1426 SPFR=0.0240(intra=0.1083 inter=0.4374) ratio=0.380 (0.8 im/s)
Ep2 Iter10000/21164 L=0.2555 cls=0.107 er=0.0067 ecr=0.1531 SPFR=0.0222(intra=0.1205 inter=0.3967) ratio=0.208 (0.8 im/s)
Ep2 Iter10100/21164 L=0.2683 cls=0.064 er=0.0064 ecr=0.1028 SPFR=0.0192(intra=0.0925 inter=0.3463) ratio=0.299 (0.8 im/s)
Ep2 Iter10200/21164 L=0.2791 cls=0.071 er=0.0040 ecr=0.1642 SPFR=0.0158(intra=0.1053 inter=0.2739) ratio=0.221 (0.8 im/s)
Ep2 Iter10300/21164 L=0.2493 cls=0.063 er=0.0051 ecr=0.1112 SPFR=0.0236(intra=0.0976 inter=0.4331) ratio=0.374 (0.8 im/s)
Ep2 Iter10400/21164 L=0.2804 cls=0.091 er=0.0108 ecr=0.1548 SPFR=0.0236(intra=0.1130 inter=0.4261) ratio=0.259 (0.8 im/s)
Ep2 Iter10500/21164 L=0.2735 cls=0.105 er=0.0069 ecr=0.1465 SPFR=0.0187(intra=0.0980 inter=0.3339) ratio=0.178 (0.8 im/s)

=== Epoch 2 Complete ===
  SPFR avg: 0.0200 (intra=0.1002, inter=0.3607)
  Checkpoint saved: finetune_spfr_s3_ep2.pth
Ep3 Iter10600/21164 L=0.2715 cls=0.068 er=0.0042 ecr=0.0980 SPFR=0.0226(intra=0.1008 inter=0.4118) ratio=0.333 (0.0 im/s)
Ep3 Iter10700/21164 L=0.2567 cls=0.172 er=0.0066 ecr=0.1300 SPFR=0.0214(intra=0.0995 inter=0.3885) ratio=0.125 (0.0 im/s)
Ep3 Iter10800/21164 L=0.2669 cls=0.102 er=0.0055 ecr=0.0761 SPFR=0.0201(intra=0.1007 inter=0.3608) ratio=0.196 (0.0 im/s)
Ep3 Iter10900/21164 L=0.2527 cls=0.182 er=0.0092 ecr=0.2320 SPFR=0.0168(intra=0.1050 inter=0.2933) ratio=0.092 (0.0 im/s)
Ep3 Iter11000/21164 L=0.2619 cls=0.133 er=0.0084 ecr=0.1747 SPFR=0.0224(intra=0.1140 inter=0.4015) ratio=0.169 (0.1 im/s)
Ep3 Iter11100/21164 L=0.2711 cls=0.063 er=0.0060 ecr=0.0921 SPFR=0.0218(intra=0.1056 inter=0.3941) ratio=0.345 (0.1 im/s)
Ep3 Iter11200/21164 L=0.2815 cls=0.187 er=0.0107 ecr=0.2265 SPFR=0.0119(intra=0.0571 inter=0.2148) ratio=0.064 (0.1 im/s)
Ep3 Iter11300/21164 L=0.2593 cls=0.138 er=0.0074 ecr=0.1256 SPFR=0.0187(intra=0.0993 inter=0.3341) ratio=0.136 (0.1 im/s)
Ep3 Iter11400/21164 L=0.2779 cls=0.104 er=0.0023 ecr=0.0790 SPFR=0.0164(intra=0.0995 inter=0.2884) ratio=0.158 (0.1 im/s)
Ep3 Iter11500/21164 L=0.2615 cls=0.075 er=0.0082 ecr=0.1554 SPFR=0.0230(intra=0.0960 inter=0.4224) ratio=0.308 (0.1 im/s)
Ep3 Iter11600/21164 L=0.2741 cls=0.134 er=0.0123 ecr=0.2278 SPFR=0.0189(intra=0.0923 inter=0.3415) ratio=0.141 (0.1 im/s)
Ep3 Iter11700/21164 L=0.2635 cls=0.037 er=0.0053 ecr=0.0841 SPFR=0.0175(intra=0.0993 inter=0.3098) ratio=0.473 (0.2 im/s)
Ep3 Iter11800/21164 L=0.2650 cls=0.123 er=0.0080 ecr=0.1684 SPFR=0.0180(intra=0.0955 inter=0.3209) ratio=0.146 (0.2 im/s)
Ep3 Iter11900/21164 L=0.2521 cls=0.116 er=0.0084 ecr=0.1675 SPFR=0.0207(intra=0.1040 inter=0.3730) ratio=0.179 (0.2 im/s)
Ep3 Iter12000/21164 L=0.2585 cls=0.113 er=0.0088 ecr=0.1576 SPFR=0.0153(intra=0.1010 inter=0.2660) ratio=0.135 (0.2 im/s)
Ep3 Iter12100/21164 L=0.2512 cls=0.130 er=0.0065 ecr=0.0939 SPFR=0.0214(intra=0.1123 inter=0.3836) ratio=0.165 (0.2 im/s)
Ep3 Iter12200/21164 L=0.2614 cls=0.059 er=0.0062 ecr=0.1230 SPFR=0.0162(intra=0.0842 inter=0.2894) ratio=0.273 (0.2 im/s)
Ep3 Iter12300/21164 L=0.2699 cls=0.147 er=0.0061 ecr=0.1644 SPFR=0.0195(intra=0.1145 inter=0.3441) ratio=0.133 (0.2 im/s)
Ep3 Iter12400/21164 L=0.2757 cls=0.096 er=0.0050 ecr=0.1286 SPFR=0.0192(intra=0.0929 inter=0.3465) ratio=0.199 (0.2 im/s)
Ep3 Iter12500/21164 L=0.2615 cls=0.170 er=0.0121 ecr=0.1481 SPFR=0.0225(intra=0.0951 inter=0.4121) ratio=0.133 (0.2 im/s)
Ep3 Iter12600/21164 L=0.2693 cls=0.256 er=0.0094 ecr=0.2406 SPFR=0.0195(intra=0.0934 inter=0.3532) ratio=0.076 (0.3 im/s)
Ep3 Iter12700/21164 L=0.2644 cls=0.089 er=0.0045 ecr=0.1203 SPFR=0.0214(intra=0.0960 inter=0.3889) ratio=0.239 (0.3 im/s)
Ep3 Iter12800/21164 L=0.2734 cls=0.057 er=0.0050 ecr=0.1208 SPFR=0.0195(intra=0.1063 inter=0.3469) ratio=0.341 (0.3 im/s)
Ep3 Iter12900/21164 L=0.2563 cls=0.041 er=0.0051 ecr=0.0997 SPFR=0.0241(intra=0.0883 inter=0.4476) ratio=0.594 (0.3 im/s)
Ep3 Iter13000/21164 L=0.2569 cls=0.237 er=0.0088 ecr=0.2135 SPFR=0.0202(intra=0.0969 inter=0.3646) ratio=0.085 (0.3 im/s)
Ep3 Iter13100/21164 L=0.2682 cls=0.056 er=0.0066 ecr=0.1038 SPFR=0.0232(intra=0.0948 inter=0.4266) ratio=0.412 (0.3 im/s)
Ep3 Iter13200/21164 L=0.2566 cls=0.125 er=0.0084 ecr=0.1568 SPFR=0.0232(intra=0.0999 inter=0.4241) ratio=0.186 (0.3 im/s)
Ep3 Iter13300/21164 L=0.2515 cls=0.094 er=0.0060 ecr=0.1104 SPFR=0.0144(intra=0.0970 inter=0.2484) ratio=0.153 (0.3 im/s)
Ep3 Iter13400/21164 L=0.2653 cls=0.080 er=0.0077 ecr=0.1659 SPFR=0.0177(intra=0.0905 inter=0.3176) ratio=0.220 (0.3 im/s)
Ep3 Iter13500/21164 L=0.2510 cls=0.227 er=0.0048 ecr=0.1441 SPFR=0.0186(intra=0.0907 inter=0.3366) ratio=0.082 (0.3 im/s)
Ep3 Iter13600/21164 L=0.2384 cls=0.140 er=0.0089 ecr=0.1827 SPFR=0.0191(intra=0.1107 inter=0.3374) ratio=0.136 (0.3 im/s)
Ep3 Iter13700/21164 L=0.2674 cls=0.084 er=0.0064 ecr=0.1262 SPFR=0.0197(intra=0.1114 inter=0.3487) ratio=0.234 (0.4 im/s)
Ep3 Iter13800/21164 L=0.2484 cls=0.296 er=0.0095 ecr=0.1871 SPFR=0.0169(intra=0.1077 inter=0.2959) ratio=0.057 (0.4 im/s)
Ep3 Iter13900/21164 L=0.2529 cls=0.127 er=0.0096 ecr=0.1767 SPFR=0.0170(intra=0.1067 inter=0.2979) ratio=0.134 (0.4 im/s)
Ep3 Iter14000/21164 L=0.2595 cls=0.082 er=0.0085 ecr=0.1373 SPFR=0.0157(intra=0.1017 inter=0.2726) ratio=0.190 (0.4 im/s)
Ep3 Iter14100/21164 L=0.2634 cls=0.139 er=0.0086 ecr=0.1491 SPFR=0.0137(intra=0.1022 inter=0.2322) ratio=0.098 (0.4 im/s)
Ep3 Iter14200/21164 L=0.2478 cls=0.052 er=0.0040 ecr=0.0723 SPFR=0.0199(intra=0.0820 inter=0.3648) ratio=0.380 (0.4 im/s)
Ep3 Iter14300/21164 L=0.2483 cls=0.099 er=0.0059 ecr=0.2241 SPFR=0.0182(intra=0.0878 inter=0.3289) ratio=0.183 (0.4 im/s)
Ep3 Iter14400/21164 L=0.2755 cls=0.188 er=0.0087 ecr=0.2098 SPFR=0.0192(intra=0.1046 inter=0.3413) ratio=0.102 (0.4 im/s)
Ep3 Iter14500/21164 L=0.2574 cls=0.121 er=0.0074 ecr=0.1876 SPFR=0.0147(intra=0.0959 inter=0.2562) ratio=0.122 (0.4 im/s)
Ep3 Iter14600/21164 L=0.2666 cls=0.282 er=0.0083 ecr=0.3746 SPFR=0.0164(intra=0.0851 inter=0.2934) ratio=0.058 (0.4 im/s)
Ep3 Iter14700/21164 L=0.2535 cls=0.059 er=0.0057 ecr=0.0837 SPFR=0.0255(intra=0.0806 inter=0.4778) ratio=0.431 (0.4 im/s)
Ep3 Iter14800/21164 L=0.2631 cls=0.129 er=0.0093 ecr=0.1839 SPFR=0.0224(intra=0.0845 inter=0.4149) ratio=0.173 (0.4 im/s)
Ep3 Iter14900/21164 L=0.2598 cls=0.136 er=0.0034 ecr=0.1101 SPFR=0.0206(intra=0.1053 inter=0.3700) ratio=0.151 (0.4 im/s)
Ep3 Iter15000/21164 L=0.2488 cls=0.045 er=0.0037 ecr=0.0902 SPFR=0.0223(intra=0.0818 inter=0.4142) ratio=0.497 (0.5 im/s)
Ep3 Iter15100/21164 L=0.2610 cls=0.112 er=0.0060 ecr=0.1002 SPFR=0.0213(intra=0.0814 inter=0.3942) ratio=0.191 (0.5 im/s)
Ep3 Iter15200/21164 L=0.2398 cls=0.053 er=0.0069 ecr=0.0849 SPFR=0.0288(intra=0.0878 inter=0.5412) ratio=0.547 (0.5 im/s)
Ep3 Iter15300/21164 L=0.2539 cls=0.073 er=0.0089 ecr=0.1535 SPFR=0.0189(intra=0.1082 inter=0.3347) ratio=0.260 (0.5 im/s)
Ep3 Iter15400/21164 L=0.2453 cls=0.062 er=0.0082 ecr=0.1177 SPFR=0.0178(intra=0.0834 inter=0.3231) ratio=0.289 (0.5 im/s)
Ep3 Iter15500/21164 L=0.2441 cls=0.088 er=0.0011 ecr=0.0529 SPFR=0.0202(intra=0.0902 inter=0.3678) ratio=0.229 (0.5 im/s)
Ep3 Iter15600/21164 L=0.2501 cls=0.037 er=0.0027 ecr=0.0697 SPFR=0.0199(intra=0.0978 inter=0.3585) ratio=0.535 (0.5 im/s)
Ep3 Iter15700/21164 L=0.2542 cls=0.128 er=0.0042 ecr=0.1142 SPFR=0.0188(intra=0.1152 inter=0.3295) ratio=0.146 (0.5 im/s)
Ep3 Iter15800/21164 L=0.2410 cls=0.172 er=0.0113 ecr=0.2678 SPFR=0.0219(intra=0.1127 inter=0.3919) ratio=0.127 (0.5 im/s)

=== Epoch 3 Complete ===
  SPFR avg: 0.0196 (intra=0.0966, inter=0.3532)
  Checkpoint saved: finetune_spfr_s3_ep3.pth
Ep4 Iter15900/21164 L=0.2692 cls=0.084 er=0.0055 ecr=0.1265 SPFR=0.0211(intra=0.0952 inter=0.3838) ratio=0.251 (0.0 im/s)
Ep4 Iter16000/21164 L=0.2425 cls=0.163 er=0.0066 ecr=0.1748 SPFR=0.0216(intra=0.1112 inter=0.3866) ratio=0.132 (0.0 im/s)
Ep4 Iter16100/21164 L=0.2541 cls=0.128 er=0.0109 ecr=0.1698 SPFR=0.0201(intra=0.0991 inter=0.3633) ratio=0.158 (0.0 im/s)
Ep4 Iter16200/21164 L=0.2603 cls=0.072 er=0.0080 ecr=0.1436 SPFR=0.0195(intra=0.0927 inter=0.3526) ratio=0.269 (0.0 im/s)
Ep4 Iter16300/21164 L=0.2453 cls=0.112 er=0.0074 ecr=0.1849 SPFR=0.0182(intra=0.0955 inter=0.3263) ratio=0.162 (0.0 im/s)
Ep4 Iter16400/21164 L=0.2536 cls=0.077 er=0.0072 ecr=0.1300 SPFR=0.0212(intra=0.0962 inter=0.3846) ratio=0.276 (0.0 im/s)
Ep4 Iter16500/21164 L=0.2508 cls=0.136 er=0.0119 ecr=0.1877 SPFR=0.0191(intra=0.0865 inter=0.3482) ratio=0.141 (0.1 im/s)
Ep4 Iter16600/21164 L=0.2254 cls=0.140 er=0.0081 ecr=0.1263 SPFR=0.0231(intra=0.1030 inter=0.4211) ratio=0.166 (0.1 im/s)
Ep4 Iter16700/21164 L=0.2307 cls=0.048 er=0.0044 ecr=0.0816 SPFR=0.0202(intra=0.0977 inter=0.3649) ratio=0.422 (0.1 im/s)
Ep4 Iter16800/21164 L=0.2707 cls=0.525 er=0.0083 ecr=0.2952 SPFR=0.0222(intra=0.1150 inter=0.3981) ratio=0.042 (0.1 im/s)
Ep4 Iter16900/21164 L=0.2707 cls=0.063 er=0.0065 ecr=0.1426 SPFR=0.0153(intra=0.0990 inter=0.2665) ratio=0.241 (0.1 im/s)
Ep4 Iter17000/21164 L=0.2407 cls=0.062 er=0.0058 ecr=0.1009 SPFR=0.0186(intra=0.0888 inter=0.3373) ratio=0.302 (0.1 im/s)
Ep4 Iter17100/21164 L=0.2541 cls=0.269 er=0.0066 ecr=0.1222 SPFR=0.0090(intra=0.0494 inter=0.1607) ratio=0.034 (0.1 im/s)
Ep4 Iter17200/21164 L=0.2439 cls=0.181 er=0.0078 ecr=0.1919 SPFR=0.0162(intra=0.0933 inter=0.2874) ratio=0.089 (0.1 im/s)
Ep4 Iter17300/21164 L=0.2555 cls=0.155 er=0.0129 ecr=0.2519 SPFR=0.0197(intra=0.0982 inter=0.3546) ratio=0.127 (0.1 im/s)
Ep4 Iter17400/21164 L=0.2413 cls=0.132 er=0.0067 ecr=0.1486 SPFR=0.0192(intra=0.1094 inter=0.3405) ratio=0.146 (0.1 im/s)
Ep4 Iter17500/21164 L=0.2525 cls=0.138 er=0.0038 ecr=0.0816 SPFR=0.0173(intra=0.0889 inter=0.3106) ratio=0.126 (0.1 im/s)
Ep4 Iter17600/21164 L=0.2355 cls=0.051 er=0.0071 ecr=0.1397 SPFR=0.0184(intra=0.0925 inter=0.3307) ratio=0.362 (0.1 im/s)
Ep4 Iter17700/21164 L=0.2383 cls=0.091 er=0.0031 ecr=0.1038 SPFR=0.0183(intra=0.0957 inter=0.3271) ratio=0.201 (0.2 im/s)
Ep4 Iter17800/21164 L=0.2396 cls=0.063 er=0.0059 ecr=0.1037 SPFR=0.0214(intra=0.1114 inter=0.3827) ratio=0.341 (0.2 im/s)
Ep4 Iter17900/21164 L=0.2607 cls=0.126 er=0.0048 ecr=0.1059 SPFR=0.0187(intra=0.1015 inter=0.3326) ratio=0.148 (0.2 im/s)
Ep4 Iter18000/21164 L=0.2576 cls=0.065 er=0.0048 ecr=0.0697 SPFR=0.0291(intra=0.1019 inter=0.5421) ratio=0.449 (0.2 im/s)
Ep4 Iter18100/21164 L=0.2516 cls=0.087 er=0.0082 ecr=0.1623 SPFR=0.0196(intra=0.0953 inter=0.3541) ratio=0.226 (0.2 im/s)
Ep4 Iter18200/21164 L=0.2404 cls=0.066 er=0.0066 ecr=0.0999 SPFR=0.0268(intra=0.0986 inter=0.4956) ratio=0.403 (0.2 im/s)
Ep4 Iter18300/21164 L=0.2447 cls=0.179 er=0.0076 ecr=0.1634 SPFR=0.0190(intra=0.1054 inter=0.3377) ratio=0.106 (0.2 im/s)
Ep4 Iter18400/21164 L=0.2579 cls=0.093 er=0.0093 ecr=0.1513 SPFR=0.0239(intra=0.0899 inter=0.4428) ratio=0.258 (0.2 im/s)
Ep4 Iter18500/21164 L=0.2540 cls=0.101 er=0.0056 ecr=0.1527 SPFR=0.0142(intra=0.0812 inter=0.2524) ratio=0.141 (0.2 im/s)
Ep4 Iter18600/21164 L=0.2523 cls=0.051 er=0.0032 ecr=0.0726 SPFR=0.0171(intra=0.1187 inter=0.2954) ratio=0.337 (0.2 im/s)
Ep4 Iter18700/21164 L=0.2397 cls=0.135 er=0.0068 ecr=0.1059 SPFR=0.0193(intra=0.0948 inter=0.3490) ratio=0.143 (0.2 im/s)
Ep4 Iter18800/21164 L=0.2374 cls=0.089 er=0.0045 ecr=0.1185 SPFR=0.0270(intra=0.1077 inter=0.4973) ratio=0.304 (0.2 im/s)
Ep4 Iter18900/21164 L=0.2329 cls=0.079 er=0.0066 ecr=0.1061 SPFR=0.0224(intra=0.0892 inter=0.4127) ratio=0.285 (0.2 im/s)
Ep4 Iter19000/21164 L=0.2533 cls=0.036 er=0.0079 ecr=0.1403 SPFR=0.0150(intra=0.0798 inter=0.2690) ratio=0.417 (0.2 im/s)
Ep4 Iter19100/21164 L=0.2500 cls=0.179 er=0.0057 ecr=0.1018 SPFR=0.0190(intra=0.1012 inter=0.3396) ratio=0.106 (0.3 im/s)
Ep4 Iter19200/21164 L=0.2725 cls=0.125 er=0.0034 ecr=0.1141 SPFR=0.0209(intra=0.0748 inter=0.3884) ratio=0.168 (0.3 im/s)
Ep4 Iter19300/21164 L=0.2448 cls=0.071 er=0.0051 ecr=0.1106 SPFR=0.0269(intra=0.1014 inter=0.4981) ratio=0.377 (0.3 im/s)
Ep4 Iter19400/21164 L=0.2466 cls=0.120 er=0.0069 ecr=0.1398 SPFR=0.0206(intra=0.1129 inter=0.3675) ratio=0.172 (0.3 im/s)
Ep4 Iter19500/21164 L=0.2328 cls=0.150 er=0.0030 ecr=0.1407 SPFR=0.0101(intra=0.0499 inter=0.1822) ratio=0.068 (0.3 im/s)
Ep4 Iter19600/21164 L=0.2398 cls=0.065 er=0.0049 ecr=0.0942 SPFR=0.0232(intra=0.1056 inter=0.4217) ratio=0.357 (0.3 im/s)
Ep4 Iter19700/21164 L=0.2450 cls=0.110 er=0.0084 ecr=0.1420 SPFR=0.0180(intra=0.0933 inter=0.3221) ratio=0.164 (0.3 im/s)
Ep4 Iter19800/21164 L=0.2370 cls=0.037 er=0.0032 ecr=0.0650 SPFR=0.0235(intra=0.0964 inter=0.4319) ratio=0.640 (0.3 im/s)
Ep4 Iter19900/21164 L=0.2392 cls=0.302 er=0.0070 ecr=0.1567 SPFR=0.0173(intra=0.0843 inter=0.3117) ratio=0.057 (0.3 im/s)
Ep4 Iter20000/21164 L=0.2410 cls=0.050 er=0.0050 ecr=0.0935 SPFR=0.0163(intra=0.0840 inter=0.2916) ratio=0.327 (0.3 im/s)
Ep4 Iter20100/21164 L=0.2510 cls=0.084 er=0.0070 ecr=0.1587 SPFR=0.0232(intra=0.1210 inter=0.4159) ratio=0.276 (0.3 im/s)
Ep4 Iter20200/21164 L=0.2297 cls=0.160 er=0.0056 ecr=0.1207 SPFR=0.0189(intra=0.0959 inter=0.3398) ratio=0.118 (0.3 im/s)
Ep4 Iter20300/21164 L=0.2524 cls=0.175 er=0.0042 ecr=0.0797 SPFR=0.0186(intra=0.1122 inter=0.3266) ratio=0.106 (0.3 im/s)
Ep4 Iter20400/21164 L=0.2592 cls=0.319 er=0.0089 ecr=0.1810 SPFR=0.0171(intra=0.1037 inter=0.2999) ratio=0.054 (0.3 im/s)
Ep4 Iter20500/21164 L=0.2529 cls=0.087 er=0.0086 ecr=0.2175 SPFR=0.0177(intra=0.0908 inter=0.3180) ratio=0.204 (0.3 im/s)
Ep4 Iter20600/21164 L=0.2549 cls=0.070 er=0.0038 ecr=0.0823 SPFR=0.0160(intra=0.1080 inter=0.2759) ratio=0.229 (0.3 im/s)
Ep4 Iter20700/21164 L=0.2537 cls=0.036 er=0.0072 ecr=0.1206 SPFR=0.0231(intra=0.0944 inter=0.4236) ratio=0.634 (0.3 im/s)
Ep4 Iter20800/21164 L=0.2401 cls=0.192 er=0.0064 ecr=0.1445 SPFR=0.0220(intra=0.1017 inter=0.3992) ratio=0.114 (0.3 im/s)
Ep4 Iter20900/21164 L=0.2353 cls=0.070 er=0.0040 ecr=0.0848 SPFR=0.0208(intra=0.1060 inter=0.3736) ratio=0.296 (0.4 im/s)
Ep4 Iter21000/21164 L=0.2462 cls=0.045 er=0.0044 ecr=0.0743 SPFR=0.0195(intra=0.0850 inter=0.3557) ratio=0.433 (0.4 im/s)
Ep4 Iter21100/21164 L=0.2484 cls=0.085 er=0.0058 ecr=0.1227 SPFR=0.0190(intra=0.0849 inter=0.3461) ratio=0.224 (0.4 im/s)

=== Epoch 4 Complete ===
  SPFR avg: 0.0194 (intra=0.0946, inter=0.3496)
  Checkpoint saved: finetune_spfr_s3_ep4.pth

Final model: finetune_spfr_s3.pth
Training complete.
