============================================================
  SEAM + SPFR Fine-tuning (Final Params)
============================================================
{'batch_size': 2, 'max_epoches': 4, 'network': 'network.resnet38_SEAM', 'lr': 0.005, 'num_workers': 0, 'wt_dec': 0.0001, 'train_list': 'voc12/train_aug.txt', 'val_list': 'voc12/val.txt', 'session_name': 'finetune_spfr_s2', 'crop_size': 448, 'weights': '../SEAM_model/resnet38_SEAM.pth', 'voc12_root': 'VOC2012', 'tblog_dir': './tblog_finetune', 'seed': 2, 'lambda_spfr': 0.1, 'lambda_intra': 0.02, 'lambda_inter': 0.05, 'spfr_warmup': 1, 'sp_n_segments': 300, 'sp_region_size': 20, 'sp_margin': 1.0, 'sp_threshold': 0.2, 'sp_min_pixels': 10}

Model: 105.4M params

Loading SEAM pretrained weights: ../SEAM_model/resnet38_SEAM.pth
  Weights loaded OK (strict=False)
  Frozen: 0.8M params (['conv1a', 'b2', 'b2_1', 'b2_2'])
  Trainable: 104.5M params

Training: 10582 images, 2 batch, 4 epochs, 21164 steps
  Group 0: lr=0.0050, params=30.5M
  Group 1: lr=0.0100, params=73.7M
  Group 2: lr=0.0250, params=0.3M
  Group 3: lr=0.0250, params=0.0M
Session started:  Mon Aug 24 00:51:01 2026
Ep1 Iter    0/21164 L=0.2444 cls=0.098 er=0.0096 ecr=0.1369 (0.4 im/s)
Ep1 Iter  100/21164 L=0.3348 cls=0.162 er=0.0109 ecr=0.1934 (2.2 im/s)
Ep1 Iter  200/21164 L=0.3735 cls=0.106 er=0.0107 ecr=0.1797 (2.2 im/s)
Ep1 Iter  300/21164 L=0.3558 cls=0.234 er=0.0170 ecr=0.2777 (2.2 im/s)
Ep1 Iter  400/21164 L=0.3486 cls=0.171 er=0.0145 ecr=0.2611 (2.1 im/s)
Ep1 Iter  500/21164 L=0.3617 cls=0.183 er=0.0102 ecr=0.3181 (2.1 im/s)
Ep1 Iter  600/21164 L=0.3565 cls=0.104 er=0.0092 ecr=0.1668 (2.1 im/s)
Ep1 Iter  700/21164 L=0.3530 cls=0.062 er=0.0049 ecr=0.0942 (2.1 im/s)
Ep1 Iter  800/21164 L=0.3453 cls=0.116 er=0.0086 ecr=0.1584 (2.1 im/s)
Ep1 Iter  900/21164 L=0.3380 cls=0.224 er=0.0085 ecr=0.1946 (2.1 im/s)
Ep1 Iter 1000/21164 L=0.3549 cls=0.272 er=0.0134 ecr=0.2647 (2.1 im/s)
Ep1 Iter 1100/21164 L=0.3333 cls=0.094 er=0.0067 ecr=0.1443 (2.1 im/s)
Ep1 Iter 1200/21164 L=0.3371 cls=0.067 er=0.0057 ecr=0.1037 (2.1 im/s)
Ep1 Iter 1300/21164 L=0.3363 cls=0.124 er=0.0057 ecr=0.1313 (2.0 im/s)
Ep1 Iter 1400/21164 L=0.3378 cls=0.269 er=0.0118 ecr=0.1995 (2.0 im/s)
Ep1 Iter 1500/21164 L=0.3403 cls=0.105 er=0.0115 ecr=0.1505 (2.0 im/s)
Ep1 Iter 1600/21164 L=0.3282 cls=0.110 er=0.0053 ecr=0.1244 (2.0 im/s)
Ep1 Iter 1700/21164 L=0.3349 cls=0.056 er=0.0075 ecr=0.1252 (2.0 im/s)
Ep1 Iter 1800/21164 L=0.3244 cls=0.119 er=0.0082 ecr=0.1879 (2.0 im/s)
Ep1 Iter 1900/21164 L=0.3248 cls=0.141 er=0.0129 ecr=0.2477 (2.0 im/s)
Ep1 Iter 2000/21164 L=0.3283 cls=0.140 er=0.0097 ecr=0.1257 (2.0 im/s)
Ep1 Iter 2100/21164 L=0.3467 cls=0.110 er=0.0088 ecr=0.1674 (2.0 im/s)
Ep1 Iter 2200/21164 L=0.3226 cls=0.169 er=0.0094 ecr=0.2587 (2.0 im/s)
Ep1 Iter 2300/21164 L=0.3325 cls=0.183 er=0.0099 ecr=0.1782 (2.0 im/s)
Ep1 Iter 2400/21164 L=0.3151 cls=0.074 er=0.0089 ecr=0.1523 (2.0 im/s)
Ep1 Iter 2500/21164 L=0.3383 cls=0.216 er=0.0096 ecr=0.1598 (2.0 im/s)
Ep1 Iter 2600/21164 L=0.3343 cls=0.396 er=0.0101 ecr=0.2594 (2.0 im/s)
Ep1 Iter 2700/21164 L=0.3418 cls=0.113 er=0.0096 ecr=0.1490 (2.0 im/s)
Ep1 Iter 2800/21164 L=0.3269 cls=0.091 er=0.0070 ecr=0.1343 (2.0 im/s)
Ep1 Iter 2900/21164 L=0.3275 cls=0.108 er=0.0098 ecr=0.1632 (2.0 im/s)
Ep1 Iter 3000/21164 L=0.3201 cls=0.124 er=0.0062 ecr=0.1630 (2.0 im/s)
Ep1 Iter 3100/21164 L=0.3278 cls=0.143 er=0.0104 ecr=0.1858 (2.0 im/s)
Ep1 Iter 3200/21164 L=0.3120 cls=0.309 er=0.0167 ecr=0.2463 (2.0 im/s)
Ep1 Iter 3300/21164 L=0.3284 cls=0.100 er=0.0047 ecr=0.1251 (2.0 im/s)
Ep1 Iter 3400/21164 L=0.3152 cls=0.090 er=0.0062 ecr=0.1177 (2.0 im/s)
Ep1 Iter 3500/21164 L=0.3186 cls=0.105 er=0.0038 ecr=0.1853 (2.0 im/s)
Ep1 Iter 3600/21164 L=0.3102 cls=0.243 er=0.0063 ecr=0.1548 (2.0 im/s)
Ep1 Iter 3700/21164 L=0.3069 cls=0.095 er=0.0081 ecr=0.1036 (2.0 im/s)
Ep1 Iter 3800/21164 L=0.3032 cls=0.139 er=0.0040 ecr=0.1210 (2.0 im/s)
Ep1 Iter 3900/21164 L=0.3165 cls=0.136 er=0.0112 ecr=0.2306 (2.0 im/s)
Ep1 Iter 4000/21164 L=0.2940 cls=0.210 er=0.0105 ecr=0.2671 (2.0 im/s)
Ep1 Iter 4100/21164 L=0.3049 cls=0.065 er=0.0061 ecr=0.0833 (2.0 im/s)
Ep1 Iter 4200/21164 L=0.3209 cls=0.117 er=0.0099 ecr=0.1902 (2.1 im/s)
Ep1 Iter 4300/21164 L=0.3013 cls=0.165 er=0.0037 ecr=0.0997 (2.1 im/s)
Ep1 Iter 4400/21164 L=0.2949 cls=0.168 er=0.0077 ecr=0.1516 (2.1 im/s)
Ep1 Iter 4500/21164 L=0.3214 cls=0.147 er=0.0133 ecr=0.2718 (2.1 im/s)
Ep1 Iter 4600/21164 L=0.3100 cls=0.156 er=0.0076 ecr=0.2305 (2.1 im/s)
Ep1 Iter 4700/21164 L=0.3032 cls=0.251 er=0.0065 ecr=0.2023 (2.1 im/s)
Ep1 Iter 4800/21164 L=0.2938 cls=0.119 er=0.0065 ecr=0.1590 (2.1 im/s)
Ep1 Iter 4900/21164 L=0.2782 cls=0.086 er=0.0035 ecr=0.0871 (2.1 im/s)
Ep1 Iter 5000/21164 L=0.2944 cls=0.139 er=0.0042 ecr=0.1336 (2.1 im/s)
Ep1 Iter 5100/21164 L=0.3119 cls=0.212 er=0.0092 ecr=0.2127 (2.1 im/s)
Ep1 Iter 5200/21164 L=0.3071 cls=0.139 er=0.0077 ecr=0.1615 (2.1 im/s)

=== Epoch 1 Complete ===
  Checkpoint saved: finetune_spfr_s2_ep1.pth
Ep2 Iter 5300/21164 L=0.3026 cls=0.057 er=0.0047 ecr=0.1013 SPFR=0.0212(intra=0.1127 inter=0.3784) ratio=0.374 (0.0 im/s)
Ep2 Iter 5400/21164 L=0.3088 cls=0.070 er=0.0074 ecr=0.1556 SPFR=0.0241(intra=0.1193 inter=0.4335) ratio=0.343 (0.0 im/s)
Ep2 Iter 5500/21164 L=0.3137 cls=0.068 er=0.0062 ecr=0.1148 SPFR=0.0219(intra=0.0958 inter=0.3999) ratio=0.321 (0.1 im/s)
Ep2 Iter 5600/21164 L=0.2917 cls=0.077 er=0.0085 ecr=0.1563 SPFR=0.0173(intra=0.1157 inter=0.2997) ratio=0.224 (0.1 im/s)
Ep2 Iter 5700/21164 L=0.2984 cls=0.119 er=0.0065 ecr=0.1268 SPFR=0.0237(intra=0.1115 inter=0.4299) ratio=0.200 (0.1 im/s)
Ep2 Iter 5800/21164 L=0.3052 cls=0.073 er=0.0042 ecr=0.0756 SPFR=0.0216(intra=0.0960 inter=0.3945) ratio=0.295 (0.2 im/s)
Ep2 Iter 5900/21164 L=0.2822 cls=0.134 er=0.0095 ecr=0.1671 SPFR=0.0213(intra=0.0927 inter=0.3887) ratio=0.159 (0.2 im/s)
Ep2 Iter 6000/21164 L=0.3029 cls=0.128 er=0.0021 ecr=0.2024 SPFR=0.0112(intra=0.0486 inter=0.2055) ratio=0.088 (0.2 im/s)
Ep2 Iter 6100/21164 L=0.3063 cls=0.090 er=0.0065 ecr=0.1639 SPFR=0.0237(intra=0.1084 inter=0.4297) ratio=0.264 (0.3 im/s)
Ep2 Iter 6200/21164 L=0.3016 cls=0.176 er=0.0077 ecr=0.1500 SPFR=0.0269(intra=0.1239 inter=0.4888) ratio=0.153 (0.3 im/s)
Ep2 Iter 6300/21164 L=0.2896 cls=0.077 er=0.0067 ecr=0.1565 SPFR=0.0226(intra=0.1075 inter=0.4088) ratio=0.293 (0.3 im/s)
Ep2 Iter 6400/21164 L=0.2828 cls=0.122 er=0.0046 ecr=0.1544 SPFR=0.0227(intra=0.1146 inter=0.4074) ratio=0.186 (0.3 im/s)
Ep2 Iter 6500/21164 L=0.2980 cls=0.069 er=0.0055 ecr=0.0886 SPFR=0.0183(intra=0.0966 inter=0.3283) ratio=0.265 (0.3 im/s)
Ep2 Iter 6600/21164 L=0.3121 cls=0.084 er=0.0088 ecr=0.1604 SPFR=0.0217(intra=0.1108 inter=0.3905) ratio=0.258 (0.4 im/s)
Ep2 Iter 6700/21164 L=0.2962 cls=0.107 er=0.0065 ecr=0.1580 SPFR=0.0169(intra=0.1200 inter=0.2891) ratio=0.158 (0.4 im/s)
Ep2 Iter 6800/21164 L=0.2857 cls=0.187 er=0.0060 ecr=0.1872 SPFR=0.0251(intra=0.1009 inter=0.4616) ratio=0.134 (0.4 im/s)
Ep2 Iter 6900/21164 L=0.3021 cls=0.137 er=0.0052 ecr=0.0961 SPFR=0.0191(intra=0.0996 inter=0.3418) ratio=0.140 (0.4 im/s)
Ep2 Iter 7000/21164 L=0.2923 cls=0.269 er=0.0097 ecr=0.2224 SPFR=0.0189(intra=0.1049 inter=0.3356) ratio=0.070 (0.4 im/s)
Ep2 Iter 7100/21164 L=0.2893 cls=0.066 er=0.0054 ecr=0.1242 SPFR=0.0230(intra=0.0941 inter=0.4232) ratio=0.350 (0.5 im/s)
Ep2 Iter 7200/21164 L=0.2856 cls=0.224 er=0.0053 ecr=0.1280 SPFR=0.0225(intra=0.0956 inter=0.4120) ratio=0.101 (0.5 im/s)
Ep2 Iter 7300/21164 L=0.2950 cls=0.129 er=0.0040 ecr=0.0813 SPFR=0.0193(intra=0.1157 inter=0.3403) ratio=0.149 (0.5 im/s)
Ep2 Iter 7400/21164 L=0.2982 cls=0.097 er=0.0051 ecr=0.0938 SPFR=0.0196(intra=0.0984 inter=0.3521) ratio=0.202 (0.5 im/s)
Ep2 Iter 7500/21164 L=0.2908 cls=0.087 er=0.0077 ecr=0.1645 SPFR=0.0223(intra=0.1124 inter=0.4020) ratio=0.258 (0.5 im/s)
Ep2 Iter 7600/21164 L=0.2830 cls=0.198 er=0.0099 ecr=0.1662 SPFR=0.0164(intra=0.1006 inter=0.2878) ratio=0.083 (0.5 im/s)
Ep2 Iter 7700/21164 L=0.2624 cls=0.113 er=0.0100 ecr=0.1359 SPFR=0.0167(intra=0.0894 inter=0.2990) ratio=0.148 (0.6 im/s)
Ep2 Iter 7800/21164 L=0.2839 cls=0.282 er=0.0084 ecr=0.1414 SPFR=0.0178(intra=0.1122 inter=0.3102) ratio=0.063 (0.6 im/s)
Ep2 Iter 7900/21164 L=0.2792 cls=0.229 er=0.0071 ecr=0.1812 SPFR=0.0256(intra=0.0982 inter=0.4736) ratio=0.112 (0.6 im/s)
Ep2 Iter 8000/21164 L=0.2890 cls=0.066 er=0.0095 ecr=0.1478 SPFR=0.0248(intra=0.0972 inter=0.4569) ratio=0.373 (0.6 im/s)
Ep2 Iter 8100/21164 L=0.2784 cls=0.155 er=0.0087 ecr=0.1748 SPFR=0.0243(intra=0.0990 inter=0.4471) ratio=0.157 (0.6 im/s)
Ep2 Iter 8200/21164 L=0.2667 cls=0.063 er=0.0075 ecr=0.1118 SPFR=0.0108(intra=0.0590 inter=0.1932) ratio=0.172 (0.6 im/s)
Ep2 Iter 8300/21164 L=0.2862 cls=0.284 er=0.0112 ecr=0.2886 SPFR=0.0181(intra=0.1269 inter=0.3104) ratio=0.064 (0.6 im/s)
Ep2 Iter 8400/21164 L=0.2767 cls=0.073 er=0.0092 ecr=0.1624 SPFR=0.0193(intra=0.0942 inter=0.3491) ratio=0.266 (0.6 im/s)
Ep2 Iter 8500/21164 L=0.2718 cls=0.098 er=0.0018 ecr=0.0562 SPFR=0.0250(intra=0.1015 inter=0.4597) ratio=0.255 (0.6 im/s)
Ep2 Iter 8600/21164 L=0.2663 cls=0.167 er=0.0100 ecr=0.1964 SPFR=0.0213(intra=0.0948 inter=0.3880) ratio=0.128 (0.7 im/s)
Ep2 Iter 8700/21164 L=0.2869 cls=0.057 er=0.0061 ecr=0.1193 SPFR=0.0206(intra=0.0892 inter=0.3755) ratio=0.361 (0.7 im/s)
Ep2 Iter 8800/21164 L=0.2888 cls=0.064 er=0.0069 ecr=0.1345 SPFR=0.0212(intra=0.1128 inter=0.3781) ratio=0.331 (0.7 im/s)
Ep2 Iter 8900/21164 L=0.2772 cls=0.063 er=0.0052 ecr=0.1176 SPFR=0.0256(intra=0.1023 inter=0.4703) ratio=0.408 (0.7 im/s)
Ep2 Iter 9000/21164 L=0.2722 cls=0.129 er=0.0064 ecr=0.1606 SPFR=0.0192(intra=0.0985 inter=0.3453) ratio=0.149 (0.7 im/s)
Ep2 Iter 9100/21164 L=0.2685 cls=0.061 er=0.0036 ecr=0.0606 SPFR=0.0228(intra=0.0955 inter=0.4180) ratio=0.377 (0.7 im/s)
Ep2 Iter 9200/21164 L=0.2783 cls=0.132 er=0.0057 ecr=0.1050 SPFR=0.0160(intra=0.1187 inter=0.2720) ratio=0.121 (0.7 im/s)
Ep2 Iter 9300/21164 L=0.2557 cls=0.089 er=0.0078 ecr=0.1349 SPFR=0.0244(intra=0.1085 inter=0.4445) ratio=0.275 (0.7 im/s)
Ep2 Iter 9400/21164 L=0.2684 cls=0.358 er=0.0112 ecr=0.2110 SPFR=0.0205(intra=0.1070 inter=0.3669) ratio=0.057 (0.7 im/s)
Ep2 Iter 9500/21164 L=0.2702 cls=0.087 er=0.0090 ecr=0.1917 SPFR=0.0204(intra=0.0967 inter=0.3687) ratio=0.234 (0.7 im/s)
Ep2 Iter 9600/21164 L=0.2706 cls=0.113 er=0.0074 ecr=0.1159 SPFR=0.0162(intra=0.1088 inter=0.2814) ratio=0.143 (0.7 im/s)
Ep2 Iter 9700/21164 L=0.2602 cls=0.085 er=0.0079 ecr=0.1180 SPFR=0.0209(intra=0.0985 inter=0.3790) ratio=0.247 (0.8 im/s)
Ep2 Iter 9800/21164 L=0.2740 cls=0.168 er=0.0027 ecr=0.0943 SPFR=0.0203(intra=0.0995 inter=0.3667) ratio=0.121 (0.8 im/s)
Ep2 Iter 9900/21164 L=0.2563 cls=0.138 er=0.0097 ecr=0.2013 SPFR=0.0210(intra=0.1121 inter=0.3746) ratio=0.152 (0.8 im/s)
Ep2 Iter10000/21164 L=0.2730 cls=0.108 er=0.0126 ecr=0.2022 SPFR=0.0241(intra=0.1044 inter=0.4412) ratio=0.223 (0.8 im/s)
Ep2 Iter10100/21164 L=0.2588 cls=0.038 er=0.0062 ecr=0.0998 SPFR=0.0269(intra=0.1016 inter=0.4969) ratio=0.698 (0.8 im/s)
Ep2 Iter10200/21164 L=0.2709 cls=0.085 er=0.0076 ecr=0.1371 SPFR=0.0211(intra=0.0868 inter=0.3875) ratio=0.249 (0.8 im/s)
Ep2 Iter10300/21164 L=0.2698 cls=0.152 er=0.0064 ecr=0.1648 SPFR=0.0250(intra=0.1015 inter=0.4599) ratio=0.165 (0.8 im/s)
Ep2 Iter10400/21164 L=0.2608 cls=0.076 er=0.0060 ecr=0.1185 SPFR=0.0207(intra=0.1123 inter=0.3700) ratio=0.274 (0.8 im/s)
Ep2 Iter10500/21164 L=0.2702 cls=0.036 er=0.0052 ecr=0.0995 SPFR=0.0187(intra=0.0932 inter=0.3359) ratio=0.515 (0.8 im/s)

=== Epoch 2 Complete ===
  SPFR avg: 0.0203 (intra=0.1006, inter=0.3662)
  Checkpoint saved: finetune_spfr_s2_ep2.pth
Ep3 Iter10600/21164 L=0.2586 cls=0.141 er=0.0040 ecr=0.0978 SPFR=0.0219(intra=0.1057 inter=0.3965) ratio=0.156 (0.0 im/s)
Ep3 Iter10700/21164 L=0.2713 cls=0.090 er=0.0062 ecr=0.0982 SPFR=0.0178(intra=0.1082 inter=0.3132) ratio=0.198 (0.0 im/s)
Ep3 Iter10800/21164 L=0.2691 cls=0.083 er=0.0067 ecr=0.1621 SPFR=0.0211(intra=0.0933 inter=0.3844) ratio=0.253 (0.0 im/s)
Ep3 Iter10900/21164 L=0.2609 cls=0.177 er=0.0083 ecr=0.1992 SPFR=0.0203(intra=0.1065 inter=0.3639) ratio=0.115 (0.0 im/s)
Ep3 Iter11000/21164 L=0.2727 cls=0.081 er=0.0083 ecr=0.1551 SPFR=0.0202(intra=0.1158 inter=0.3578) ratio=0.248 (0.1 im/s)
Ep3 Iter11100/21164 L=0.2662 cls=0.085 er=0.0041 ecr=0.0885 SPFR=0.0241(intra=0.1032 inter=0.4402) ratio=0.282 (0.1 im/s)
Ep3 Iter11200/21164 L=0.2563 cls=0.042 er=0.0048 ecr=0.0848 SPFR=0.0209(intra=0.0970 inter=0.3796) ratio=0.501 (0.1 im/s)
Ep3 Iter11300/21164 L=0.2426 cls=0.106 er=0.0022 ecr=0.0617 SPFR=0.0157(intra=0.1087 inter=0.2700) ratio=0.147 (0.1 im/s)
Ep3 Iter11400/21164 L=0.2665 cls=0.045 er=0.0079 ecr=0.1250 SPFR=0.0165(intra=0.0925 inter=0.2933) ratio=0.371 (0.1 im/s)
Ep3 Iter11500/21164 L=0.2629 cls=0.154 er=0.0110 ecr=0.2203 SPFR=0.0219(intra=0.0882 inter=0.4026) ratio=0.142 (0.1 im/s)
Ep3 Iter11600/21164 L=0.2581 cls=0.049 er=0.0049 ecr=0.0812 SPFR=0.0177(intra=0.1083 inter=0.3114) ratio=0.361 (0.1 im/s)
Ep3 Iter11700/21164 L=0.2577 cls=0.112 er=0.0073 ecr=0.1072 SPFR=0.0213(intra=0.0963 inter=0.3878) ratio=0.190 (0.2 im/s)
Ep3 Iter11800/21164 L=0.2774 cls=0.050 er=0.0050 ecr=0.1280 SPFR=0.0225(intra=0.1084 inter=0.4058) ratio=0.451 (0.2 im/s)
Ep3 Iter11900/21164 L=0.2638 cls=0.178 er=0.0105 ecr=0.1847 SPFR=0.0269(intra=0.0941 inter=0.4997) ratio=0.151 (0.2 im/s)
Ep3 Iter12000/21164 L=0.2667 cls=0.044 er=0.0044 ecr=0.0845 SPFR=0.0192(intra=0.0879 inter=0.3489) ratio=0.435 (0.2 im/s)
Ep3 Iter12100/21164 L=0.2599 cls=0.200 er=0.0058 ecr=0.1766 SPFR=0.0183(intra=0.1138 inter=0.3211) ratio=0.092 (0.2 im/s)
Ep3 Iter12200/21164 L=0.2642 cls=0.247 er=0.0075 ecr=0.1767 SPFR=0.0229(intra=0.0986 inter=0.4183) ratio=0.093 (0.2 im/s)
Ep3 Iter12300/21164 L=0.2617 cls=0.078 er=0.0060 ecr=0.1046 SPFR=0.0195(intra=0.1033 inter=0.3491) ratio=0.249 (0.2 im/s)
Ep3 Iter12400/21164 L=0.2439 cls=0.097 er=0.0061 ecr=0.1287 SPFR=0.0217(intra=0.0771 inter=0.4031) ratio=0.223 (0.2 im/s)
Ep3 Iter12500/21164 L=0.2599 cls=0.190 er=0.0104 ecr=0.2197 SPFR=0.0183(intra=0.0973 inter=0.3269) ratio=0.096 (0.2 im/s)
Ep3 Iter12600/21164 L=0.2672 cls=0.147 er=0.0058 ecr=0.1903 SPFR=0.0234(intra=0.0984 inter=0.4284) ratio=0.160 (0.3 im/s)
Ep3 Iter12700/21164 L=0.2498 cls=0.067 er=0.0041 ecr=0.0991 SPFR=0.0221(intra=0.1045 inter=0.3996) ratio=0.331 (0.3 im/s)
Ep3 Iter12800/21164 L=0.2638 cls=0.138 er=0.0038 ecr=0.0716 SPFR=0.0097(intra=0.0534 inter=0.1734) ratio=0.070 (0.3 im/s)
Ep3 Iter12900/21164 L=0.2777 cls=0.163 er=0.0085 ecr=0.1604 SPFR=0.0269(intra=0.0986 inter=0.4985) ratio=0.165 (0.3 im/s)
Ep3 Iter13000/21164 L=0.2651 cls=0.125 er=0.0068 ecr=0.1049 SPFR=0.0215(intra=0.1131 inter=0.3844) ratio=0.172 (0.3 im/s)
Ep3 Iter13100/21164 L=0.2601 cls=0.047 er=0.0041 ecr=0.1047 SPFR=0.0234(intra=0.1087 inter=0.4240) ratio=0.501 (0.3 im/s)
Ep3 Iter13200/21164 L=0.2470 cls=0.121 er=0.0075 ecr=0.1663 SPFR=0.0185(intra=0.1047 inter=0.3286) ratio=0.153 (0.3 im/s)
Ep3 Iter13300/21164 L=0.2511 cls=0.284 er=0.0103 ecr=0.1774 SPFR=0.0190(intra=0.1030 inter=0.3386) ratio=0.067 (0.3 im/s)
Ep3 Iter13400/21164 L=0.2342 cls=0.153 er=0.0093 ecr=0.1821 SPFR=0.0139(intra=0.0930 inter=0.2410) ratio=0.091 (0.3 im/s)
Ep3 Iter13500/21164 L=0.2511 cls=0.091 er=0.0089 ecr=0.2126 SPFR=0.0223(intra=0.1013 inter=0.4056) ratio=0.245 (0.3 im/s)
Ep3 Iter13600/21164 L=0.2567 cls=0.259 er=0.0041 ecr=0.0825 SPFR=0.0247(intra=0.1161 inter=0.4479) ratio=0.095 (0.3 im/s)
Ep3 Iter13700/21164 L=0.2545 cls=0.100 er=0.0053 ecr=0.1210 SPFR=0.0204(intra=0.1220 inter=0.3585) ratio=0.203 (0.4 im/s)
Ep3 Iter13800/21164 L=0.2607 cls=0.054 er=0.0090 ecr=0.1481 SPFR=0.0189(intra=0.1066 inter=0.3356) ratio=0.353 (0.4 im/s)
Ep3 Iter13900/21164 L=0.2695 cls=0.163 er=0.0076 ecr=0.1521 SPFR=0.0122(intra=0.0940 inter=0.2069) ratio=0.075 (0.4 im/s)
Ep3 Iter14000/21164 L=0.2632 cls=0.240 er=0.0100 ecr=0.1836 SPFR=0.0214(intra=0.1069 inter=0.3848) ratio=0.089 (0.4 im/s)
Ep3 Iter14100/21164 L=0.2701 cls=0.083 er=0.0052 ecr=0.0890 SPFR=0.0221(intra=0.0893 inter=0.4058) ratio=0.266 (0.4 im/s)
Ep3 Iter14200/21164 L=0.2675 cls=0.122 er=0.0039 ecr=0.0909 SPFR=0.0069(intra=0.0509 inter=0.1172) ratio=0.056 (0.4 im/s)
Ep3 Iter14300/21164 L=0.2571 cls=0.053 er=0.0048 ecr=0.1329 SPFR=0.0206(intra=0.1068 inter=0.3687) ratio=0.385 (0.4 im/s)
Ep3 Iter14400/21164 L=0.2622 cls=0.081 er=0.0057 ecr=0.0939 SPFR=0.0078(intra=0.0511 inter=0.1351) ratio=0.096 (0.4 im/s)
Ep3 Iter14500/21164 L=0.2654 cls=0.044 er=0.0044 ecr=0.0982 SPFR=0.0250(intra=0.0971 inter=0.4605) ratio=0.565 (0.4 im/s)
Ep3 Iter14600/21164 L=0.2556 cls=0.047 er=0.0025 ecr=0.0529 SPFR=0.0198(intra=0.0933 inter=0.3580) ratio=0.425 (0.4 im/s)
Ep3 Iter14700/21164 L=0.2458 cls=0.073 er=0.0053 ecr=0.0937 SPFR=0.0210(intra=0.0870 inter=0.3845) ratio=0.288 (0.4 im/s)
Ep3 Iter14800/21164 L=0.2566 cls=0.224 er=0.0089 ecr=0.1289 SPFR=0.0205(intra=0.1032 inter=0.3688) ratio=0.091 (0.4 im/s)
Ep3 Iter14900/21164 L=0.2437 cls=0.059 er=0.0065 ecr=0.1001 SPFR=0.0192(intra=0.1015 inter=0.3427) ratio=0.323 (0.4 im/s)
Ep3 Iter15000/21164 L=0.2382 cls=0.038 er=0.0033 ecr=0.0614 SPFR=0.0157(intra=0.1051 inter=0.2710) ratio=0.407 (0.5 im/s)
Ep3 Iter15100/21164 L=0.2454 cls=0.074 er=0.0077 ecr=0.1345 SPFR=0.0191(intra=0.0892 inter=0.3458) ratio=0.257 (0.5 im/s)
Ep3 Iter15200/21164 L=0.2578 cls=0.062 er=0.0057 ecr=0.1174 SPFR=0.0203(intra=0.0828 inter=0.3736) ratio=0.330 (0.5 im/s)
Ep3 Iter15300/21164 L=0.2652 cls=0.051 er=0.0067 ecr=0.1129 SPFR=0.0167(intra=0.0961 inter=0.2958) ratio=0.325 (0.5 im/s)
Ep3 Iter15400/21164 L=0.2630 cls=0.087 er=0.0069 ecr=0.1563 SPFR=0.0208(intra=0.0995 inter=0.3762) ratio=0.240 (0.5 im/s)
Ep3 Iter15500/21164 L=0.2430 cls=0.166 er=0.0085 ecr=0.2284 SPFR=0.0156(intra=0.0868 inter=0.2766) ratio=0.094 (0.5 im/s)
Ep3 Iter15600/21164 L=0.2454 cls=0.199 er=0.0109 ecr=0.2545 SPFR=0.0196(intra=0.0866 inter=0.3577) ratio=0.099 (0.5 im/s)
Ep3 Iter15700/21164 L=0.2535 cls=0.099 er=0.0035 ecr=0.1087 SPFR=0.0224(intra=0.0958 inter=0.4101) ratio=0.226 (0.5 im/s)
Ep3 Iter15800/21164 L=0.2174 cls=0.061 er=0.0059 ecr=0.1087 SPFR=0.0223(intra=0.0880 inter=0.4112) ratio=0.366 (0.5 im/s)

=== Epoch 3 Complete ===
  SPFR avg: 0.0198 (intra=0.0966, inter=0.3572)
  Checkpoint saved: finetune_spfr_s2_ep3.pth
Ep4 Iter15900/21164 L=0.2625 cls=0.212 er=0.0087 ecr=0.1777 SPFR=0.0212(intra=0.1023 inter=0.3824) ratio=0.100 (0.0 im/s)
Ep4 Iter16000/21164 L=0.2397 cls=0.062 er=0.0039 ecr=0.0921 SPFR=0.0166(intra=0.0903 inter=0.2964) ratio=0.267 (0.0 im/s)
Ep4 Iter16100/21164 L=0.2500 cls=0.064 er=0.0034 ecr=0.0906 SPFR=0.0126(intra=0.0878 inter=0.2161) ratio=0.195 (0.0 im/s)
Ep4 Iter16200/21164 L=0.2423 cls=0.090 er=0.0066 ecr=0.1123 SPFR=0.0209(intra=0.1040 inter=0.3755) ratio=0.231 (0.0 im/s)
Ep4 Iter16300/21164 L=0.2430 cls=0.151 er=0.0093 ecr=0.1860 SPFR=0.0210(intra=0.0996 inter=0.3810) ratio=0.139 (0.0 im/s)
Ep4 Iter16400/21164 L=0.2503 cls=0.053 er=0.0055 ecr=0.1302 SPFR=0.0226(intra=0.0991 inter=0.4124) ratio=0.423 (0.0 im/s)
Ep4 Iter16500/21164 L=0.2459 cls=0.079 er=0.0035 ecr=0.0779 SPFR=0.0201(intra=0.0945 inter=0.3633) ratio=0.253 (0.1 im/s)
Ep4 Iter16600/21164 L=0.2489 cls=0.170 er=0.0067 ecr=0.2132 SPFR=0.0157(intra=0.1043 inter=0.2724) ratio=0.093 (0.1 im/s)
Ep4 Iter16700/21164 L=0.2457 cls=0.052 er=0.0050 ecr=0.0902 SPFR=0.0244(intra=0.0915 inter=0.4523) ratio=0.468 (0.1 im/s)
Ep4 Iter16800/21164 L=0.2510 cls=0.106 er=0.0064 ecr=0.1608 SPFR=0.0224(intra=0.1177 inter=0.4002) ratio=0.211 (0.1 im/s)
Ep4 Iter16900/21164 L=0.2411 cls=0.088 er=0.0075 ecr=0.1188 SPFR=0.0188(intra=0.0933 inter=0.3395) ratio=0.214 (0.1 im/s)
Ep4 Iter17000/21164 L=0.2353 cls=0.196 er=0.0083 ecr=0.1646 SPFR=0.0202(intra=0.0902 inter=0.3671) ratio=0.103 (0.1 im/s)
Ep4 Iter17100/21164 L=0.2424 cls=0.091 er=0.0081 ecr=0.1196 SPFR=0.0216(intra=0.0954 inter=0.3934) ratio=0.238 (0.1 im/s)
Ep4 Iter17200/21164 L=0.2515 cls=0.114 er=0.0033 ecr=0.0764 SPFR=0.0191(intra=0.0997 inter=0.3422) ratio=0.167 (0.1 im/s)
Ep4 Iter17300/21164 L=0.2553 cls=0.148 er=0.0065 ecr=0.1461 SPFR=0.0199(intra=0.0962 inter=0.3602) ratio=0.135 (0.1 im/s)
Ep4 Iter17400/21164 L=0.2391 cls=0.110 er=0.0120 ecr=0.2012 SPFR=0.0245(intra=0.1009 inter=0.4499) ratio=0.224 (0.1 im/s)
Ep4 Iter17500/21164 L=0.2372 cls=0.094 er=0.0046 ecr=0.1036 SPFR=0.0190(intra=0.1112 inter=0.3363) ratio=0.202 (0.1 im/s)
Ep4 Iter17600/21164 L=0.2530 cls=0.236 er=0.0069 ecr=0.1749 SPFR=0.0226(intra=0.0917 inter=0.4152) ratio=0.096 (0.1 im/s)
Ep4 Iter17700/21164 L=0.2536 cls=0.071 er=0.0071 ecr=0.1695 SPFR=0.0221(intra=0.0984 inter=0.4031) ratio=0.313 (0.2 im/s)
Ep4 Iter17800/21164 L=0.2565 cls=0.048 er=0.0073 ecr=0.1199 SPFR=0.0246(intra=0.0964 inter=0.4525) ratio=0.510 (0.2 im/s)
Ep4 Iter17900/21164 L=0.2437 cls=0.032 er=0.0027 ecr=0.0549 SPFR=0.0199(intra=0.0961 inter=0.3595) ratio=0.631 (0.2 im/s)
Ep4 Iter18000/21164 L=0.2422 cls=0.134 er=0.0072 ecr=0.1370 SPFR=0.0196(intra=0.0905 inter=0.3552) ratio=0.146 (0.2 im/s)
Ep4 Iter18100/21164 L=0.2475 cls=0.070 er=0.0086 ecr=0.1287 SPFR=0.0252(intra=0.0977 inter=0.4655) ratio=0.363 (0.2 im/s)
Ep4 Iter18200/21164 L=0.2352 cls=0.034 er=0.0043 ecr=0.0745 SPFR=0.0216(intra=0.0995 inter=0.3920) ratio=0.626 (0.2 im/s)
Ep4 Iter18300/21164 L=0.2463 cls=0.049 er=0.0055 ecr=0.1087 SPFR=0.0147(intra=0.0927 inter=0.2569) ratio=0.297 (0.2 im/s)
Ep4 Iter18400/21164 L=0.2446 cls=0.083 er=0.0080 ecr=0.1447 SPFR=0.0170(intra=0.1003 inter=0.3006) ratio=0.205 (0.2 im/s)
Ep4 Iter18500/21164 L=0.2318 cls=0.162 er=0.0064 ecr=0.1174 SPFR=0.0196(intra=0.1108 inter=0.3472) ratio=0.121 (0.2 im/s)
Ep4 Iter18600/21164 L=0.2448 cls=0.072 er=0.0027 ecr=0.0687 SPFR=0.0178(intra=0.0869 inter=0.3220) ratio=0.249 (0.2 im/s)
Ep4 Iter18700/21164 L=0.2525 cls=0.106 er=0.0056 ecr=0.0834 SPFR=0.0195(intra=0.1055 inter=0.3485) ratio=0.183 (0.2 im/s)
Ep4 Iter18800/21164 L=0.2591 cls=0.083 er=0.0067 ecr=0.1079 SPFR=0.0205(intra=0.0877 inter=0.3744) ratio=0.246 (0.2 im/s)
Ep4 Iter18900/21164 L=0.2387 cls=0.118 er=0.0059 ecr=0.1246 SPFR=0.0195(intra=0.0909 inter=0.3533) ratio=0.166 (0.2 im/s)
Ep4 Iter19000/21164 L=0.2398 cls=0.149 er=0.0081 ecr=0.2010 SPFR=0.0236(intra=0.0903 inter=0.4350) ratio=0.158 (0.2 im/s)
Ep4 Iter19100/21164 L=0.2305 cls=0.074 er=0.0070 ecr=0.1304 SPFR=0.0203(intra=0.0814 inter=0.3731) ratio=0.274 (0.3 im/s)
Ep4 Iter19200/21164 L=0.2434 cls=0.072 er=0.0061 ecr=0.0925 SPFR=0.0218(intra=0.0879 inter=0.4013) ratio=0.305 (0.3 im/s)
Ep4 Iter19300/21164 L=0.2384 cls=0.123 er=0.0062 ecr=0.1543 SPFR=0.0191(intra=0.0991 inter=0.3419) ratio=0.155 (0.3 im/s)
Ep4 Iter19400/21164 L=0.2498 cls=0.202 er=0.0056 ecr=0.1948 SPFR=0.0205(intra=0.0898 inter=0.3745) ratio=0.102 (0.3 im/s)
Ep4 Iter19500/21164 L=0.2486 cls=0.103 er=0.0132 ecr=0.2324 SPFR=0.0241(intra=0.1037 inter=0.4397) ratio=0.234 (0.3 im/s)
Ep4 Iter19600/21164 L=0.2550 cls=0.146 er=0.0038 ecr=0.1317 SPFR=0.0217(intra=0.1014 inter=0.3944) ratio=0.149 (0.3 im/s)
Ep4 Iter19700/21164 L=0.2358 cls=0.133 er=0.0050 ecr=0.1078 SPFR=0.0181(intra=0.1023 inter=0.3220) ratio=0.137 (0.3 im/s)
Ep4 Iter19800/21164 L=0.2207 cls=0.079 er=0.0072 ecr=0.1103 SPFR=0.0196(intra=0.0991 inter=0.3529) ratio=0.247 (0.3 im/s)
Ep4 Iter19900/21164 L=0.2613 cls=0.151 er=0.0134 ecr=0.2190 SPFR=0.0199(intra=0.0931 inter=0.3615) ratio=0.132 (0.3 im/s)
Ep4 Iter20000/21164 L=0.2475 cls=0.078 er=0.0082 ecr=0.1711 SPFR=0.0191(intra=0.0913 inter=0.3446) ratio=0.243 (0.3 im/s)
Ep4 Iter20100/21164 L=0.2520 cls=0.200 er=0.0112 ecr=0.2152 SPFR=0.0201(intra=0.1025 inter=0.3603) ratio=0.100 (0.3 im/s)
Ep4 Iter20200/21164 L=0.2479 cls=0.101 er=0.0065 ecr=0.1354 SPFR=0.0184(intra=0.0816 inter=0.3352) ratio=0.182 (0.3 im/s)
Ep4 Iter20300/21164 L=0.2296 cls=0.036 er=0.0030 ecr=0.0520 SPFR=0.0241(intra=0.0875 inter=0.4475) ratio=0.672 (0.3 im/s)
Ep4 Iter20400/21164 L=0.2584 cls=0.104 er=0.0087 ecr=0.1959 SPFR=0.0236(intra=0.0833 inter=0.4395) ratio=0.226 (0.3 im/s)
Ep4 Iter20500/21164 L=0.2382 cls=0.041 er=0.0068 ecr=0.1115 SPFR=0.0177(intra=0.0929 inter=0.3172) ratio=0.431 (0.3 im/s)
Ep4 Iter20600/21164 L=0.2626 cls=0.135 er=0.0105 ecr=0.1573 SPFR=0.0264(intra=0.0951 inter=0.4894) ratio=0.196 (0.3 im/s)
Ep4 Iter20700/21164 L=0.2522 cls=0.074 er=0.0088 ecr=0.1530 SPFR=0.0213(intra=0.1076 inter=0.3829) ratio=0.287 (0.3 im/s)
Ep4 Iter20800/21164 L=0.2408 cls=0.101 er=0.0084 ecr=0.1247 SPFR=0.0171(intra=0.1052 inter=0.2999) ratio=0.170 (0.3 im/s)
Ep4 Iter20900/21164 L=0.2333 cls=0.276 er=0.0046 ecr=0.1901 SPFR=0.0148(intra=0.1056 inter=0.2540) ratio=0.054 (0.4 im/s)
Ep4 Iter21000/21164 L=0.2509 cls=0.023 er=0.0028 ecr=0.0634 SPFR=0.0198(intra=0.1039 inter=0.3552) ratio=0.872 (0.4 im/s)
Ep4 Iter21100/21164 L=0.2629 cls=0.055 er=0.0059 ecr=0.1345 SPFR=0.0198(intra=0.1103 inter=0.3528) ratio=0.360 (0.4 im/s)

=== Epoch 4 Complete ===
  SPFR avg: 0.0194 (intra=0.0947, inter=0.3496)
  Checkpoint saved: finetune_spfr_s2_ep4.pth

Final model: finetune_spfr_s2.pth
Training complete.
