============================================================
  SEAM + SPFR Fine-tuning (Final Params)
============================================================
{'batch_size': 2, 'max_epoches': 4, 'network': 'network.resnet38_SEAM', 'lr': 0.005, 'num_workers': 0, 'wt_dec': 0.0001, 'train_list': 'voc12/train_aug.txt', 'val_list': 'voc12/val.txt', 'session_name': 'finetune_spfr_s1', 'crop_size': 448, 'weights': '../SEAM_model/resnet38_SEAM.pth', 'voc12_root': 'VOC2012', 'tblog_dir': './tblog_finetune', 'seed': 1, 'lambda_spfr': 0.1, 'lambda_intra': 0.02, 'lambda_inter': 0.05, 'spfr_warmup': 1, 'sp_n_segments': 300, 'sp_region_size': 20, 'sp_margin': 1.0, 'sp_threshold': 0.2, 'sp_min_pixels': 10}

Model: 105.4M params

Loading SEAM pretrained weights: ../SEAM_model/resnet38_SEAM.pth
  Weights loaded OK (strict=False)
  Frozen: 0.8M params (['conv1a', 'b2', 'b2_1', 'b2_2'])
  Trainable: 104.5M params

Training: 10582 images, 2 batch, 4 epochs, 21164 steps
  Group 0: lr=0.0050, params=30.5M
  Group 1: lr=0.0100, params=73.7M
  Group 2: lr=0.0250, params=0.3M
  Group 3: lr=0.0250, params=0.0M
Session started:  Sun Aug 23 11:01:51 2026
Ep1 Iter    0/21164 L=0.3446 cls=0.112 er=0.0150 ecr=0.2179 (0.4 im/s)
Ep1 Iter  100/21164 L=0.3482 cls=0.119 er=0.0108 ecr=0.1671 (2.3 im/s)
Ep1 Iter  200/21164 L=0.3637 cls=0.292 er=0.0086 ecr=0.2585 (2.3 im/s)
Ep1 Iter  300/21164 L=0.3693 cls=0.181 er=0.0045 ecr=0.1048 (2.3 im/s)
Ep1 Iter  400/21164 L=0.3550 cls=0.145 er=0.0126 ecr=0.1923 (2.3 im/s)
Ep1 Iter  500/21164 L=0.3775 cls=0.370 er=0.0091 ecr=0.2360 (2.3 im/s)
Ep1 Iter  600/21164 L=0.3486 cls=0.182 er=0.0115 ecr=0.2310 (2.3 im/s)
Ep1 Iter  700/21164 L=0.3661 cls=0.081 er=0.0066 ecr=0.1276 (2.2 im/s)
Ep1 Iter  800/21164 L=0.3356 cls=0.193 er=0.0098 ecr=0.2350 (2.2 im/s)
Ep1 Iter  900/21164 L=0.3461 cls=0.086 er=0.0109 ecr=0.1485 (2.2 im/s)
Ep1 Iter 1000/21164 L=0.3371 cls=0.092 er=0.0106 ecr=0.1827 (2.2 im/s)
Ep1 Iter 1100/21164 L=0.3467 cls=0.248 er=0.0082 ecr=0.1648 (2.2 im/s)
Ep1 Iter 1200/21164 L=0.3268 cls=0.145 er=0.0118 ecr=0.2186 (2.2 im/s)
Ep1 Iter 1300/21164 L=0.3521 cls=0.176 er=0.0072 ecr=0.2125 (2.2 im/s)
Ep1 Iter 1400/21164 L=0.3587 cls=0.095 er=0.0079 ecr=0.1439 (2.2 im/s)
Ep1 Iter 1500/21164 L=0.3299 cls=0.193 er=0.0098 ecr=0.1709 (2.2 im/s)
Ep1 Iter 1600/21164 L=0.3409 cls=0.168 er=0.0090 ecr=0.1904 (2.2 im/s)
Ep1 Iter 1700/21164 L=0.3250 cls=0.176 er=0.0075 ecr=0.2073 (2.2 im/s)
Ep1 Iter 1800/21164 L=0.3229 cls=0.110 er=0.0054 ecr=0.1454 (2.2 im/s)
Ep1 Iter 1900/21164 L=0.3162 cls=0.127 er=0.0053 ecr=0.1356 (2.2 im/s)
Ep1 Iter 2000/21164 L=0.3283 cls=0.143 er=0.0101 ecr=0.1893 (2.2 im/s)
Ep1 Iter 2100/21164 L=0.3251 cls=0.105 er=0.0102 ecr=0.1744 (2.2 im/s)
Ep1 Iter 2200/21164 L=0.3241 cls=0.114 er=0.0072 ecr=0.2040 (2.2 im/s)
Ep1 Iter 2300/21164 L=0.3223 cls=0.242 er=0.0038 ecr=0.0918 (2.2 im/s)
Ep1 Iter 2400/21164 L=0.3429 cls=0.129 er=0.0101 ecr=0.1780 (2.2 im/s)
Ep1 Iter 2500/21164 L=0.3239 cls=0.108 er=0.0096 ecr=0.1957 (2.2 im/s)
Ep1 Iter 2600/21164 L=0.3250 cls=0.093 er=0.0073 ecr=0.1046 (2.2 im/s)
Ep1 Iter 2700/21164 L=0.3141 cls=0.132 er=0.0071 ecr=0.1915 (2.2 im/s)
Ep1 Iter 2800/21164 L=0.3232 cls=0.122 er=0.0055 ecr=0.1393 (2.2 im/s)
Ep1 Iter 2900/21164 L=0.3287 cls=0.182 er=0.0079 ecr=0.2011 (2.1 im/s)
Ep1 Iter 3000/21164 L=0.3115 cls=0.231 er=0.0144 ecr=0.2312 (2.1 im/s)
Ep1 Iter 3100/21164 L=0.3267 cls=0.079 er=0.0078 ecr=0.1423 (2.1 im/s)
Ep1 Iter 3200/21164 L=0.3056 cls=0.244 er=0.0083 ecr=0.2209 (2.1 im/s)
Ep1 Iter 3300/21164 L=0.3135 cls=0.107 er=0.0065 ecr=0.1451 (2.1 im/s)
Ep1 Iter 3400/21164 L=0.3156 cls=0.130 er=0.0073 ecr=0.1187 (2.1 im/s)
Ep1 Iter 3500/21164 L=0.3290 cls=0.092 er=0.0057 ecr=0.1217 (2.1 im/s)
Ep1 Iter 3600/21164 L=0.3034 cls=0.096 er=0.0052 ecr=0.1156 (2.1 im/s)
Ep1 Iter 3700/21164 L=0.3167 cls=0.070 er=0.0107 ecr=0.1318 (2.1 im/s)
Ep1 Iter 3800/21164 L=0.3302 cls=0.161 er=0.0115 ecr=0.2153 (2.1 im/s)
Ep1 Iter 3900/21164 L=0.3003 cls=0.169 er=0.0101 ecr=0.1773 (2.1 im/s)
Ep1 Iter 4000/21164 L=0.3105 cls=0.160 er=0.0112 ecr=0.2053 (2.1 im/s)
Ep1 Iter 4100/21164 L=0.3005 cls=0.041 er=0.0034 ecr=0.0654 (2.1 im/s)
Ep1 Iter 4200/21164 L=0.3101 cls=0.111 er=0.0101 ecr=0.1835 (2.1 im/s)
Ep1 Iter 4300/21164 L=0.3089 cls=0.180 er=0.0064 ecr=0.1900 (2.1 im/s)
Ep1 Iter 4400/21164 L=0.3150 cls=0.062 er=0.0101 ecr=0.1479 (2.1 im/s)
Ep1 Iter 4500/21164 L=0.3040 cls=0.094 er=0.0065 ecr=0.1381 (2.1 im/s)
Ep1 Iter 4600/21164 L=0.3022 cls=0.128 er=0.0089 ecr=0.1396 (2.1 im/s)
Ep1 Iter 4700/21164 L=0.2945 cls=0.138 er=0.0050 ecr=0.0978 (2.1 im/s)
Ep1 Iter 4800/21164 L=0.3006 cls=0.104 er=0.0042 ecr=0.0649 (2.1 im/s)
Ep1 Iter 4900/21164 L=0.2985 cls=0.131 er=0.0094 ecr=0.1765 (2.1 im/s)
Ep1 Iter 5000/21164 L=0.2891 cls=0.047 er=0.0065 ecr=0.1004 (2.1 im/s)
Ep1 Iter 5100/21164 L=0.3071 cls=0.104 er=0.0065 ecr=0.1141 (2.1 im/s)
Ep1 Iter 5200/21164 L=0.3028 cls=0.122 er=0.0032 ecr=0.0832 (2.1 im/s)

=== Epoch 1 Complete ===
  Checkpoint saved: finetune_spfr_s1_ep1.pth
Ep2 Iter 5300/21164 L=0.2918 cls=0.134 er=0.0050 ecr=0.1600 SPFR=0.0174(intra=0.1026 inter=0.3070) ratio=0.129 (0.0 im/s)
Ep2 Iter 5400/21164 L=0.2964 cls=0.119 er=0.0066 ecr=0.1433 SPFR=0.0232(intra=0.0931 inter=0.4276) ratio=0.195 (0.0 im/s)
Ep2 Iter 5500/21164 L=0.2916 cls=0.122 er=0.0074 ecr=0.1353 SPFR=0.0138(intra=0.0894 inter=0.2397) ratio=0.113 (0.1 im/s)
Ep2 Iter 5600/21164 L=0.2843 cls=0.089 er=0.0114 ecr=0.2043 SPFR=0.0224(intra=0.1253 inter=0.3975) ratio=0.253 (0.1 im/s)
Ep2 Iter 5700/21164 L=0.3002 cls=0.113 er=0.0050 ecr=0.1092 SPFR=0.0233(intra=0.0931 inter=0.4283) ratio=0.206 (0.1 im/s)
Ep2 Iter 5800/21164 L=0.2964 cls=0.099 er=0.0072 ecr=0.2145 SPFR=0.0220(intra=0.0976 inter=0.4007) ratio=0.223 (0.2 im/s)
Ep2 Iter 5900/21164 L=0.2834 cls=0.173 er=0.0078 ecr=0.2016 SPFR=0.0192(intra=0.1008 inter=0.3433) ratio=0.111 (0.2 im/s)
Ep2 Iter 6000/21164 L=0.2938 cls=0.157 er=0.0023 ecr=0.0763 SPFR=0.0183(intra=0.1095 inter=0.3219) ratio=0.116 (0.2 im/s)
Ep2 Iter 6100/21164 L=0.2881 cls=0.098 er=0.0100 ecr=0.1745 SPFR=0.0165(intra=0.0915 inter=0.2933) ratio=0.169 (0.3 im/s)
Ep2 Iter 6200/21164 L=0.3073 cls=0.285 er=0.0082 ecr=0.1481 SPFR=0.0258(intra=0.1147 inter=0.4693) ratio=0.090 (0.3 im/s)
Ep2 Iter 6300/21164 L=0.2835 cls=0.105 er=0.0111 ecr=0.1748 SPFR=0.0194(intra=0.0965 inter=0.3504) ratio=0.185 (0.3 im/s)
Ep2 Iter 6400/21164 L=0.3014 cls=0.055 er=0.0074 ecr=0.1046 SPFR=0.0359(intra=0.1028 inter=0.6776) ratio=0.655 (0.3 im/s)
Ep2 Iter 6500/21164 L=0.2926 cls=0.118 er=0.0063 ecr=0.1043 SPFR=0.0212(intra=0.1008 inter=0.3839) ratio=0.180 (0.3 im/s)
Ep2 Iter 6600/21164 L=0.2913 cls=0.075 er=0.0073 ecr=0.1334 SPFR=0.0193(intra=0.1220 inter=0.3378) ratio=0.257 (0.4 im/s)
Ep2 Iter 6700/21164 L=0.2711 cls=0.126 er=0.0101 ecr=0.1780 SPFR=0.0230(intra=0.0959 inter=0.4219) ratio=0.182 (0.4 im/s)
Ep2 Iter 6800/21164 L=0.2838 cls=0.113 er=0.0078 ecr=0.1449 SPFR=0.0215(intra=0.1164 inter=0.3827) ratio=0.190 (0.4 im/s)
Ep2 Iter 6900/21164 L=0.2671 cls=0.113 er=0.0102 ecr=0.2234 SPFR=0.0188(intra=0.1043 inter=0.3342) ratio=0.166 (0.4 im/s)
Ep2 Iter 7000/21164 L=0.2863 cls=0.036 er=0.0040 ecr=0.0709 SPFR=0.0224(intra=0.0969 inter=0.4093) ratio=0.615 (0.4 im/s)
Ep2 Iter 7100/21164 L=0.2845 cls=0.129 er=0.0088 ecr=0.1455 SPFR=0.0177(intra=0.1025 inter=0.3137) ratio=0.138 (0.5 im/s)
Ep2 Iter 7200/21164 L=0.2820 cls=0.191 er=0.0109 ecr=0.1760 SPFR=0.0237(intra=0.1141 inter=0.4291) ratio=0.125 (0.5 im/s)
Ep2 Iter 7300/21164 L=0.2950 cls=0.121 er=0.0103 ecr=0.1571 SPFR=0.0166(intra=0.1017 inter=0.2906) ratio=0.136 (0.5 im/s)
Ep2 Iter 7400/21164 L=0.2814 cls=0.109 er=0.0058 ecr=0.1804 SPFR=0.0173(intra=0.0976 inter=0.3061) ratio=0.158 (0.5 im/s)
Ep2 Iter 7500/21164 L=0.2738 cls=0.104 er=0.0043 ecr=0.1129 SPFR=0.0220(intra=0.0891 inter=0.4051) ratio=0.212 (0.5 im/s)
Ep2 Iter 7600/21164 L=0.2892 cls=0.069 er=0.0077 ecr=0.1154 SPFR=0.0164(intra=0.0957 inter=0.2906) ratio=0.238 (0.5 im/s)
Ep2 Iter 7700/21164 L=0.2911 cls=0.073 er=0.0036 ecr=0.0678 SPFR=0.0207(intra=0.0825 inter=0.3804) ratio=0.284 (0.5 im/s)
Ep2 Iter 7800/21164 L=0.2717 cls=0.090 er=0.0113 ecr=0.1870 SPFR=0.0194(intra=0.0854 inter=0.3543) ratio=0.216 (0.6 im/s)
Ep2 Iter 7900/21164 L=0.2850 cls=0.258 er=0.0072 ecr=0.2007 SPFR=0.0217(intra=0.0998 inter=0.3947) ratio=0.084 (0.6 im/s)
Ep2 Iter 8000/21164 L=0.2829 cls=0.117 er=0.0098 ecr=0.1880 SPFR=0.0169(intra=0.1075 inter=0.2942) ratio=0.144 (0.6 im/s)
Ep2 Iter 8100/21164 L=0.2820 cls=0.116 er=0.0126 ecr=0.2147 SPFR=0.0207(intra=0.1044 inter=0.3723) ratio=0.179 (0.6 im/s)
Ep2 Iter 8200/21164 L=0.2652 cls=0.089 er=0.0097 ecr=0.2049 SPFR=0.0212(intra=0.1253 inter=0.3743) ratio=0.239 (0.6 im/s)
Ep2 Iter 8300/21164 L=0.2679 cls=0.080 er=0.0086 ecr=0.1440 SPFR=0.0240(intra=0.0969 inter=0.4421) ratio=0.301 (0.6 im/s)
Ep2 Iter 8400/21164 L=0.2794 cls=0.091 er=0.0083 ecr=0.1188 SPFR=0.0182(intra=0.1123 inter=0.3197) ratio=0.201 (0.6 im/s)
Ep2 Iter 8500/21164 L=0.2646 cls=0.108 er=0.0122 ecr=0.2143 SPFR=0.0196(intra=0.0990 inter=0.3518) ratio=0.182 (0.6 im/s)
Ep2 Iter 8600/21164 L=0.2875 cls=0.136 er=0.0073 ecr=0.1405 SPFR=0.0196(intra=0.1031 inter=0.3512) ratio=0.145 (0.6 im/s)
Ep2 Iter 8700/21164 L=0.2682 cls=0.103 er=0.0026 ecr=0.0946 SPFR=0.0234(intra=0.1011 inter=0.4267) ratio=0.227 (0.7 im/s)
Ep2 Iter 8800/21164 L=0.2795 cls=0.144 er=0.0054 ecr=0.1294 SPFR=0.0110(intra=0.0518 inter=0.1990) ratio=0.076 (0.7 im/s)
Ep2 Iter 8900/21164 L=0.2726 cls=0.070 er=0.0073 ecr=0.0941 SPFR=0.0229(intra=0.1009 inter=0.4183) ratio=0.329 (0.7 im/s)
Ep2 Iter 9000/21164 L=0.2643 cls=0.189 er=0.0052 ecr=0.0940 SPFR=0.0179(intra=0.1029 inter=0.3164) ratio=0.095 (0.7 im/s)
Ep2 Iter 9100/21164 L=0.2538 cls=0.086 er=0.0041 ecr=0.1046 SPFR=0.0140(intra=0.0886 inter=0.2438) ratio=0.162 (0.7 im/s)
Ep2 Iter 9200/21164 L=0.2840 cls=0.225 er=0.0105 ecr=0.2196 SPFR=0.0181(intra=0.1055 inter=0.3190) ratio=0.080 (0.7 im/s)
Ep2 Iter 9300/21164 L=0.2619 cls=0.161 er=0.0101 ecr=0.1601 SPFR=0.0175(intra=0.0850 inter=0.3153) ratio=0.109 (0.7 im/s)
Ep2 Iter 9400/21164 L=0.2849 cls=0.128 er=0.0104 ecr=0.1650 SPFR=0.0191(intra=0.0966 inter=0.3440) ratio=0.149 (0.7 im/s)
Ep2 Iter 9500/21164 L=0.2723 cls=0.047 er=0.0057 ecr=0.1057 SPFR=0.0192(intra=0.0980 inter=0.3454) ratio=0.406 (0.7 im/s)
Ep2 Iter 9600/21164 L=0.2796 cls=0.142 er=0.0051 ecr=0.0814 SPFR=0.0207(intra=0.0845 inter=0.3796) ratio=0.146 (0.7 im/s)
Ep2 Iter 9700/21164 L=0.2718 cls=0.061 er=0.0031 ecr=0.0610 SPFR=0.0133(intra=0.0910 inter=0.2303) ratio=0.218 (0.7 im/s)
Ep2 Iter 9800/21164 L=0.2808 cls=0.245 er=0.0074 ecr=0.2967 SPFR=0.0213(intra=0.1210 inter=0.3778) ratio=0.087 (0.7 im/s)
Ep2 Iter 9900/21164 L=0.2765 cls=0.171 er=0.0076 ecr=0.1475 SPFR=0.0166(intra=0.0970 inter=0.2932) ratio=0.097 (0.8 im/s)
Ep2 Iter10000/21164 L=0.2837 cls=0.128 er=0.0068 ecr=0.1405 SPFR=0.0195(intra=0.1034 inter=0.3478) ratio=0.152 (0.8 im/s)
Ep2 Iter10100/21164 L=0.2408 cls=0.111 er=0.0029 ecr=0.0937 SPFR=0.0108(intra=0.0465 inter=0.1967) ratio=0.097 (0.8 im/s)
Ep2 Iter10200/21164 L=0.2683 cls=0.128 er=0.0036 ecr=0.1025 SPFR=0.0142(intra=0.0929 inter=0.2465) ratio=0.111 (0.8 im/s)
Ep2 Iter10300/21164 L=0.2543 cls=0.048 er=0.0066 ecr=0.1029 SPFR=0.0204(intra=0.0768 inter=0.3764) ratio=0.426 (0.8 im/s)
Ep2 Iter10400/21164 L=0.2845 cls=0.117 er=0.0116 ecr=0.1661 SPFR=0.0111(intra=0.0883 inter=0.1858) ratio=0.095 (0.8 im/s)
Ep2 Iter10500/21164 L=0.2535 cls=0.101 er=0.0095 ecr=0.2014 SPFR=0.0198(intra=0.1054 inter=0.3530) ratio=0.196 (0.8 im/s)

=== Epoch 2 Complete ===
  SPFR avg: 0.0203 (intra=0.1010, inter=0.3649)
  Checkpoint saved: finetune_spfr_s1_ep2.pth
Ep3 Iter10600/21164 L=0.2605 cls=0.104 er=0.0048 ecr=0.1155 SPFR=0.0244(intra=0.1034 inter=0.4476) ratio=0.234 (0.0 im/s)
Ep3 Iter10700/21164 L=0.2748 cls=0.074 er=0.0085 ecr=0.1906 SPFR=0.0203(intra=0.1072 inter=0.3635) ratio=0.273 (0.0 im/s)
Ep3 Iter10800/21164 L=0.2775 cls=0.086 er=0.0060 ecr=0.1269 SPFR=0.0212(intra=0.1158 inter=0.3773) ratio=0.245 (0.0 im/s)
Ep3 Iter10900/21164 L=0.2634 cls=0.214 er=0.0095 ecr=0.1742 SPFR=0.0164(intra=0.0951 inter=0.2907) ratio=0.077 (0.0 im/s)
Ep3 Iter11000/21164 L=0.2651 cls=0.067 er=0.0096 ecr=0.1716 SPFR=0.0191(intra=0.0966 inter=0.3437) ratio=0.286 (0.1 im/s)
Ep3 Iter11100/21164 L=0.2547 cls=0.042 er=0.0054 ecr=0.0943 SPFR=0.0304(intra=0.1005 inter=0.5673) ratio=0.718 (0.1 im/s)
Ep3 Iter11200/21164 L=0.2901 cls=0.065 er=0.0071 ecr=0.1141 SPFR=0.0211(intra=0.0939 inter=0.3837) ratio=0.323 (0.1 im/s)
Ep3 Iter11300/21164 L=0.2592 cls=0.066 er=0.0053 ecr=0.1403 SPFR=0.0187(intra=0.1165 inter=0.3273) ratio=0.282 (0.1 im/s)
Ep3 Iter11400/21164 L=0.2710 cls=0.175 er=0.0113 ecr=0.2968 SPFR=0.0166(intra=0.1036 inter=0.2911) ratio=0.095 (0.1 im/s)
Ep3 Iter11500/21164 L=0.2562 cls=0.142 er=0.0111 ecr=0.1647 SPFR=0.0164(intra=0.0922 inter=0.2914) ratio=0.116 (0.1 im/s)
Ep3 Iter11600/21164 L=0.2742 cls=0.546 er=0.0100 ecr=0.2432 SPFR=0.0168(intra=0.1088 inter=0.2917) ratio=0.031 (0.1 im/s)
Ep3 Iter11700/21164 L=0.2655 cls=0.127 er=0.0064 ecr=0.1936 SPFR=0.0195(intra=0.0909 inter=0.3529) ratio=0.153 (0.1 im/s)
Ep3 Iter11800/21164 L=0.2414 cls=0.169 er=0.0037 ecr=0.1100 SPFR=0.0207(intra=0.0852 inter=0.3805) ratio=0.122 (0.2 im/s)
Ep3 Iter11900/21164 L=0.2472 cls=0.117 er=0.0053 ecr=0.1230 SPFR=0.0183(intra=0.0960 inter=0.3267) ratio=0.156 (0.2 im/s)
Ep3 Iter12000/21164 L=0.2568 cls=0.112 er=0.0093 ecr=0.1538 SPFR=0.0132(intra=0.0800 inter=0.2320) ratio=0.118 (0.2 im/s)
Ep3 Iter12100/21164 L=0.2533 cls=0.122 er=0.0036 ecr=0.0827 SPFR=0.0152(intra=0.0960 inter=0.2655) ratio=0.124 (0.2 im/s)
Ep3 Iter12200/21164 L=0.2685 cls=0.064 er=0.0078 ecr=0.1482 SPFR=0.0228(intra=0.0935 inter=0.4193) ratio=0.358 (0.2 im/s)
Ep3 Iter12300/21164 L=0.2646 cls=0.144 er=0.0056 ecr=0.1245 SPFR=0.0158(intra=0.1116 inter=0.2723) ratio=0.110 (0.2 im/s)
Ep3 Iter12400/21164 L=0.2629 cls=0.153 er=0.0077 ecr=0.1267 SPFR=0.0210(intra=0.0978 inter=0.3816) ratio=0.138 (0.2 im/s)
Ep3 Iter12500/21164 L=0.2556 cls=0.064 er=0.0070 ecr=0.1181 SPFR=0.0210(intra=0.1056 inter=0.3772) ratio=0.329 (0.2 im/s)
Ep3 Iter12600/21164 L=0.2610 cls=0.113 er=0.0080 ecr=0.1183 SPFR=0.0226(intra=0.0871 inter=0.4175) ratio=0.200 (0.2 im/s)
Ep3 Iter12700/21164 L=0.2518 cls=0.062 er=0.0062 ecr=0.0909 SPFR=0.0217(intra=0.0968 inter=0.3947) ratio=0.347 (0.3 im/s)
Ep3 Iter12800/21164 L=0.2570 cls=0.166 er=0.0087 ecr=0.1847 SPFR=0.0209(intra=0.0983 inter=0.3780) ratio=0.126 (0.3 im/s)
Ep3 Iter12900/21164 L=0.2442 cls=0.042 er=0.0039 ecr=0.0613 SPFR=0.0135(intra=0.0475 inter=0.2519) ratio=0.320 (0.3 im/s)
Ep3 Iter13000/21164 L=0.2619 cls=0.050 er=0.0051 ecr=0.0853 SPFR=0.0254(intra=0.0850 inter=0.4748) ratio=0.509 (0.3 im/s)
Ep3 Iter13100/21164 L=0.2523 cls=0.067 er=0.0092 ecr=0.1587 SPFR=0.0230(intra=0.0954 inter=0.4219) ratio=0.344 (0.3 im/s)
Ep3 Iter13200/21164 L=0.2658 cls=0.122 er=0.0075 ecr=0.1457 SPFR=0.0185(intra=0.0992 inter=0.3305) ratio=0.152 (0.3 im/s)
Ep3 Iter13300/21164 L=0.2431 cls=0.111 er=0.0093 ecr=0.1661 SPFR=0.0205(intra=0.0977 inter=0.3708) ratio=0.185 (0.3 im/s)
Ep3 Iter13400/21164 L=0.2530 cls=0.076 er=0.0075 ecr=0.1047 SPFR=0.0183(intra=0.0941 inter=0.3275) ratio=0.240 (0.3 im/s)
Ep3 Iter13500/21164 L=0.2431 cls=0.281 er=0.0138 ecr=0.2804 SPFR=0.0241(intra=0.0971 inter=0.4438) ratio=0.086 (0.3 im/s)
Ep3 Iter13600/21164 L=0.2632 cls=0.171 er=0.0110 ecr=0.1866 SPFR=0.0202(intra=0.1168 inter=0.3573) ratio=0.118 (0.3 im/s)
Ep3 Iter13700/21164 L=0.2584 cls=0.072 er=0.0048 ecr=0.0899 SPFR=0.0159(intra=0.0977 inter=0.2797) ratio=0.222 (0.3 im/s)
Ep3 Iter13800/21164 L=0.2523 cls=0.146 er=0.0098 ecr=0.2346 SPFR=0.0159(intra=0.0838 inter=0.2848) ratio=0.109 (0.4 im/s)
Ep3 Iter13900/21164 L=0.2711 cls=0.114 er=0.0089 ecr=0.1568 SPFR=0.0254(intra=0.1095 inter=0.4639) ratio=0.223 (0.4 im/s)
Ep3 Iter14000/21164 L=0.2671 cls=0.070 er=0.0024 ecr=0.0440 SPFR=0.0088(intra=0.0419 inter=0.1599) ratio=0.127 (0.4 im/s)
Ep3 Iter14100/21164 L=0.2348 cls=0.129 er=0.0066 ecr=0.1153 SPFR=0.0186(intra=0.0977 inter=0.3335) ratio=0.145 (0.4 im/s)
Ep3 Iter14200/21164 L=0.2538 cls=0.098 er=0.0089 ecr=0.1671 SPFR=0.0202(intra=0.1053 inter=0.3625) ratio=0.206 (0.4 im/s)
Ep3 Iter14300/21164 L=0.2371 cls=0.165 er=0.0052 ecr=0.1087 SPFR=0.0201(intra=0.0989 inter=0.3630) ratio=0.122 (0.4 im/s)
Ep3 Iter14400/21164 L=0.2574 cls=0.258 er=0.0098 ecr=0.1961 SPFR=0.0189(intra=0.0945 inter=0.3406) ratio=0.073 (0.4 im/s)
Ep3 Iter14500/21164 L=0.2490 cls=0.186 er=0.0012 ecr=0.0700 SPFR=0.0074(intra=0.0616 inter=0.1234) ratio=0.040 (0.4 im/s)
Ep3 Iter14600/21164 L=0.2649 cls=0.061 er=0.0069 ecr=0.1240 SPFR=0.0211(intra=0.0993 inter=0.3815) ratio=0.343 (0.4 im/s)
Ep3 Iter14700/21164 L=0.2619 cls=0.152 er=0.0102 ecr=0.1307 SPFR=0.0215(intra=0.1063 inter=0.3884) ratio=0.142 (0.4 im/s)
Ep3 Iter14800/21164 L=0.2534 cls=0.254 er=0.0052 ecr=0.1340 SPFR=0.0195(intra=0.1084 inter=0.3474) ratio=0.077 (0.4 im/s)
Ep3 Iter14900/21164 L=0.2568 cls=0.159 er=0.0036 ecr=0.0848 SPFR=0.0154(intra=0.0848 inter=0.2737) ratio=0.097 (0.4 im/s)
Ep3 Iter15000/21164 L=0.2554 cls=0.070 er=0.0049 ecr=0.1082 SPFR=0.0189(intra=0.0998 inter=0.3372) ratio=0.269 (0.4 im/s)
Ep3 Iter15100/21164 L=0.2492 cls=0.185 er=0.0044 ecr=0.0908 SPFR=0.0235(intra=0.1132 inter=0.4245) ratio=0.127 (0.4 im/s)
Ep3 Iter15200/21164 L=0.2575 cls=0.086 er=0.0064 ecr=0.1187 SPFR=0.0161(intra=0.0824 inter=0.2885) ratio=0.186 (0.5 im/s)
Ep3 Iter15300/21164 L=0.2400 cls=0.107 er=0.0038 ecr=0.1679 SPFR=0.0245(intra=0.1163 inter=0.4426) ratio=0.229 (0.5 im/s)
Ep3 Iter15400/21164 L=0.2575 cls=0.139 er=0.0045 ecr=0.1160 SPFR=0.0198(intra=0.0925 inter=0.3586) ratio=0.143 (0.5 im/s)
Ep3 Iter15500/21164 L=0.2537 cls=0.109 er=0.0084 ecr=0.1742 SPFR=0.0213(intra=0.1175 inter=0.3784) ratio=0.195 (0.5 im/s)
Ep3 Iter15600/21164 L=0.2586 cls=0.161 er=0.0087 ecr=0.1564 SPFR=0.0155(intra=0.1059 inter=0.2668) ratio=0.096 (0.5 im/s)
Ep3 Iter15700/21164 L=0.2320 cls=0.095 er=0.0074 ecr=0.1752 SPFR=0.0206(intra=0.0958 inter=0.3729) ratio=0.216 (0.5 im/s)
Ep3 Iter15800/21164 L=0.2623 cls=0.058 er=0.0059 ecr=0.0911 SPFR=0.0237(intra=0.0977 inter=0.4357) ratio=0.409 (0.5 im/s)

=== Epoch 3 Complete ===
  SPFR avg: 0.0198 (intra=0.0981, inter=0.3575)
  Checkpoint saved: finetune_spfr_s1_ep3.pth
Ep4 Iter15900/21164 L=0.2517 cls=0.077 er=0.0037 ecr=0.0934 SPFR=0.0235(intra=0.0940 inter=0.4330) ratio=0.305 (0.0 im/s)
Ep4 Iter16000/21164 L=0.2362 cls=0.058 er=0.0045 ecr=0.0723 SPFR=0.0283(intra=0.0742 inter=0.5370) ratio=0.485 (0.0 im/s)
Ep4 Iter16100/21164 L=0.2698 cls=0.181 er=0.0071 ecr=0.2077 SPFR=0.0157(intra=0.0940 inter=0.2757) ratio=0.086 (0.0 im/s)
Ep4 Iter16200/21164 L=0.2437 cls=0.095 er=0.0086 ecr=0.1567 SPFR=0.0152(intra=0.0919 inter=0.2680) ratio=0.160 (0.0 im/s)
Ep4 Iter16300/21164 L=0.2506 cls=0.123 er=0.0105 ecr=0.1896 SPFR=0.0220(intra=0.1302 inter=0.3879) ratio=0.179 (0.0 im/s)
Ep4 Iter16400/21164 L=0.2447 cls=0.191 er=0.0049 ecr=0.1471 SPFR=0.0159(intra=0.0869 inter=0.2833) ratio=0.083 (0.0 im/s)
Ep4 Iter16500/21164 L=0.2512 cls=0.292 er=0.0097 ecr=0.2260 SPFR=0.0205(intra=0.0806 inter=0.3776) ratio=0.070 (0.1 im/s)
Ep4 Iter16600/21164 L=0.2432 cls=0.105 er=0.0055 ecr=0.0962 SPFR=0.0250(intra=0.0968 inter=0.4609) ratio=0.239 (0.1 im/s)
Ep4 Iter16700/21164 L=0.2430 cls=0.133 er=0.0095 ecr=0.1446 SPFR=0.0179(intra=0.1054 inter=0.3162) ratio=0.135 (0.1 im/s)
Ep4 Iter16800/21164 L=0.2524 cls=0.235 er=0.0051 ecr=0.1036 SPFR=0.0225(intra=0.0972 inter=0.4103) ratio=0.096 (0.1 im/s)
Ep4 Iter16900/21164 L=0.2611 cls=0.143 er=0.0054 ecr=0.1280 SPFR=0.0173(intra=0.0899 inter=0.3094) ratio=0.121 (0.1 im/s)
Ep4 Iter17000/21164 L=0.2694 cls=0.258 er=0.0050 ecr=0.1917 SPFR=0.0185(intra=0.0929 inter=0.3323) ratio=0.072 (0.1 im/s)
Ep4 Iter17100/21164 L=0.2363 cls=0.098 er=0.0057 ecr=0.1293 SPFR=0.0233(intra=0.0796 inter=0.4333) ratio=0.237 (0.1 im/s)
Ep4 Iter17200/21164 L=0.2548 cls=0.115 er=0.0073 ecr=0.1196 SPFR=0.0195(intra=0.0994 inter=0.3511) ratio=0.170 (0.1 im/s)
Ep4 Iter17300/21164 L=0.2492 cls=0.104 er=0.0053 ecr=0.1060 SPFR=0.0197(intra=0.1000 inter=0.3549) ratio=0.191 (0.1 im/s)
Ep4 Iter17400/21164 L=0.2466 cls=0.197 er=0.0100 ecr=0.2327 SPFR=0.0203(intra=0.0912 inter=0.3690) ratio=0.103 (0.1 im/s)
Ep4 Iter17500/21164 L=0.2426 cls=0.039 er=0.0054 ecr=0.1115 SPFR=0.0170(intra=0.1245 inter=0.2903) ratio=0.440 (0.1 im/s)
Ep4 Iter17600/21164 L=0.2470 cls=0.133 er=0.0135 ecr=0.2648 SPFR=0.0181(intra=0.1042 inter=0.3202) ratio=0.136 (0.1 im/s)
Ep4 Iter17700/21164 L=0.2510 cls=0.095 er=0.0029 ecr=0.0683 SPFR=0.0231(intra=0.1018 inter=0.4203) ratio=0.244 (0.2 im/s)
Ep4 Iter17800/21164 L=0.2303 cls=0.071 er=0.0042 ecr=0.0899 SPFR=0.0205(intra=0.0965 inter=0.3720) ratio=0.287 (0.2 im/s)
Ep4 Iter17900/21164 L=0.2641 cls=0.117 er=0.0028 ecr=0.0956 SPFR=0.0219(intra=0.1110 inter=0.3931) ratio=0.186 (0.2 im/s)
Ep4 Iter18000/21164 L=0.2403 cls=0.063 er=0.0069 ecr=0.1200 SPFR=0.0215(intra=0.1081 inter=0.3862) ratio=0.338 (0.2 im/s)
Ep4 Iter18100/21164 L=0.2401 cls=0.115 er=0.0085 ecr=0.1478 SPFR=0.0252(intra=0.1106 inter=0.4596) ratio=0.220 (0.2 im/s)
Ep4 Iter18200/21164 L=0.2451 cls=0.152 er=0.0073 ecr=0.2346 SPFR=0.0153(intra=0.1207 inter=0.2574) ratio=0.101 (0.2 im/s)
Ep4 Iter18300/21164 L=0.2330 cls=0.074 er=0.0048 ecr=0.0828 SPFR=0.0166(intra=0.0865 inter=0.2979) ratio=0.225 (0.2 im/s)
Ep4 Iter18400/21164 L=0.2372 cls=0.174 er=0.0039 ecr=0.1006 SPFR=0.0140(intra=0.0892 inter=0.2451) ratio=0.081 (0.2 im/s)
Ep4 Iter18500/21164 L=0.2242 cls=0.101 er=0.0060 ecr=0.1084 SPFR=0.0226(intra=0.0900 inter=0.4163) ratio=0.223 (0.2 im/s)
Ep4 Iter18600/21164 L=0.2500 cls=0.058 er=0.0070 ecr=0.1318 SPFR=0.0191(intra=0.1008 inter=0.3417) ratio=0.329 (0.2 im/s)
Ep4 Iter18700/21164 L=0.2597 cls=0.077 er=0.0033 ecr=0.0734 SPFR=0.0118(intra=0.0826 inter=0.2039) ratio=0.154 (0.2 im/s)
Ep4 Iter18800/21164 L=0.2543 cls=0.136 er=0.0090 ecr=0.1815 SPFR=0.0164(intra=0.1153 inter=0.2815) ratio=0.121 (0.2 im/s)
Ep4 Iter18900/21164 L=0.2375 cls=0.060 er=0.0103 ecr=0.1577 SPFR=0.0197(intra=0.0997 inter=0.3537) ratio=0.327 (0.2 im/s)
Ep4 Iter19000/21164 L=0.2445 cls=0.066 er=0.0030 ecr=0.1691 SPFR=0.0196(intra=0.0938 inter=0.3551) ratio=0.296 (0.2 im/s)
Ep4 Iter19100/21164 L=0.2425 cls=0.081 er=0.0097 ecr=0.1548 SPFR=0.0200(intra=0.0903 inter=0.3645) ratio=0.248 (0.2 im/s)
Ep4 Iter19200/21164 L=0.2448 cls=0.248 er=0.0070 ecr=0.1513 SPFR=0.0178(intra=0.0930 inter=0.3191) ratio=0.072 (0.3 im/s)
Ep4 Iter19300/21164 L=0.2482 cls=0.087 er=0.0056 ecr=0.1074 SPFR=0.0215(intra=0.1037 inter=0.3891) ratio=0.248 (0.3 im/s)
Ep4 Iter19400/21164 L=0.2416 cls=0.092 er=0.0060 ecr=0.1791 SPFR=0.0218(intra=0.1057 inter=0.3939) ratio=0.237 (0.3 im/s)
Ep4 Iter19500/21164 L=0.2348 cls=0.080 er=0.0021 ecr=0.0717 SPFR=0.0133(intra=0.0386 inter=0.2499) ratio=0.166 (0.3 im/s)
Ep4 Iter19600/21164 L=0.2396 cls=0.170 er=0.0063 ecr=0.1639 SPFR=0.0186(intra=0.0968 inter=0.3335) ratio=0.109 (0.3 im/s)
Ep4 Iter19700/21164 L=0.2484 cls=0.036 er=0.0056 ecr=0.1011 SPFR=0.0186(intra=0.0965 inter=0.3333) ratio=0.518 (0.3 im/s)
Ep4 Iter19800/21164 L=0.2369 cls=0.044 er=0.0053 ecr=0.0987 SPFR=0.0222(intra=0.0990 inter=0.4039) ratio=0.502 (0.3 im/s)
Ep4 Iter19900/21164 L=0.2496 cls=0.091 er=0.0093 ecr=0.1573 SPFR=0.0221(intra=0.0937 inter=0.4046) ratio=0.243 (0.3 im/s)
Ep4 Iter20000/21164 L=0.2364 cls=0.059 er=0.0079 ecr=0.1616 SPFR=0.0166(intra=0.0946 inter=0.2950) ratio=0.283 (0.3 im/s)
Ep4 Iter20100/21164 L=0.2413 cls=0.073 er=0.0079 ecr=0.1338 SPFR=0.0247(intra=0.0920 inter=0.4563) ratio=0.338 (0.3 im/s)
Ep4 Iter20200/21164 L=0.2401 cls=0.080 er=0.0075 ecr=0.1556 SPFR=0.0225(intra=0.1229 inter=0.4016) ratio=0.282 (0.3 im/s)
Ep4 Iter20300/21164 L=0.2431 cls=0.121 er=0.0033 ecr=0.0863 SPFR=0.0231(intra=0.0937 inter=0.4253) ratio=0.191 (0.3 im/s)
Ep4 Iter20400/21164 L=0.2423 cls=0.063 er=0.0054 ecr=0.0994 SPFR=0.0189(intra=0.0909 inter=0.3420) ratio=0.301 (0.3 im/s)
Ep4 Iter20500/21164 L=0.2551 cls=0.057 er=0.0089 ecr=0.1715 SPFR=0.0137(intra=0.0913 inter=0.2380) ratio=0.242 (0.3 im/s)
Ep4 Iter20600/21164 L=0.2420 cls=0.049 er=0.0069 ecr=0.1448 SPFR=0.0203(intra=0.0918 inter=0.3684) ratio=0.413 (0.3 im/s)
Ep4 Iter20700/21164 L=0.2504 cls=0.131 er=0.0059 ecr=0.1261 SPFR=0.0178(intra=0.1075 inter=0.3123) ratio=0.136 (0.3 im/s)
Ep4 Iter20800/21164 L=0.2589 cls=0.147 er=0.0065 ecr=0.1599 SPFR=0.0160(intra=0.0857 inter=0.2859) ratio=0.109 (0.3 im/s)
Ep4 Iter20900/21164 L=0.2584 cls=0.078 er=0.0038 ecr=0.0634 SPFR=0.0204(intra=0.0941 inter=0.3706) ratio=0.261 (0.3 im/s)
Ep4 Iter21000/21164 L=0.2560 cls=0.346 er=0.0059 ecr=0.1590 SPFR=0.0062(intra=0.0592 inter=0.1012) ratio=0.018 (0.4 im/s)
Ep4 Iter21100/21164 L=0.2470 cls=0.080 er=0.0052 ecr=0.1265 SPFR=0.0242(intra=0.0997 inter=0.4444) ratio=0.302 (0.4 im/s)

=== Epoch 4 Complete ===
  SPFR avg: 0.0195 (intra=0.0960, inter=0.3507)
  Checkpoint saved: finetune_spfr_s1_ep4.pth

Final model: finetune_spfr_s1.pth
Training complete.
