============================================================
  SEAM + SPFR Fine-tuning (Final Params)
============================================================
{'batch_size': 2, 'max_epoches': 4, 'network': 'network.resnet38_SEAM', 'lr': 0.005, 'num_workers': 0, 'wt_dec': 0.0001, 'train_list': 'voc12/train_aug.txt', 'val_list': 'voc12/val.txt', 'session_name': 'finetune_only', 'crop_size': 448, 'weights': '../SEAM_model/resnet38_SEAM.pth', 'voc12_root': 'VOC2012', 'tblog_dir': './tblog_finetune', 'lambda_spfr': 0.1, 'lambda_intra': 0.02, 'lambda_inter': 0.05, 'spfr_warmup': 99, 'sp_n_segments': 300, 'sp_region_size': 20, 'sp_margin': 1.0, 'sp_threshold': 0.2, 'sp_min_pixels': 10}

Model: 105.4M params

Loading SEAM pretrained weights: ../SEAM_model/resnet38_SEAM.pth
  Weights loaded OK (strict=False)
  Frozen: 0.8M params (['conv1a', 'b2', 'b2_1', 'b2_2'])
  Trainable: 104.5M params

Training: 10582 images, 2 batch, 4 epochs, 21164 steps
  Group 0: lr=0.0050, params=30.5M
  Group 1: lr=0.0100, params=73.7M
  Group 2: lr=0.0250, params=0.3M
  Group 3: lr=0.0250, params=0.0M
Session started:  Tue Aug 18 00:25:23 2026
Ep1 Iter    0/21164 L=0.3114 cls=0.108 er=0.0095 ecr=0.1935 (0.3 im/s)
Ep1 Iter  100/21164 L=0.3602 cls=0.091 er=0.0051 ecr=0.1270 (2.2 im/s)
Ep1 Iter  200/21164 L=0.3660 cls=0.118 er=0.0106 ecr=0.1446 (2.3 im/s)
Ep1 Iter  300/21164 L=0.3775 cls=0.225 er=0.0044 ecr=0.1682 (2.4 im/s)
Ep1 Iter  400/21164 L=0.3525 cls=0.139 er=0.0082 ecr=0.1905 (2.4 im/s)
Ep1 Iter  500/21164 L=0.3572 cls=0.234 er=0.0080 ecr=0.2303 (2.4 im/s)
Ep1 Iter  600/21164 L=0.3615 cls=0.143 er=0.0128 ecr=0.1709 (2.4 im/s)
Ep1 Iter  700/21164 L=0.3452 cls=0.146 er=0.0048 ecr=0.0961 (2.4 im/s)
Ep1 Iter  800/21164 L=0.3319 cls=0.153 er=0.0088 ecr=0.2234 (2.4 im/s)
Ep1 Iter  900/21164 L=0.3416 cls=0.110 er=0.0102 ecr=0.1493 (2.4 im/s)
Ep1 Iter 1000/21164 L=0.3434 cls=0.162 er=0.0085 ecr=0.1658 (2.4 im/s)
Ep1 Iter 1100/21164 L=0.3555 cls=0.179 er=0.0134 ecr=0.2051 (2.4 im/s)
Ep1 Iter 1200/21164 L=0.3511 cls=0.167 er=0.0093 ecr=0.1179 (2.4 im/s)
Ep1 Iter 1300/21164 L=0.3503 cls=0.243 er=0.0111 ecr=0.2867 (2.4 im/s)
Ep1 Iter 1400/21164 L=0.3334 cls=0.206 er=0.0073 ecr=0.1492 (2.4 im/s)
Ep1 Iter 1500/21164 L=0.3252 cls=0.145 er=0.0085 ecr=0.1437 (2.4 im/s)
Ep1 Iter 1600/21164 L=0.3331 cls=0.181 er=0.0101 ecr=0.2157 (2.4 im/s)
Ep1 Iter 1700/21164 L=0.3204 cls=0.095 er=0.0095 ecr=0.1945 (2.4 im/s)
Ep1 Iter 1800/21164 L=0.3219 cls=0.143 er=0.0108 ecr=0.1744 (2.4 im/s)
Ep1 Iter 1900/21164 L=0.3292 cls=0.072 er=0.0078 ecr=0.1322 (2.4 im/s)
Ep1 Iter 2000/21164 L=0.3206 cls=0.118 er=0.0050 ecr=0.1182 (2.4 im/s)
Ep1 Iter 2100/21164 L=0.3271 cls=0.371 er=0.0028 ecr=0.2704 (2.3 im/s)
Ep1 Iter 2200/21164 L=0.3330 cls=0.068 er=0.0063 ecr=0.1221 (2.3 im/s)
Ep1 Iter 2300/21164 L=0.3179 cls=0.107 er=0.0105 ecr=0.1646 (2.3 im/s)
Ep1 Iter 2400/21164 L=0.3280 cls=0.101 er=0.0086 ecr=0.1294 (2.3 im/s)
Ep1 Iter 2500/21164 L=0.3261 cls=0.159 er=0.0049 ecr=0.0966 (2.3 im/s)
Ep1 Iter 2600/21164 L=0.3252 cls=0.205 er=0.0132 ecr=0.2496 (2.3 im/s)
Ep1 Iter 2700/21164 L=0.3181 cls=0.048 er=0.0081 ecr=0.1434 (2.3 im/s)
Ep1 Iter 2800/21164 L=0.3116 cls=0.130 er=0.0066 ecr=0.1919 (2.3 im/s)
Ep1 Iter 2900/21164 L=0.3005 cls=0.159 er=0.0074 ecr=0.1825 (2.3 im/s)
Ep1 Iter 3000/21164 L=0.3209 cls=0.172 er=0.0064 ecr=0.1461 (2.3 im/s)
Ep1 Iter 3100/21164 L=0.3123 cls=0.126 er=0.0073 ecr=0.1475 (2.3 im/s)
Ep1 Iter 3200/21164 L=0.3284 cls=0.316 er=0.0064 ecr=0.1559 (2.3 im/s)
Ep1 Iter 3300/21164 L=0.3152 cls=0.084 er=0.0080 ecr=0.1756 (2.3 im/s)
Ep1 Iter 3400/21164 L=0.3266 cls=0.046 er=0.0060 ecr=0.1156 (2.3 im/s)
Ep1 Iter 3500/21164 L=0.3219 cls=0.103 er=0.0058 ecr=0.1282 (2.3 im/s)
Ep1 Iter 3600/21164 L=0.3098 cls=0.144 er=0.0060 ecr=0.1520 (2.2 im/s)
Ep1 Iter 3700/21164 L=0.3018 cls=0.128 er=0.0115 ecr=0.1674 (2.2 im/s)
Ep1 Iter 3800/21164 L=0.3050 cls=0.066 er=0.0058 ecr=0.1649 (2.2 im/s)
Ep1 Iter 3900/21164 L=0.3012 cls=0.175 er=0.0152 ecr=0.2256 (2.2 im/s)
Ep1 Iter 4000/21164 L=0.3208 cls=0.147 er=0.0073 ecr=0.1794 (2.3 im/s)
Ep1 Iter 4100/21164 L=0.2992 cls=0.431 er=0.0093 ecr=0.3364 (2.3 im/s)
Ep1 Iter 4200/21164 L=0.2981 cls=0.126 er=0.0086 ecr=0.1522 (2.3 im/s)
Ep1 Iter 4300/21164 L=0.3211 cls=0.185 er=0.0056 ecr=0.1473 (2.3 im/s)
Ep1 Iter 4400/21164 L=0.3216 cls=0.099 er=0.0081 ecr=0.1090 (2.3 im/s)
Ep1 Iter 4500/21164 L=0.3012 cls=0.235 er=0.0086 ecr=0.1801 (2.3 im/s)
Ep1 Iter 4600/21164 L=0.2909 cls=0.176 er=0.0085 ecr=0.1917 (2.3 im/s)
Ep1 Iter 4700/21164 L=0.3061 cls=0.218 er=0.0098 ecr=0.1848 (2.3 im/s)
Ep1 Iter 4800/21164 L=0.3106 cls=0.098 er=0.0072 ecr=0.1512 (2.3 im/s)
Ep1 Iter 4900/21164 L=0.2977 cls=0.121 er=0.0044 ecr=0.0973 (2.3 im/s)
Ep1 Iter 5000/21164 L=0.3062 cls=0.100 er=0.0084 ecr=0.1281 (2.3 im/s)
Ep1 Iter 5100/21164 L=0.2967 cls=0.141 er=0.0051 ecr=0.1317 (2.3 im/s)
Ep1 Iter 5200/21164 L=0.2825 cls=0.145 er=0.0058 ecr=0.1118 (2.3 im/s)

=== Epoch 1 Complete ===
  Checkpoint saved: finetune_only_ep1.pth
Ep2 Iter 5300/21164 L=0.2957 cls=0.126 er=0.0056 ecr=0.1232 (0.0 im/s)
Ep2 Iter 5400/21164 L=0.3003 cls=0.171 er=0.0124 ecr=0.2380 (0.0 im/s)
Ep2 Iter 5500/21164 L=0.2875 cls=0.082 er=0.0072 ecr=0.1162 (0.1 im/s)
Ep2 Iter 5600/21164 L=0.2960 cls=0.145 er=0.0081 ecr=0.1677 (0.1 im/s)
Ep2 Iter 5700/21164 L=0.3071 cls=0.078 er=0.0045 ecr=0.1566 (0.2 im/s)
Ep2 Iter 5800/21164 L=0.3011 cls=0.079 er=0.0094 ecr=0.1416 (0.2 im/s)
Ep2 Iter 5900/21164 L=0.2875 cls=0.054 er=0.0052 ecr=0.0842 (0.2 im/s)
Ep2 Iter 6000/21164 L=0.2950 cls=0.136 er=0.0038 ecr=0.1582 (0.3 im/s)
Ep2 Iter 6100/21164 L=0.2908 cls=0.219 er=0.0103 ecr=0.1804 (0.3 im/s)
Ep2 Iter 6200/21164 L=0.2926 cls=0.074 er=0.0062 ecr=0.1273 (0.3 im/s)
Ep2 Iter 6300/21164 L=0.2991 cls=0.275 er=0.0081 ecr=0.1631 (0.4 im/s)
Ep2 Iter 6400/21164 L=0.2859 cls=0.167 er=0.0098 ecr=0.1666 (0.4 im/s)
Ep2 Iter 6500/21164 L=0.2782 cls=0.081 er=0.0080 ecr=0.1163 (0.4 im/s)
Ep2 Iter 6600/21164 L=0.2811 cls=0.057 er=0.0050 ecr=0.1015 (0.5 im/s)
Ep2 Iter 6700/21164 L=0.2932 cls=0.130 er=0.0077 ecr=0.1634 (0.5 im/s)
Ep2 Iter 6800/21164 L=0.2840 cls=0.067 er=0.0072 ecr=0.1315 (0.5 im/s)
Ep2 Iter 6900/21164 L=0.2910 cls=0.329 er=0.0109 ecr=0.2783 (0.5 im/s)
Ep2 Iter 7000/21164 L=0.2785 cls=0.076 er=0.0055 ecr=0.0912 (0.6 im/s)
Ep2 Iter 7100/21164 L=0.2854 cls=0.152 er=0.0085 ecr=0.1528 (0.6 im/s)
Ep2 Iter 7200/21164 L=0.2772 cls=0.124 er=0.0071 ecr=0.1491 (0.6 im/s)
Ep2 Iter 7300/21164 L=0.3079 cls=0.131 er=0.0083 ecr=0.1534 (0.6 im/s)
Ep2 Iter 7400/21164 L=0.2853 cls=0.068 er=0.0107 ecr=0.1389 (0.7 im/s)
Ep2 Iter 7500/21164 L=0.2727 cls=0.135 er=0.0100 ecr=0.1756 (0.7 im/s)
Ep2 Iter 7600/21164 L=0.2913 cls=0.111 er=0.0036 ecr=0.0945 (0.7 im/s)
Ep2 Iter 7700/21164 L=0.2739 cls=0.251 er=0.0115 ecr=0.2884 (0.7 im/s)
Ep2 Iter 7800/21164 L=0.2709 cls=0.102 er=0.0081 ecr=0.1067 (0.7 im/s)
Ep2 Iter 7900/21164 L=0.2807 cls=0.151 er=0.0086 ecr=0.1972 (0.8 im/s)
Ep2 Iter 8000/21164 L=0.2748 cls=0.217 er=0.0067 ecr=0.1362 (0.8 im/s)
Ep2 Iter 8100/21164 L=0.2898 cls=0.048 er=0.0057 ecr=0.0958 (0.8 im/s)
Ep2 Iter 8200/21164 L=0.2763 cls=0.091 er=0.0084 ecr=0.1627 (0.8 im/s)
Ep2 Iter 8300/21164 L=0.2807 cls=0.371 er=0.0102 ecr=0.2445 (0.8 im/s)
Ep2 Iter 8400/21164 L=0.2734 cls=0.075 er=0.0076 ecr=0.1175 (0.9 im/s)
Ep2 Iter 8500/21164 L=0.2850 cls=0.108 er=0.0034 ecr=0.0802 (0.9 im/s)
Ep2 Iter 8600/21164 L=0.2736 cls=0.195 er=0.0082 ecr=0.1855 (0.9 im/s)
Ep2 Iter 8700/21164 L=0.2719 cls=0.052 er=0.0056 ecr=0.1087 (0.9 im/s)
Ep2 Iter 8800/21164 L=0.2670 cls=0.062 er=0.0042 ecr=0.0672 (0.9 im/s)
Ep2 Iter 8900/21164 L=0.2668 cls=0.193 er=0.0106 ecr=0.1981 (0.9 im/s)
Ep2 Iter 9000/21164 L=0.2581 cls=0.147 er=0.0071 ecr=0.1474 (1.0 im/s)
Ep2 Iter 9100/21164 L=0.2774 cls=0.164 er=0.0115 ecr=0.2239 (1.0 im/s)
Ep2 Iter 9200/21164 L=0.2721 cls=0.154 er=0.0122 ecr=0.2269 (1.0 im/s)
Ep2 Iter 9300/21164 L=0.2913 cls=0.093 er=0.0066 ecr=0.1243 (1.0 im/s)
Ep2 Iter 9400/21164 L=0.2719 cls=0.153 er=0.0076 ecr=0.1626 (1.0 im/s)
Ep2 Iter 9500/21164 L=0.2608 cls=0.057 er=0.0057 ecr=0.0802 (1.0 im/s)
Ep2 Iter 9600/21164 L=0.2583 cls=0.043 er=0.0060 ecr=0.0930 (1.0 im/s)
Ep2 Iter 9700/21164 L=0.2618 cls=0.122 er=0.0040 ecr=0.1213 (1.1 im/s)
Ep2 Iter 9800/21164 L=0.2601 cls=0.029 er=0.0028 ecr=0.0840 (1.1 im/s)
Ep2 Iter 9900/21164 L=0.2513 cls=0.101 er=0.0075 ecr=0.1144 (1.1 im/s)
Ep2 Iter10000/21164 L=0.2822 cls=0.089 er=0.0076 ecr=0.1334 (1.1 im/s)
Ep2 Iter10100/21164 L=0.2813 cls=0.080 er=0.0082 ecr=0.1565 (1.1 im/s)
Ep2 Iter10200/21164 L=0.2594 cls=0.184 er=0.0060 ecr=0.1250 (1.1 im/s)
Ep2 Iter10300/21164 L=0.2775 cls=0.123 er=0.0099 ecr=0.2208 (1.1 im/s)
Ep2 Iter10400/21164 L=0.2576 cls=0.061 er=0.0074 ecr=0.1375 (1.1 im/s)
Ep2 Iter10500/21164 L=0.2577 cls=0.099 er=0.0062 ecr=0.1316 (1.2 im/s)

=== Epoch 2 Complete ===
  Checkpoint saved: finetune_only_ep2.pth
Ep3 Iter10600/21164 L=0.2777 cls=0.190 er=0.0095 ecr=0.1582 (0.0 im/s)
Ep3 Iter10700/21164 L=0.2459 cls=0.168 er=0.0077 ecr=0.1502 (0.0 im/s)
Ep3 Iter10800/21164 L=0.2829 cls=0.252 er=0.0088 ecr=0.2666 (0.0 im/s)
Ep3 Iter10900/21164 L=0.2608 cls=0.166 er=0.0063 ecr=0.1434 (0.1 im/s)
Ep3 Iter11000/21164 L=0.2672 cls=0.128 er=0.0128 ecr=0.2814 (0.1 im/s)
Ep3 Iter11100/21164 L=0.2653 cls=0.118 er=0.0070 ecr=0.1291 (0.1 im/s)
Ep3 Iter11200/21164 L=0.2495 cls=0.050 er=0.0077 ecr=0.1093 (0.1 im/s)
Ep3 Iter11300/21164 L=0.2502 cls=0.181 er=0.0093 ecr=0.2171 (0.1 im/s)
Ep3 Iter11400/21164 L=0.2737 cls=0.143 er=0.0079 ecr=0.1368 (0.2 im/s)
Ep3 Iter11500/21164 L=0.2548 cls=0.092 er=0.0053 ecr=0.1071 (0.2 im/s)
Ep3 Iter11600/21164 L=0.2456 cls=0.049 er=0.0053 ecr=0.0869 (0.2 im/s)
Ep3 Iter11700/21164 L=0.2599 cls=0.191 er=0.0058 ecr=0.1814 (0.2 im/s)
Ep3 Iter11800/21164 L=0.2525 cls=0.045 er=0.0025 ecr=0.0629 (0.2 im/s)
Ep3 Iter11900/21164 L=0.2624 cls=0.078 er=0.0145 ecr=0.1966 (0.3 im/s)
Ep3 Iter12000/21164 L=0.2700 cls=0.047 er=0.0069 ecr=0.1215 (0.3 im/s)
Ep3 Iter12100/21164 L=0.2538 cls=0.129 er=0.0072 ecr=0.1227 (0.3 im/s)
Ep3 Iter12200/21164 L=0.2494 cls=0.118 er=0.0076 ecr=0.1377 (0.3 im/s)
Ep3 Iter12300/21164 L=0.2685 cls=0.157 er=0.0097 ecr=0.1606 (0.3 im/s)
Ep3 Iter12400/21164 L=0.2404 cls=0.101 er=0.0067 ecr=0.1001 (0.3 im/s)
Ep3 Iter12500/21164 L=0.2662 cls=0.061 er=0.0078 ecr=0.1463 (0.4 im/s)
Ep3 Iter12600/21164 L=0.2615 cls=0.212 er=0.0040 ecr=0.1273 (0.4 im/s)
Ep3 Iter12700/21164 L=0.2413 cls=0.054 er=0.0067 ecr=0.0866 (0.4 im/s)
Ep3 Iter12800/21164 L=0.2498 cls=0.034 er=0.0024 ecr=0.0515 (0.4 im/s)
Ep3 Iter12900/21164 L=0.2556 cls=0.187 er=0.0074 ecr=0.1402 (0.4 im/s)
Ep3 Iter13000/21164 L=0.2588 cls=0.057 er=0.0065 ecr=0.1050 (0.4 im/s)
Ep3 Iter13100/21164 L=0.2510 cls=0.057 er=0.0043 ecr=0.1103 (0.4 im/s)
Ep3 Iter13200/21164 L=0.2544 cls=0.052 er=0.0040 ecr=0.0963 (0.5 im/s)
Ep3 Iter13300/21164 L=0.2533 cls=0.183 er=0.0083 ecr=0.2204 (0.5 im/s)
Ep3 Iter13400/21164 L=0.2692 cls=0.214 er=0.0039 ecr=0.1129 (0.5 im/s)
Ep3 Iter13500/21164 L=0.2457 cls=0.120 er=0.0107 ecr=0.1987 (0.5 im/s)
Ep3 Iter13600/21164 L=0.2531 cls=0.180 er=0.0091 ecr=0.1996 (0.5 im/s)
Ep3 Iter13700/21164 L=0.2578 cls=0.226 er=0.0028 ecr=0.0596 (0.5 im/s)
Ep3 Iter13800/21164 L=0.2605 cls=0.051 er=0.0028 ecr=0.0687 (0.5 im/s)
Ep3 Iter13900/21164 L=0.2488 cls=0.200 er=0.0055 ecr=0.1422 (0.6 im/s)
Ep3 Iter14000/21164 L=0.2486 cls=0.168 er=0.0041 ecr=0.1384 (0.6 im/s)
Ep3 Iter14100/21164 L=0.2631 cls=0.129 er=0.0045 ecr=0.1079 (0.6 im/s)
Ep3 Iter14200/21164 L=0.2414 cls=0.108 er=0.0071 ecr=0.1452 (0.6 im/s)
Ep3 Iter14300/21164 L=0.2561 cls=0.101 er=0.0074 ecr=0.1226 (0.6 im/s)
Ep3 Iter14400/21164 L=0.2497 cls=0.078 er=0.0066 ecr=0.1311 (0.6 im/s)
Ep3 Iter14500/21164 L=0.2647 cls=0.094 er=0.0096 ecr=0.1606 (0.6 im/s)
Ep3 Iter14600/21164 L=0.2715 cls=0.056 er=0.0043 ecr=0.0720 (0.6 im/s)
Ep3 Iter14700/21164 L=0.2413 cls=0.074 er=0.0019 ecr=0.0599 (0.7 im/s)
Ep3 Iter14800/21164 L=0.2521 cls=0.123 er=0.0077 ecr=0.2051 (0.7 im/s)
Ep3 Iter14900/21164 L=0.2413 cls=0.141 er=0.0098 ecr=0.2097 (0.7 im/s)
Ep3 Iter15000/21164 L=0.2460 cls=0.043 er=0.0061 ecr=0.1121 (0.7 im/s)
Ep3 Iter15100/21164 L=0.2520 cls=0.175 er=0.0055 ecr=0.1240 (0.7 im/s)
Ep3 Iter15200/21164 L=0.2438 cls=0.169 er=0.0089 ecr=0.1753 (0.7 im/s)
Ep3 Iter15300/21164 L=0.2567 cls=0.144 er=0.0038 ecr=0.1314 (0.7 im/s)
Ep3 Iter15400/21164 L=0.2520 cls=0.065 er=0.0088 ecr=0.1855 (0.7 im/s)
Ep3 Iter15500/21164 L=0.2541 cls=0.096 er=0.0057 ecr=0.1228 (0.7 im/s)
Ep3 Iter15600/21164 L=0.2514 cls=0.061 er=0.0077 ecr=0.1041 (0.8 im/s)
Ep3 Iter15700/21164 L=0.2408 cls=0.040 er=0.0041 ecr=0.0856 (0.8 im/s)
Ep3 Iter15800/21164 L=0.2498 cls=0.087 er=0.0067 ecr=0.1415 (0.8 im/s)

=== Epoch 3 Complete ===
  Checkpoint saved: finetune_only_ep3.pth
Ep4 Iter15900/21164 L=0.2343 cls=0.236 er=0.0101 ecr=0.2322 (0.0 im/s)
Ep4 Iter16000/21164 L=0.2457 cls=0.099 er=0.0053 ecr=0.1147 (0.0 im/s)
Ep4 Iter16100/21164 L=0.2494 cls=0.069 er=0.0057 ecr=0.1223 (0.0 im/s)
Ep4 Iter16200/21164 L=0.2403 cls=0.084 er=0.0064 ecr=0.1174 (0.0 im/s)
Ep4 Iter16300/21164 L=0.2468 cls=0.238 er=0.0106 ecr=0.2353 (0.1 im/s)
Ep4 Iter16400/21164 L=0.2513 cls=0.086 er=0.0063 ecr=0.1390 (0.1 im/s)
Ep4 Iter16500/21164 L=0.2298 cls=0.092 er=0.0096 ecr=0.1588 (0.1 im/s)
Ep4 Iter16600/21164 L=0.2271 cls=0.031 er=0.0048 ecr=0.0856 (0.1 im/s)
Ep4 Iter16700/21164 L=0.2418 cls=0.134 er=0.0082 ecr=0.1754 (0.1 im/s)
Ep4 Iter16800/21164 L=0.2649 cls=0.096 er=0.0071 ecr=0.1182 (0.1 im/s)
Ep4 Iter16900/21164 L=0.2379 cls=0.053 er=0.0074 ecr=0.1189 (0.1 im/s)
Ep4 Iter17000/21164 L=0.2371 cls=0.060 er=0.0065 ecr=0.1402 (0.2 im/s)
Ep4 Iter17100/21164 L=0.2581 cls=0.058 er=0.0055 ecr=0.1039 (0.2 im/s)
Ep4 Iter17200/21164 L=0.2487 cls=0.244 er=0.0088 ecr=0.2504 (0.2 im/s)
Ep4 Iter17300/21164 L=0.2403 cls=0.137 er=0.0082 ecr=0.1771 (0.2 im/s)
Ep4 Iter17400/21164 L=0.2306 cls=0.107 er=0.0050 ecr=0.1459 (0.2 im/s)
Ep4 Iter17500/21164 L=0.2324 cls=0.140 er=0.0096 ecr=0.1782 (0.2 im/s)
Ep4 Iter17600/21164 L=0.2321 cls=0.091 er=0.0081 ecr=0.1335 (0.2 im/s)
Ep4 Iter17700/21164 L=0.2458 cls=0.142 er=0.0073 ecr=0.1666 (0.2 im/s)
Ep4 Iter17800/21164 L=0.2542 cls=0.088 er=0.0099 ecr=0.1475 (0.3 im/s)
Ep4 Iter17900/21164 L=0.2415 cls=0.232 er=0.0101 ecr=0.1614 (0.3 im/s)
Ep4 Iter18000/21164 L=0.2441 cls=0.035 er=0.0045 ecr=0.0952 (0.3 im/s)
Ep4 Iter18100/21164 L=0.2469 cls=0.107 er=0.0042 ecr=0.2273 (0.3 im/s)
Ep4 Iter18200/21164 L=0.2551 cls=0.112 er=0.0072 ecr=0.1951 (0.3 im/s)
Ep4 Iter18300/21164 L=0.2445 cls=0.223 er=0.0054 ecr=0.1891 (0.3 im/s)
Ep4 Iter18400/21164 L=0.2435 cls=0.071 er=0.0057 ecr=0.0976 (0.3 im/s)
Ep4 Iter18500/21164 L=0.2453 cls=0.087 er=0.0071 ecr=0.1270 (0.3 im/s)
Ep4 Iter18600/21164 L=0.2448 cls=0.130 er=0.0098 ecr=0.1836 (0.3 im/s)
Ep4 Iter18700/21164 L=0.2506 cls=0.218 er=0.0105 ecr=0.2389 (0.4 im/s)
Ep4 Iter18800/21164 L=0.2507 cls=0.075 er=0.0101 ecr=0.1901 (0.4 im/s)
Ep4 Iter18900/21164 L=0.2463 cls=0.090 er=0.0074 ecr=0.1735 (0.4 im/s)
Ep4 Iter19000/21164 L=0.2439 cls=0.131 er=0.0097 ecr=0.2505 (0.4 im/s)
Ep4 Iter19100/21164 L=0.2438 cls=0.037 er=0.0059 ecr=0.1244 (0.4 im/s)
Ep4 Iter19200/21164 L=0.2367 cls=0.031 er=0.0043 ecr=0.0786 (0.4 im/s)
Ep4 Iter19300/21164 L=0.2648 cls=0.057 er=0.0080 ecr=0.1338 (0.4 im/s)
Ep4 Iter19400/21164 L=0.2439 cls=0.054 er=0.0048 ecr=0.0982 (0.4 im/s)
Ep4 Iter19500/21164 L=0.2302 cls=0.094 er=0.0048 ecr=0.1428 (0.4 im/s)
Ep4 Iter19600/21164 L=0.2567 cls=0.093 er=0.0100 ecr=0.1779 (0.4 im/s)
Ep4 Iter19700/21164 L=0.2481 cls=0.065 er=0.0053 ecr=0.0818 (0.5 im/s)
Ep4 Iter19800/21164 L=0.2471 cls=0.133 er=0.0073 ecr=0.1124 (0.5 im/s)
Ep4 Iter19900/21164 L=0.2175 cls=0.057 er=0.0030 ecr=0.0686 (0.5 im/s)
Ep4 Iter20000/21164 L=0.2431 cls=0.155 er=0.0070 ecr=0.1611 (0.5 im/s)
Ep4 Iter20100/21164 L=0.2362 cls=0.037 er=0.0041 ecr=0.0718 (0.5 im/s)
Ep4 Iter20200/21164 L=0.2424 cls=0.089 er=0.0051 ecr=0.0995 (0.5 im/s)
Ep4 Iter20300/21164 L=0.2412 cls=0.050 er=0.0069 ecr=0.1197 (0.5 im/s)
Ep4 Iter20400/21164 L=0.2364 cls=0.027 er=0.0028 ecr=0.0468 (0.5 im/s)
Ep4 Iter20500/21164 L=0.2351 cls=0.042 er=0.0043 ecr=0.0631 (0.5 im/s)
Ep4 Iter20600/21164 L=0.2338 cls=0.210 er=0.0023 ecr=0.1089 (0.5 im/s)
Ep4 Iter20700/21164 L=0.2374 cls=0.121 er=0.0068 ecr=0.1420 (0.5 im/s)
Ep4 Iter20800/21164 L=0.2391 cls=0.042 er=0.0037 ecr=0.0658 (0.6 im/s)
Ep4 Iter20900/21164 L=0.2508 cls=0.201 er=0.0038 ecr=0.1056 (0.6 im/s)
Ep4 Iter21000/21164 L=0.2618 cls=0.040 er=0.0042 ecr=0.0697 (0.6 im/s)
Ep4 Iter21100/21164 L=0.2380 cls=0.109 er=0.0073 ecr=0.1315 (0.6 im/s)

=== Epoch 4 Complete ===
  Checkpoint saved: finetune_only_ep4.pth

Final model: finetune_only.pth
Training complete.
