============================================================
  SEAM + SPFR Fine-tuning (Final Params)
============================================================
{'batch_size': 2, 'max_epoches': 4, 'network': 'network.resnet38_SEAM', 'lr': 0.005, 'num_workers': 0, 'wt_dec': 0.0001, 'train_list': 'voc12/train_aug.txt', 'val_list': 'voc12/val.txt', 'session_name': 'finetune_only_s1', 'crop_size': 448, 'weights': '../SEAM_model/resnet38_SEAM.pth', 'voc12_root': 'VOC2012', 'tblog_dir': './tblog_finetune', 'seed': 1, 'lambda_spfr': 0.1, 'lambda_intra': 0.02, 'lambda_inter': 0.05, 'spfr_warmup': 99, 'sp_n_segments': 300, 'sp_region_size': 20, 'sp_margin': 1.0, 'sp_threshold': 0.2, 'sp_min_pixels': 10}

Model: 105.4M params

Loading SEAM pretrained weights: ../SEAM_model/resnet38_SEAM.pth
  Weights loaded OK (strict=False)
  Frozen: 0.8M params (['conv1a', 'b2', 'b2_1', 'b2_2'])
  Trainable: 104.5M params

Training: 10582 images, 2 batch, 4 epochs, 21164 steps
  Group 0: lr=0.0050, params=30.5M
  Group 1: lr=0.0100, params=73.7M
  Group 2: lr=0.0250, params=0.3M
  Group 3: lr=0.0250, params=0.0M
Session started:  Sun Aug 23 00:04:57 2026
Ep1 Iter    0/21164 L=0.3446 cls=0.112 er=0.0150 ecr=0.2179 (0.3 im/s)
Ep1 Iter  100/21164 L=0.3481 cls=0.118 er=0.0108 ecr=0.1672 (2.3 im/s)
Ep1 Iter  200/21164 L=0.3638 cls=0.290 er=0.0086 ecr=0.2639 (2.3 im/s)
Ep1 Iter  300/21164 L=0.3693 cls=0.182 er=0.0045 ecr=0.1047 (2.3 im/s)
Ep1 Iter  400/21164 L=0.3552 cls=0.145 er=0.0127 ecr=0.1924 (2.3 im/s)
Ep1 Iter  500/21164 L=0.3774 cls=0.367 er=0.0092 ecr=0.2361 (2.2 im/s)
Ep1 Iter  600/21164 L=0.3487 cls=0.182 er=0.0114 ecr=0.2280 (2.2 im/s)
Ep1 Iter  700/21164 L=0.3661 cls=0.080 er=0.0065 ecr=0.1282 (2.2 im/s)
Ep1 Iter  800/21164 L=0.3356 cls=0.194 er=0.0098 ecr=0.2338 (2.2 im/s)
Ep1 Iter  900/21164 L=0.3465 cls=0.086 er=0.0108 ecr=0.1478 (2.2 im/s)
Ep1 Iter 1000/21164 L=0.3370 cls=0.092 er=0.0107 ecr=0.1839 (2.2 im/s)
Ep1 Iter 1100/21164 L=0.3472 cls=0.245 er=0.0082 ecr=0.1679 (2.2 im/s)
Ep1 Iter 1200/21164 L=0.3270 cls=0.144 er=0.0117 ecr=0.2195 (2.2 im/s)
Ep1 Iter 1300/21164 L=0.3531 cls=0.177 er=0.0073 ecr=0.2095 (2.2 im/s)
Ep1 Iter 1400/21164 L=0.3584 cls=0.095 er=0.0080 ecr=0.1473 (2.2 im/s)
Ep1 Iter 1500/21164 L=0.3296 cls=0.190 er=0.0096 ecr=0.1723 (2.2 im/s)
Ep1 Iter 1600/21164 L=0.3412 cls=0.167 er=0.0088 ecr=0.1903 (2.2 im/s)
Ep1 Iter 1700/21164 L=0.3253 cls=0.177 er=0.0075 ecr=0.2058 (2.2 im/s)
Ep1 Iter 1800/21164 L=0.3224 cls=0.110 er=0.0055 ecr=0.1491 (2.2 im/s)
Ep1 Iter 1900/21164 L=0.3167 cls=0.124 er=0.0053 ecr=0.1059 (2.1 im/s)
Ep1 Iter 2000/21164 L=0.3278 cls=0.143 er=0.0100 ecr=0.1884 (2.1 im/s)
Ep1 Iter 2100/21164 L=0.3259 cls=0.105 er=0.0103 ecr=0.1751 (2.1 im/s)
Ep1 Iter 2200/21164 L=0.3246 cls=0.114 er=0.0073 ecr=0.2071 (2.1 im/s)
Ep1 Iter 2300/21164 L=0.3219 cls=0.240 er=0.0038 ecr=0.0938 (2.1 im/s)
Ep1 Iter 2400/21164 L=0.3426 cls=0.129 er=0.0100 ecr=0.1777 (2.1 im/s)
Ep1 Iter 2500/21164 L=0.3230 cls=0.109 er=0.0097 ecr=0.1973 (2.1 im/s)
Ep1 Iter 2600/21164 L=0.3247 cls=0.093 er=0.0074 ecr=0.1110 (2.1 im/s)
Ep1 Iter 2700/21164 L=0.3149 cls=0.131 er=0.0069 ecr=0.1927 (2.1 im/s)
Ep1 Iter 2800/21164 L=0.3242 cls=0.115 er=0.0052 ecr=0.1330 (2.1 im/s)
Ep1 Iter 2900/21164 L=0.3297 cls=0.180 er=0.0078 ecr=0.2021 (2.1 im/s)
Ep1 Iter 3000/21164 L=0.3121 cls=0.228 er=0.0144 ecr=0.2344 (2.1 im/s)
Ep1 Iter 3100/21164 L=0.3276 cls=0.076 er=0.0078 ecr=0.1404 (2.1 im/s)
Ep1 Iter 3200/21164 L=0.3054 cls=0.242 er=0.0083 ecr=0.2209 (2.1 im/s)
Ep1 Iter 3300/21164 L=0.3144 cls=0.106 er=0.0066 ecr=0.1486 (2.1 im/s)
Ep1 Iter 3400/21164 L=0.3158 cls=0.129 er=0.0070 ecr=0.1150 (2.1 im/s)
Ep1 Iter 3500/21164 L=0.3299 cls=0.091 er=0.0055 ecr=0.1210 (2.1 im/s)
Ep1 Iter 3600/21164 L=0.3036 cls=0.094 er=0.0052 ecr=0.1155 (2.1 im/s)
Ep1 Iter 3700/21164 L=0.3153 cls=0.070 er=0.0107 ecr=0.1344 (2.1 im/s)
Ep1 Iter 3800/21164 L=0.3303 cls=0.161 er=0.0116 ecr=0.2178 (2.1 im/s)
Ep1 Iter 3900/21164 L=0.2994 cls=0.170 er=0.0102 ecr=0.1809 (2.1 im/s)
Ep1 Iter 4000/21164 L=0.3105 cls=0.162 er=0.0113 ecr=0.2061 (2.1 im/s)
Ep1 Iter 4100/21164 L=0.3006 cls=0.040 er=0.0034 ecr=0.0648 (2.1 im/s)
Ep1 Iter 4200/21164 L=0.3094 cls=0.111 er=0.0102 ecr=0.1822 (2.1 im/s)
Ep1 Iter 4300/21164 L=0.3089 cls=0.181 er=0.0064 ecr=0.1706 (2.1 im/s)
Ep1 Iter 4400/21164 L=0.3148 cls=0.061 er=0.0101 ecr=0.1485 (2.1 im/s)
Ep1 Iter 4500/21164 L=0.3054 cls=0.095 er=0.0065 ecr=0.1403 (2.1 im/s)
Ep1 Iter 4600/21164 L=0.3020 cls=0.128 er=0.0090 ecr=0.1407 (2.1 im/s)
Ep1 Iter 4700/21164 L=0.2944 cls=0.137 er=0.0050 ecr=0.0978 (2.1 im/s)
Ep1 Iter 4800/21164 L=0.3012 cls=0.104 er=0.0044 ecr=0.0675 (2.1 im/s)
Ep1 Iter 4900/21164 L=0.2985 cls=0.134 er=0.0095 ecr=0.1748 (2.1 im/s)
Ep1 Iter 5000/21164 L=0.2897 cls=0.047 er=0.0066 ecr=0.1023 (2.1 im/s)
Ep1 Iter 5100/21164 L=0.3071 cls=0.104 er=0.0064 ecr=0.1145 (2.1 im/s)
Ep1 Iter 5200/21164 L=0.3025 cls=0.121 er=0.0032 ecr=0.0830 (2.1 im/s)

=== Epoch 1 Complete ===
  Checkpoint saved: finetune_only_s1_ep1.pth
Ep2 Iter 5300/21164 L=0.2911 cls=0.134 er=0.0051 ecr=0.1605 (0.0 im/s)
Ep2 Iter 5400/21164 L=0.2954 cls=0.120 er=0.0067 ecr=0.1455 (0.0 im/s)
Ep2 Iter 5500/21164 L=0.2896 cls=0.123 er=0.0074 ecr=0.1372 (0.1 im/s)
Ep2 Iter 5600/21164 L=0.2822 cls=0.090 er=0.0115 ecr=0.2058 (0.1 im/s)
Ep2 Iter 5700/21164 L=0.2993 cls=0.114 er=0.0050 ecr=0.1093 (0.2 im/s)
Ep2 Iter 5800/21164 L=0.2943 cls=0.099 er=0.0072 ecr=0.2129 (0.2 im/s)
Ep2 Iter 5900/21164 L=0.2811 cls=0.173 er=0.0077 ecr=0.1987 (0.2 im/s)
Ep2 Iter 6000/21164 L=0.2920 cls=0.154 er=0.0024 ecr=0.0851 (0.3 im/s)
Ep2 Iter 6100/21164 L=0.2863 cls=0.096 er=0.0099 ecr=0.1741 (0.3 im/s)
Ep2 Iter 6200/21164 L=0.3047 cls=0.286 er=0.0081 ecr=0.1488 (0.3 im/s)
Ep2 Iter 6300/21164 L=0.2817 cls=0.103 er=0.0111 ecr=0.1749 (0.3 im/s)
Ep2 Iter 6400/21164 L=0.3008 cls=0.056 er=0.0074 ecr=0.1044 (0.4 im/s)
Ep2 Iter 6500/21164 L=0.2908 cls=0.118 er=0.0064 ecr=0.1048 (0.4 im/s)
Ep2 Iter 6600/21164 L=0.2899 cls=0.074 er=0.0072 ecr=0.1336 (0.4 im/s)
Ep2 Iter 6700/21164 L=0.2696 cls=0.126 er=0.0102 ecr=0.1745 (0.4 im/s)
Ep2 Iter 6800/21164 L=0.2828 cls=0.109 er=0.0078 ecr=0.1472 (0.5 im/s)
Ep2 Iter 6900/21164 L=0.2654 cls=0.117 er=0.0104 ecr=0.2241 (0.5 im/s)
Ep2 Iter 7000/21164 L=0.2850 cls=0.037 er=0.0040 ecr=0.0712 (0.5 im/s)
Ep2 Iter 7100/21164 L=0.2829 cls=0.128 er=0.0090 ecr=0.1492 (0.5 im/s)
Ep2 Iter 7200/21164 L=0.2804 cls=0.191 er=0.0109 ecr=0.1743 (0.6 im/s)
Ep2 Iter 7300/21164 L=0.2937 cls=0.122 er=0.0102 ecr=0.1569 (0.6 im/s)
Ep2 Iter 7400/21164 L=0.2798 cls=0.112 er=0.0062 ecr=0.1816 (0.6 im/s)
Ep2 Iter 7500/21164 L=0.2723 cls=0.104 er=0.0044 ecr=0.1138 (0.6 im/s)
Ep2 Iter 7600/21164 L=0.2872 cls=0.068 er=0.0076 ecr=0.1163 (0.6 im/s)
Ep2 Iter 7700/21164 L=0.2907 cls=0.073 er=0.0036 ecr=0.0674 (0.7 im/s)
Ep2 Iter 7800/21164 L=0.2704 cls=0.090 er=0.0115 ecr=0.1895 (0.7 im/s)
Ep2 Iter 7900/21164 L=0.2839 cls=0.257 er=0.0071 ecr=0.2000 (0.7 im/s)
Ep2 Iter 8000/21164 L=0.2806 cls=0.117 er=0.0099 ecr=0.1874 (0.7 im/s)
Ep2 Iter 8100/21164 L=0.2810 cls=0.117 er=0.0125 ecr=0.2143 (0.7 im/s)
Ep2 Iter 8200/21164 L=0.2639 cls=0.090 er=0.0099 ecr=0.2054 (0.8 im/s)
Ep2 Iter 8300/21164 L=0.2668 cls=0.080 er=0.0086 ecr=0.1431 (0.8 im/s)
Ep2 Iter 8400/21164 L=0.2773 cls=0.089 er=0.0082 ecr=0.1200 (0.8 im/s)
Ep2 Iter 8500/21164 L=0.2624 cls=0.109 er=0.0122 ecr=0.2126 (0.8 im/s)
Ep2 Iter 8600/21164 L=0.2858 cls=0.135 er=0.0072 ecr=0.1385 (0.8 im/s)
Ep2 Iter 8700/21164 L=0.2661 cls=0.102 er=0.0027 ecr=0.0990 (0.8 im/s)
Ep2 Iter 8800/21164 L=0.2783 cls=0.144 er=0.0053 ecr=0.1276 (0.8 im/s)
Ep2 Iter 8900/21164 L=0.2702 cls=0.071 er=0.0073 ecr=0.0959 (0.9 im/s)
Ep2 Iter 9000/21164 L=0.2629 cls=0.191 er=0.0053 ecr=0.0959 (0.9 im/s)
Ep2 Iter 9100/21164 L=0.2521 cls=0.087 er=0.0041 ecr=0.1019 (0.9 im/s)
Ep2 Iter 9200/21164 L=0.2822 cls=0.225 er=0.0104 ecr=0.2247 (0.9 im/s)
Ep2 Iter 9300/21164 L=0.2608 cls=0.161 er=0.0101 ecr=0.1560 (0.9 im/s)
Ep2 Iter 9400/21164 L=0.2823 cls=0.129 er=0.0103 ecr=0.1638 (0.9 im/s)
Ep2 Iter 9500/21164 L=0.2703 cls=0.047 er=0.0057 ecr=0.1061 (0.9 im/s)
Ep2 Iter 9600/21164 L=0.2777 cls=0.143 er=0.0051 ecr=0.0819 (1.0 im/s)
Ep2 Iter 9700/21164 L=0.2706 cls=0.062 er=0.0032 ecr=0.0629 (1.0 im/s)
Ep2 Iter 9800/21164 L=0.2786 cls=0.244 er=0.0074 ecr=0.2912 (1.0 im/s)
Ep2 Iter 9900/21164 L=0.2750 cls=0.169 er=0.0076 ecr=0.1460 (1.0 im/s)
Ep2 Iter10000/21164 L=0.2828 cls=0.128 er=0.0067 ecr=0.1423 (1.0 im/s)
Ep2 Iter10100/21164 L=0.2396 cls=0.109 er=0.0029 ecr=0.0929 (1.0 im/s)
Ep2 Iter10200/21164 L=0.2662 cls=0.131 er=0.0037 ecr=0.0982 (1.0 im/s)
Ep2 Iter10300/21164 L=0.2538 cls=0.047 er=0.0066 ecr=0.1070 (1.0 im/s)
Ep2 Iter10400/21164 L=0.2828 cls=0.115 er=0.0116 ecr=0.1640 (1.0 im/s)
Ep2 Iter10500/21164 L=0.2519 cls=0.101 er=0.0096 ecr=0.2013 (1.1 im/s)

=== Epoch 2 Complete ===
  Checkpoint saved: finetune_only_s1_ep2.pth
Ep3 Iter10600/21164 L=0.2593 cls=0.104 er=0.0048 ecr=0.1158 (0.0 im/s)
Ep3 Iter10700/21164 L=0.2727 cls=0.075 er=0.0084 ecr=0.1928 (0.0 im/s)
Ep3 Iter10800/21164 L=0.2760 cls=0.087 er=0.0060 ecr=0.1291 (0.0 im/s)
Ep3 Iter10900/21164 L=0.2626 cls=0.215 er=0.0095 ecr=0.2135 (0.1 im/s)
Ep3 Iter11000/21164 L=0.2639 cls=0.069 er=0.0097 ecr=0.1712 (0.1 im/s)
Ep3 Iter11100/21164 L=0.2533 cls=0.042 er=0.0055 ecr=0.0954 (0.1 im/s)
Ep3 Iter11200/21164 L=0.2892 cls=0.065 er=0.0072 ecr=0.1150 (0.1 im/s)
Ep3 Iter11300/21164 L=0.2582 cls=0.067 er=0.0055 ecr=0.1412 (0.1 im/s)
Ep3 Iter11400/21164 L=0.2691 cls=0.177 er=0.0112 ecr=0.2876 (0.2 im/s)
Ep3 Iter11500/21164 L=0.2553 cls=0.142 er=0.0111 ecr=0.1647 (0.2 im/s)
Ep3 Iter11600/21164 L=0.2731 cls=0.543 er=0.0100 ecr=0.2434 (0.2 im/s)
Ep3 Iter11700/21164 L=0.2642 cls=0.133 er=0.0064 ecr=0.1928 (0.2 im/s)
Ep3 Iter11800/21164 L=0.2399 cls=0.168 er=0.0038 ecr=0.1050 (0.2 im/s)
Ep3 Iter11900/21164 L=0.2452 cls=0.118 er=0.0054 ecr=0.1249 (0.2 im/s)
Ep3 Iter12000/21164 L=0.2556 cls=0.112 er=0.0093 ecr=0.1536 (0.3 im/s)
Ep3 Iter12100/21164 L=0.2526 cls=0.121 er=0.0036 ecr=0.1498 (0.3 im/s)
Ep3 Iter12200/21164 L=0.2675 cls=0.065 er=0.0078 ecr=0.1489 (0.3 im/s)
Ep3 Iter12300/21164 L=0.2626 cls=0.146 er=0.0054 ecr=0.1221 (0.3 im/s)
Ep3 Iter12400/21164 L=0.2617 cls=0.152 er=0.0079 ecr=0.1277 (0.3 im/s)
Ep3 Iter12500/21164 L=0.2541 cls=0.065 er=0.0070 ecr=0.1190 (0.3 im/s)
Ep3 Iter12600/21164 L=0.2596 cls=0.113 er=0.0080 ecr=0.1184 (0.3 im/s)
Ep3 Iter12700/21164 L=0.2499 cls=0.064 er=0.0063 ecr=0.0912 (0.4 im/s)
Ep3 Iter12800/21164 L=0.2551 cls=0.167 er=0.0087 ecr=0.1836 (0.4 im/s)
Ep3 Iter12900/21164 L=0.2429 cls=0.043 er=0.0039 ecr=0.0609 (0.4 im/s)
Ep3 Iter13000/21164 L=0.2608 cls=0.051 er=0.0051 ecr=0.0856 (0.4 im/s)
Ep3 Iter13100/21164 L=0.2503 cls=0.067 er=0.0091 ecr=0.1593 (0.4 im/s)
Ep3 Iter13200/21164 L=0.2642 cls=0.123 er=0.0074 ecr=0.1450 (0.4 im/s)
Ep3 Iter13300/21164 L=0.2417 cls=0.111 er=0.0093 ecr=0.1652 (0.4 im/s)
Ep3 Iter13400/21164 L=0.2523 cls=0.077 er=0.0077 ecr=0.1071 (0.4 im/s)
Ep3 Iter13500/21164 L=0.2415 cls=0.282 er=0.0140 ecr=0.2839 (0.5 im/s)
Ep3 Iter13600/21164 L=0.2617 cls=0.173 er=0.0111 ecr=0.1870 (0.5 im/s)
Ep3 Iter13700/21164 L=0.2576 cls=0.071 er=0.0047 ecr=0.0885 (0.5 im/s)
Ep3 Iter13800/21164 L=0.2508 cls=0.146 er=0.0096 ecr=0.2341 (0.5 im/s)
Ep3 Iter13900/21164 L=0.2695 cls=0.114 er=0.0089 ecr=0.1567 (0.5 im/s)
Ep3 Iter14000/21164 L=0.2659 cls=0.070 er=0.0023 ecr=0.0443 (0.5 im/s)
Ep3 Iter14100/21164 L=0.2331 cls=0.127 er=0.0066 ecr=0.1152 (0.5 im/s)
Ep3 Iter14200/21164 L=0.2523 cls=0.098 er=0.0089 ecr=0.1665 (0.5 im/s)
Ep3 Iter14300/21164 L=0.2353 cls=0.161 er=0.0051 ecr=0.1084 (0.6 im/s)
Ep3 Iter14400/21164 L=0.2578 cls=0.257 er=0.0100 ecr=0.1968 (0.6 im/s)
Ep3 Iter14500/21164 L=0.2475 cls=0.185 er=0.0012 ecr=0.0660 (0.6 im/s)
Ep3 Iter14600/21164 L=0.2632 cls=0.060 er=0.0068 ecr=0.1231 (0.6 im/s)
Ep3 Iter14700/21164 L=0.2604 cls=0.153 er=0.0101 ecr=0.1326 (0.6 im/s)
Ep3 Iter14800/21164 L=0.2522 cls=0.253 er=0.0052 ecr=0.1508 (0.6 im/s)
Ep3 Iter14900/21164 L=0.2549 cls=0.159 er=0.0036 ecr=0.0839 (0.6 im/s)
Ep3 Iter15000/21164 L=0.2535 cls=0.073 er=0.0050 ecr=0.1083 (0.6 im/s)
Ep3 Iter15100/21164 L=0.2477 cls=0.186 er=0.0043 ecr=0.0904 (0.6 im/s)
Ep3 Iter15200/21164 L=0.2557 cls=0.086 er=0.0063 ecr=0.1173 (0.6 im/s)
Ep3 Iter15300/21164 L=0.2379 cls=0.107 er=0.0038 ecr=0.1705 (0.7 im/s)
Ep3 Iter15400/21164 L=0.2550 cls=0.137 er=0.0046 ecr=0.1151 (0.7 im/s)
Ep3 Iter15500/21164 L=0.2523 cls=0.111 er=0.0085 ecr=0.1748 (0.7 im/s)
Ep3 Iter15600/21164 L=0.2572 cls=0.160 er=0.0088 ecr=0.1562 (0.7 im/s)
Ep3 Iter15700/21164 L=0.2316 cls=0.094 er=0.0073 ecr=0.1731 (0.7 im/s)
Ep3 Iter15800/21164 L=0.2606 cls=0.059 er=0.0059 ecr=0.0912 (0.7 im/s)

=== Epoch 3 Complete ===
  Checkpoint saved: finetune_only_s1_ep3.pth
Ep4 Iter15900/21164 L=0.2500 cls=0.077 er=0.0036 ecr=0.0934 (0.0 im/s)
Ep4 Iter16000/21164 L=0.2346 cls=0.058 er=0.0045 ecr=0.0738 (0.0 im/s)
Ep4 Iter16100/21164 L=0.2685 cls=0.181 er=0.0071 ecr=0.2009 (0.0 im/s)
Ep4 Iter16200/21164 L=0.2421 cls=0.097 er=0.0084 ecr=0.1541 (0.0 im/s)
Ep4 Iter16300/21164 L=0.2489 cls=0.123 er=0.0104 ecr=0.1868 (0.1 im/s)
Ep4 Iter16400/21164 L=0.2434 cls=0.189 er=0.0049 ecr=0.1440 (0.1 im/s)
Ep4 Iter16500/21164 L=0.2496 cls=0.295 er=0.0095 ecr=0.2243 (0.1 im/s)
Ep4 Iter16600/21164 L=0.2413 cls=0.104 er=0.0055 ecr=0.0953 (0.1 im/s)
Ep4 Iter16700/21164 L=0.2416 cls=0.135 er=0.0094 ecr=0.1430 (0.1 im/s)
Ep4 Iter16800/21164 L=0.2505 cls=0.232 er=0.0051 ecr=0.0998 (0.1 im/s)
Ep4 Iter16900/21164 L=0.2602 cls=0.143 er=0.0053 ecr=0.1271 (0.1 im/s)
Ep4 Iter17000/21164 L=0.2675 cls=0.258 er=0.0050 ecr=0.1911 (0.1 im/s)
Ep4 Iter17100/21164 L=0.2349 cls=0.098 er=0.0055 ecr=0.1291 (0.2 im/s)
Ep4 Iter17200/21164 L=0.2533 cls=0.112 er=0.0071 ecr=0.1203 (0.2 im/s)
Ep4 Iter17300/21164 L=0.2480 cls=0.105 er=0.0054 ecr=0.1069 (0.2 im/s)
Ep4 Iter17400/21164 L=0.2455 cls=0.198 er=0.0099 ecr=0.2330 (0.2 im/s)
Ep4 Iter17500/21164 L=0.2412 cls=0.039 er=0.0053 ecr=0.1123 (0.2 im/s)
Ep4 Iter17600/21164 L=0.2455 cls=0.134 er=0.0133 ecr=0.2661 (0.2 im/s)
Ep4 Iter17700/21164 L=0.2492 cls=0.095 er=0.0029 ecr=0.0670 (0.2 im/s)
Ep4 Iter17800/21164 L=0.2293 cls=0.072 er=0.0043 ecr=0.0902 (0.2 im/s)
Ep4 Iter17900/21164 L=0.2628 cls=0.117 er=0.0027 ecr=0.0909 (0.2 im/s)
Ep4 Iter18000/21164 L=0.2387 cls=0.064 er=0.0069 ecr=0.1211 (0.3 im/s)
Ep4 Iter18100/21164 L=0.2384 cls=0.115 er=0.0086 ecr=0.1501 (0.3 im/s)
Ep4 Iter18200/21164 L=0.2439 cls=0.151 er=0.0072 ecr=0.2388 (0.3 im/s)
Ep4 Iter18300/21164 L=0.2311 cls=0.072 er=0.0047 ecr=0.0818 (0.3 im/s)
Ep4 Iter18400/21164 L=0.2363 cls=0.175 er=0.0041 ecr=0.1006 (0.3 im/s)
Ep4 Iter18500/21164 L=0.2227 cls=0.101 er=0.0060 ecr=0.1082 (0.3 im/s)
Ep4 Iter18600/21164 L=0.2486 cls=0.058 er=0.0071 ecr=0.1328 (0.3 im/s)
Ep4 Iter18700/21164 L=0.2587 cls=0.077 er=0.0032 ecr=0.0725 (0.3 im/s)
Ep4 Iter18800/21164 L=0.2537 cls=0.134 er=0.0091 ecr=0.1860 (0.3 im/s)
Ep4 Iter18900/21164 L=0.2364 cls=0.060 er=0.0104 ecr=0.1600 (0.3 im/s)
Ep4 Iter19000/21164 L=0.2433 cls=0.067 er=0.0031 ecr=0.1689 (0.4 im/s)
Ep4 Iter19100/21164 L=0.2415 cls=0.081 er=0.0097 ecr=0.1551 (0.4 im/s)
Ep4 Iter19200/21164 L=0.2431 cls=0.247 er=0.0070 ecr=0.1518 (0.4 im/s)
Ep4 Iter19300/21164 L=0.2467 cls=0.088 er=0.0056 ecr=0.1077 (0.4 im/s)
Ep4 Iter19400/21164 L=0.2405 cls=0.093 er=0.0061 ecr=0.1810 (0.4 im/s)
Ep4 Iter19500/21164 L=0.2334 cls=0.083 er=0.0019 ecr=0.0714 (0.4 im/s)
Ep4 Iter19600/21164 L=0.2385 cls=0.170 er=0.0065 ecr=0.1647 (0.4 im/s)
Ep4 Iter19700/21164 L=0.2466 cls=0.036 er=0.0055 ecr=0.1010 (0.4 im/s)
Ep4 Iter19800/21164 L=0.2357 cls=0.043 er=0.0053 ecr=0.0982 (0.4 im/s)
Ep4 Iter19900/21164 L=0.2481 cls=0.091 er=0.0092 ecr=0.1562 (0.4 im/s)
Ep4 Iter20000/21164 L=0.2350 cls=0.060 er=0.0080 ecr=0.1615 (0.4 im/s)
Ep4 Iter20100/21164 L=0.2398 cls=0.074 er=0.0078 ecr=0.1345 (0.4 im/s)
Ep4 Iter20200/21164 L=0.2383 cls=0.081 er=0.0074 ecr=0.1553 (0.5 im/s)
Ep4 Iter20300/21164 L=0.2419 cls=0.123 er=0.0033 ecr=0.0896 (0.5 im/s)
Ep4 Iter20400/21164 L=0.2406 cls=0.061 er=0.0053 ecr=0.1000 (0.5 im/s)
Ep4 Iter20500/21164 L=0.2535 cls=0.058 er=0.0092 ecr=0.1749 (0.5 im/s)
Ep4 Iter20600/21164 L=0.2406 cls=0.049 er=0.0069 ecr=0.1442 (0.5 im/s)
Ep4 Iter20700/21164 L=0.2493 cls=0.131 er=0.0058 ecr=0.1255 (0.5 im/s)
Ep4 Iter20800/21164 L=0.2573 cls=0.145 er=0.0063 ecr=0.1597 (0.5 im/s)
Ep4 Iter20900/21164 L=0.2571 cls=0.079 er=0.0037 ecr=0.0629 (0.5 im/s)
Ep4 Iter21000/21164 L=0.2549 cls=0.345 er=0.0057 ecr=0.1551 (0.5 im/s)
Ep4 Iter21100/21164 L=0.2453 cls=0.077 er=0.0053 ecr=0.1267 (0.5 im/s)

=== Epoch 4 Complete ===
  Checkpoint saved: finetune_only_s1_ep4.pth

Final model: finetune_only_s1.pth
Training complete.
