============================================================
  SEAM + SPFR Fine-tuning (Final Params)
============================================================
{'batch_size': 2, 'max_epoches': 4, 'network': 'network.resnet38_SEAM', 'lr': 0.005, 'num_workers': 0, 'wt_dec': 0.0001, 'train_list': 'voc12/train_aug.txt', 'val_list': 'voc12/val.txt', 'session_name': 'finetune_only_s3', 'crop_size': 448, 'weights': '../SEAM_model/resnet38_SEAM.pth', 'voc12_root': 'VOC2012', 'tblog_dir': './tblog_finetune', 'seed': 3, 'lambda_spfr': 0.1, 'lambda_intra': 0.02, 'lambda_inter': 0.05, 'spfr_warmup': 99, 'sp_n_segments': 300, 'sp_region_size': 20, 'sp_margin': 1.0, 'sp_threshold': 0.2, 'sp_min_pixels': 10}

Model: 105.4M params

Loading SEAM pretrained weights: ../SEAM_model/resnet38_SEAM.pth
  Weights loaded OK (strict=False)
  Frozen: 0.8M params (['conv1a', 'b2', 'b2_1', 'b2_2'])
  Trainable: 104.5M params

Training: 10582 images, 2 batch, 4 epochs, 21164 steps
  Group 0: lr=0.0050, params=30.5M
  Group 1: lr=0.0100, params=73.7M
  Group 2: lr=0.0250, params=0.3M
  Group 3: lr=0.0250, params=0.0M
Session started:  Mon Aug 24 09:06:08 2026
Ep1 Iter    0/21164 L=0.3208 cls=0.105 er=0.0134 ecr=0.2023 (0.4 im/s)
Ep1 Iter  100/21164 L=0.3488 cls=0.140 er=0.0050 ecr=0.1458 (2.4 im/s)
Ep1 Iter  200/21164 L=0.3297 cls=0.194 er=0.0127 ecr=0.1957 (2.5 im/s)
Ep1 Iter  300/21164 L=0.3497 cls=0.149 er=0.0173 ecr=0.2731 (2.4 im/s)
Ep1 Iter  400/21164 L=0.3437 cls=0.223 er=0.0009 ecr=0.0895 (2.4 im/s)
Ep1 Iter  500/21164 L=0.3238 cls=0.155 er=0.0114 ecr=0.1644 (2.4 im/s)
Ep1 Iter  600/21164 L=0.3653 cls=0.186 er=0.0071 ecr=0.1519 (2.3 im/s)
Ep1 Iter  700/21164 L=0.3559 cls=0.191 er=0.0107 ecr=0.1385 (2.3 im/s)
Ep1 Iter  800/21164 L=0.3489 cls=0.099 er=0.0085 ecr=0.1575 (2.3 im/s)
Ep1 Iter  900/21164 L=0.3417 cls=0.121 er=0.0091 ecr=0.1725 (2.3 im/s)
Ep1 Iter 1000/21164 L=0.3339 cls=0.102 er=0.0058 ecr=0.1101 (2.3 im/s)
Ep1 Iter 1100/21164 L=0.3414 cls=0.131 er=0.0032 ecr=0.0640 (2.3 im/s)
Ep1 Iter 1200/21164 L=0.3570 cls=0.123 er=0.0085 ecr=0.1509 (2.3 im/s)
Ep1 Iter 1300/21164 L=0.3656 cls=0.174 er=0.0115 ecr=0.2013 (2.3 im/s)
Ep1 Iter 1400/21164 L=0.3467 cls=0.088 er=0.0053 ecr=0.1021 (2.3 im/s)
Ep1 Iter 1500/21164 L=0.3346 cls=0.229 er=0.0102 ecr=0.2147 (2.2 im/s)
Ep1 Iter 1600/21164 L=0.3169 cls=0.171 er=0.0098 ecr=0.2080 (2.2 im/s)
Ep1 Iter 1700/21164 L=0.3356 cls=0.193 er=0.0112 ecr=0.1781 (2.2 im/s)
Ep1 Iter 1800/21164 L=0.3423 cls=0.170 er=0.0113 ecr=0.2515 (2.2 im/s)
Ep1 Iter 1900/21164 L=0.3307 cls=0.125 er=0.0065 ecr=0.1298 (2.2 im/s)
Ep1 Iter 2000/21164 L=0.3372 cls=0.118 er=0.0100 ecr=0.1647 (2.2 im/s)
Ep1 Iter 2100/21164 L=0.3181 cls=0.132 er=0.0079 ecr=0.1829 (2.2 im/s)
Ep1 Iter 2200/21164 L=0.2960 cls=0.105 er=0.0098 ecr=0.1613 (2.2 im/s)
Ep1 Iter 2300/21164 L=0.3280 cls=0.223 er=0.0089 ecr=0.2438 (2.2 im/s)
Ep1 Iter 2400/21164 L=0.3028 cls=0.064 er=0.0066 ecr=0.1386 (2.2 im/s)
Ep1 Iter 2500/21164 L=0.3339 cls=0.108 er=0.0037 ecr=0.1967 (2.2 im/s)
Ep1 Iter 2600/21164 L=0.3251 cls=0.112 er=0.0052 ecr=0.0982 (2.2 im/s)
Ep1 Iter 2700/21164 L=0.3325 cls=0.249 er=0.0087 ecr=0.1729 (2.2 im/s)
Ep1 Iter 2800/21164 L=0.3093 cls=0.205 er=0.0076 ecr=0.1716 (2.2 im/s)
Ep1 Iter 2900/21164 L=0.3320 cls=0.138 er=0.0032 ecr=0.1039 (2.2 im/s)
Ep1 Iter 3000/21164 L=0.3099 cls=0.220 er=0.0093 ecr=0.1695 (2.2 im/s)
Ep1 Iter 3100/21164 L=0.3113 cls=0.092 er=0.0064 ecr=0.1083 (2.2 im/s)
Ep1 Iter 3200/21164 L=0.3317 cls=0.118 er=0.0056 ecr=0.1117 (2.2 im/s)
Ep1 Iter 3300/21164 L=0.3182 cls=0.103 er=0.0068 ecr=0.1433 (2.2 im/s)
Ep1 Iter 3400/21164 L=0.3168 cls=0.113 er=0.0104 ecr=0.1739 (2.2 im/s)
Ep1 Iter 3500/21164 L=0.2954 cls=0.111 er=0.0085 ecr=0.1954 (2.2 im/s)
Ep1 Iter 3600/21164 L=0.3205 cls=0.086 er=0.0039 ecr=0.0790 (2.2 im/s)
Ep1 Iter 3700/21164 L=0.3096 cls=0.099 er=0.0072 ecr=0.1519 (2.2 im/s)
Ep1 Iter 3800/21164 L=0.3376 cls=0.166 er=0.0084 ecr=0.2096 (2.2 im/s)
Ep1 Iter 3900/21164 L=0.2945 cls=0.102 er=0.0070 ecr=0.1203 (2.2 im/s)
Ep1 Iter 4000/21164 L=0.3059 cls=0.074 er=0.0073 ecr=0.1338 (2.2 im/s)
Ep1 Iter 4100/21164 L=0.3025 cls=0.132 er=0.0058 ecr=0.1011 (2.2 im/s)
Ep1 Iter 4200/21164 L=0.3067 cls=0.180 er=0.0091 ecr=0.1868 (2.2 im/s)
Ep1 Iter 4300/21164 L=0.3109 cls=0.234 er=0.0110 ecr=0.2406 (2.2 im/s)
Ep1 Iter 4400/21164 L=0.3032 cls=0.177 er=0.0053 ecr=0.1388 (2.2 im/s)
Ep1 Iter 4500/21164 L=0.2908 cls=0.306 er=0.0117 ecr=0.2867 (2.2 im/s)
Ep1 Iter 4600/21164 L=0.3119 cls=0.110 er=0.0057 ecr=0.1084 (2.2 im/s)
Ep1 Iter 4700/21164 L=0.3246 cls=0.119 er=0.0083 ecr=0.1268 (2.2 im/s)
Ep1 Iter 4800/21164 L=0.3091 cls=0.126 er=0.0068 ecr=0.1138 (2.2 im/s)
Ep1 Iter 4900/21164 L=0.2971 cls=0.127 er=0.0032 ecr=0.0617 (2.2 im/s)
Ep1 Iter 5000/21164 L=0.3090 cls=0.158 er=0.0093 ecr=0.1888 (2.2 im/s)
Ep1 Iter 5100/21164 L=0.2977 cls=0.125 er=0.0076 ecr=0.1422 (2.2 im/s)
Ep1 Iter 5200/21164 L=0.3041 cls=0.117 er=0.0065 ecr=0.1598 (2.2 im/s)

=== Epoch 1 Complete ===
  Checkpoint saved: finetune_only_s3_ep1.pth
Ep2 Iter 5300/21164 L=0.2974 cls=0.184 er=0.0077 ecr=0.1416 (0.0 im/s)
Ep2 Iter 5400/21164 L=0.2820 cls=0.037 er=0.0051 ecr=0.0859 (0.0 im/s)
Ep2 Iter 5500/21164 L=0.2787 cls=0.184 er=0.0155 ecr=0.2317 (0.1 im/s)
Ep2 Iter 5600/21164 L=0.2879 cls=0.100 er=0.0106 ecr=0.1823 (0.1 im/s)
Ep2 Iter 5700/21164 L=0.3046 cls=0.276 er=0.0076 ecr=0.2044 (0.2 im/s)
Ep2 Iter 5800/21164 L=0.2859 cls=0.096 er=0.0081 ecr=0.1581 (0.2 im/s)
Ep2 Iter 5900/21164 L=0.2947 cls=0.085 er=0.0053 ecr=0.1131 (0.2 im/s)
Ep2 Iter 6000/21164 L=0.2870 cls=0.075 er=0.0116 ecr=0.1427 (0.3 im/s)
Ep2 Iter 6100/21164 L=0.2874 cls=0.155 er=0.0060 ecr=0.1365 (0.3 im/s)
Ep2 Iter 6200/21164 L=0.2855 cls=0.049 er=0.0068 ecr=0.1227 (0.3 im/s)
Ep2 Iter 6300/21164 L=0.2909 cls=0.274 er=0.0065 ecr=0.1996 (0.4 im/s)
Ep2 Iter 6400/21164 L=0.2879 cls=0.050 er=0.0037 ecr=0.0837 (0.4 im/s)
Ep2 Iter 6500/21164 L=0.2882 cls=0.134 er=0.0033 ecr=0.1126 (0.4 im/s)
Ep2 Iter 6600/21164 L=0.2980 cls=0.120 er=0.0074 ecr=0.1851 (0.4 im/s)
Ep2 Iter 6700/21164 L=0.2836 cls=0.302 er=0.0097 ecr=0.1992 (0.5 im/s)
Ep2 Iter 6800/21164 L=0.2943 cls=0.191 er=0.0066 ecr=0.1587 (0.5 im/s)
Ep2 Iter 6900/21164 L=0.2864 cls=0.137 er=0.0112 ecr=0.1698 (0.5 im/s)
Ep2 Iter 7000/21164 L=0.2847 cls=0.088 er=0.0070 ecr=0.1367 (0.5 im/s)
Ep2 Iter 7100/21164 L=0.3028 cls=0.071 er=0.0104 ecr=0.2074 (0.6 im/s)
Ep2 Iter 7200/21164 L=0.2806 cls=0.128 er=0.0046 ecr=0.1109 (0.6 im/s)
Ep2 Iter 7300/21164 L=0.2723 cls=0.062 er=0.0061 ecr=0.1090 (0.6 im/s)
Ep2 Iter 7400/21164 L=0.2799 cls=0.139 er=0.0074 ecr=0.1638 (0.6 im/s)
Ep2 Iter 7500/21164 L=0.2778 cls=0.060 er=0.0065 ecr=0.1050 (0.7 im/s)
Ep2 Iter 7600/21164 L=0.2802 cls=0.072 er=0.0061 ecr=0.1059 (0.7 im/s)
Ep2 Iter 7700/21164 L=0.2706 cls=0.055 er=0.0064 ecr=0.1028 (0.7 im/s)
Ep2 Iter 7800/21164 L=0.2835 cls=0.105 er=0.0089 ecr=0.1531 (0.7 im/s)
Ep2 Iter 7900/21164 L=0.2873 cls=0.059 er=0.0093 ecr=0.1397 (0.7 im/s)
Ep2 Iter 8000/21164 L=0.2777 cls=0.194 er=0.0048 ecr=0.1420 (0.8 im/s)
Ep2 Iter 8100/21164 L=0.2732 cls=0.074 er=0.0068 ecr=0.1183 (0.8 im/s)
Ep2 Iter 8200/21164 L=0.2832 cls=0.096 er=0.0090 ecr=0.1316 (0.8 im/s)
Ep2 Iter 8300/21164 L=0.2735 cls=0.271 er=0.0076 ecr=0.1438 (0.8 im/s)
Ep2 Iter 8400/21164 L=0.2778 cls=0.061 er=0.0047 ecr=0.0904 (0.8 im/s)
Ep2 Iter 8500/21164 L=0.2631 cls=0.077 er=0.0062 ecr=0.1140 (0.8 im/s)
Ep2 Iter 8600/21164 L=0.2506 cls=0.094 er=0.0052 ecr=0.1189 (0.9 im/s)
Ep2 Iter 8700/21164 L=0.2765 cls=0.052 er=0.0073 ecr=0.1341 (0.9 im/s)
Ep2 Iter 8800/21164 L=0.2679 cls=0.101 er=0.0041 ecr=0.0727 (0.9 im/s)
Ep2 Iter 8900/21164 L=0.2752 cls=0.071 er=0.0089 ecr=0.1258 (0.9 im/s)
Ep2 Iter 9000/21164 L=0.2799 cls=0.107 er=0.0093 ecr=0.1499 (0.9 im/s)
Ep2 Iter 9100/21164 L=0.2822 cls=0.115 er=0.0119 ecr=0.1795 (0.9 im/s)
Ep2 Iter 9200/21164 L=0.2837 cls=0.103 er=0.0067 ecr=0.2408 (0.9 im/s)
Ep2 Iter 9300/21164 L=0.2652 cls=0.073 er=0.0062 ecr=0.1255 (1.0 im/s)
Ep2 Iter 9400/21164 L=0.2607 cls=0.096 er=0.0081 ecr=0.1543 (1.0 im/s)
Ep2 Iter 9500/21164 L=0.2793 cls=0.148 er=0.0078 ecr=0.1429 (1.0 im/s)
Ep2 Iter 9600/21164 L=0.2847 cls=0.114 er=0.0077 ecr=0.2084 (1.0 im/s)
Ep2 Iter 9700/21164 L=0.2789 cls=0.155 er=0.0108 ecr=0.1813 (1.0 im/s)
Ep2 Iter 9800/21164 L=0.2914 cls=0.166 er=0.0094 ecr=0.1427 (1.0 im/s)
Ep2 Iter 9900/21164 L=0.2772 cls=0.064 er=0.0074 ecr=0.1449 (1.0 im/s)
Ep2 Iter10000/21164 L=0.2538 cls=0.106 er=0.0066 ecr=0.1497 (1.0 im/s)
Ep2 Iter10100/21164 L=0.2667 cls=0.064 er=0.0064 ecr=0.1032 (1.1 im/s)
Ep2 Iter10200/21164 L=0.2782 cls=0.071 er=0.0039 ecr=0.1859 (1.1 im/s)
Ep2 Iter10300/21164 L=0.2477 cls=0.063 er=0.0052 ecr=0.1131 (1.1 im/s)
Ep2 Iter10400/21164 L=0.2785 cls=0.093 er=0.0110 ecr=0.1577 (1.1 im/s)
Ep2 Iter10500/21164 L=0.2723 cls=0.106 er=0.0071 ecr=0.1480 (1.1 im/s)

=== Epoch 2 Complete ===
  Checkpoint saved: finetune_only_s3_ep2.pth
Ep3 Iter10600/21164 L=0.2702 cls=0.068 er=0.0044 ecr=0.0990 (0.0 im/s)
Ep3 Iter10700/21164 L=0.2553 cls=0.171 er=0.0066 ecr=0.1301 (0.0 im/s)
Ep3 Iter10800/21164 L=0.2651 cls=0.102 er=0.0056 ecr=0.0771 (0.0 im/s)
Ep3 Iter10900/21164 L=0.2506 cls=0.179 er=0.0091 ecr=0.2315 (0.1 im/s)
Ep3 Iter11000/21164 L=0.2608 cls=0.136 er=0.0083 ecr=0.1848 (0.1 im/s)
Ep3 Iter11100/21164 L=0.2695 cls=0.063 er=0.0059 ecr=0.0912 (0.1 im/s)
Ep3 Iter11200/21164 L=0.2793 cls=0.185 er=0.0106 ecr=0.2217 (0.1 im/s)
Ep3 Iter11300/21164 L=0.2580 cls=0.140 er=0.0074 ecr=0.1272 (0.1 im/s)
Ep3 Iter11400/21164 L=0.2760 cls=0.105 er=0.0024 ecr=0.0783 (0.2 im/s)
Ep3 Iter11500/21164 L=0.2600 cls=0.072 er=0.0084 ecr=0.1553 (0.2 im/s)
Ep3 Iter11600/21164 L=0.2723 cls=0.136 er=0.0126 ecr=0.2290 (0.2 im/s)
Ep3 Iter11700/21164 L=0.2623 cls=0.037 er=0.0052 ecr=0.0830 (0.2 im/s)
Ep3 Iter11800/21164 L=0.2632 cls=0.123 er=0.0079 ecr=0.1677 (0.2 im/s)
Ep3 Iter11900/21164 L=0.2499 cls=0.120 er=0.0084 ecr=0.1673 (0.2 im/s)
Ep3 Iter12000/21164 L=0.2569 cls=0.116 er=0.0088 ecr=0.1556 (0.3 im/s)
Ep3 Iter12100/21164 L=0.2495 cls=0.126 er=0.0065 ecr=0.0949 (0.3 im/s)
Ep3 Iter12200/21164 L=0.2597 cls=0.057 er=0.0061 ecr=0.1209 (0.3 im/s)
Ep3 Iter12300/21164 L=0.2680 cls=0.146 er=0.0060 ecr=0.1679 (0.3 im/s)
Ep3 Iter12400/21164 L=0.2742 cls=0.092 er=0.0052 ecr=0.1299 (0.3 im/s)
Ep3 Iter12500/21164 L=0.2605 cls=0.170 er=0.0119 ecr=0.1483 (0.3 im/s)
Ep3 Iter12600/21164 L=0.2682 cls=0.257 er=0.0093 ecr=0.2385 (0.4 im/s)
Ep3 Iter12700/21164 L=0.2636 cls=0.092 er=0.0046 ecr=0.1205 (0.4 im/s)
Ep3 Iter12800/21164 L=0.2716 cls=0.058 er=0.0050 ecr=0.1227 (0.4 im/s)
Ep3 Iter12900/21164 L=0.2546 cls=0.041 er=0.0053 ecr=0.0990 (0.4 im/s)
Ep3 Iter13000/21164 L=0.2549 cls=0.238 er=0.0090 ecr=0.2119 (0.4 im/s)
Ep3 Iter13100/21164 L=0.2668 cls=0.055 er=0.0065 ecr=0.0993 (0.4 im/s)
Ep3 Iter13200/21164 L=0.2541 cls=0.124 er=0.0084 ecr=0.1592 (0.4 im/s)
Ep3 Iter13300/21164 L=0.2505 cls=0.095 er=0.0059 ecr=0.1113 (0.5 im/s)
Ep3 Iter13400/21164 L=0.2630 cls=0.081 er=0.0077 ecr=0.1646 (0.5 im/s)
Ep3 Iter13500/21164 L=0.2492 cls=0.233 er=0.0048 ecr=0.1406 (0.5 im/s)
Ep3 Iter13600/21164 L=0.2363 cls=0.141 er=0.0089 ecr=0.1834 (0.5 im/s)
Ep3 Iter13700/21164 L=0.2662 cls=0.085 er=0.0064 ecr=0.1269 (0.5 im/s)
Ep3 Iter13800/21164 L=0.2465 cls=0.296 er=0.0096 ecr=0.1972 (0.5 im/s)
Ep3 Iter13900/21164 L=0.2506 cls=0.125 er=0.0095 ecr=0.1764 (0.5 im/s)
Ep3 Iter14000/21164 L=0.2577 cls=0.084 er=0.0084 ecr=0.1367 (0.5 im/s)
Ep3 Iter14100/21164 L=0.2617 cls=0.141 er=0.0088 ecr=0.1501 (0.5 im/s)
Ep3 Iter14200/21164 L=0.2470 cls=0.053 er=0.0040 ecr=0.0729 (0.6 im/s)
Ep3 Iter14300/21164 L=0.2468 cls=0.098 er=0.0057 ecr=0.2219 (0.6 im/s)
Ep3 Iter14400/21164 L=0.2741 cls=0.189 er=0.0086 ecr=0.2130 (0.6 im/s)
Ep3 Iter14500/21164 L=0.2557 cls=0.122 er=0.0077 ecr=0.1938 (0.6 im/s)
Ep3 Iter14600/21164 L=0.2648 cls=0.282 er=0.0083 ecr=0.3628 (0.6 im/s)
Ep3 Iter14700/21164 L=0.2508 cls=0.061 er=0.0056 ecr=0.0819 (0.6 im/s)
Ep3 Iter14800/21164 L=0.2621 cls=0.131 er=0.0095 ecr=0.1863 (0.6 im/s)
Ep3 Iter14900/21164 L=0.2587 cls=0.138 er=0.0034 ecr=0.1118 (0.6 im/s)
Ep3 Iter15000/21164 L=0.2468 cls=0.046 er=0.0035 ecr=0.0882 (0.6 im/s)
Ep3 Iter15100/21164 L=0.2589 cls=0.112 er=0.0058 ecr=0.0986 (0.7 im/s)
Ep3 Iter15200/21164 L=0.2381 cls=0.053 er=0.0069 ecr=0.0855 (0.7 im/s)
Ep3 Iter15300/21164 L=0.2520 cls=0.072 er=0.0090 ecr=0.1552 (0.7 im/s)
Ep3 Iter15400/21164 L=0.2441 cls=0.063 er=0.0082 ecr=0.1182 (0.7 im/s)
Ep3 Iter15500/21164 L=0.2418 cls=0.088 er=0.0011 ecr=0.0519 (0.7 im/s)
Ep3 Iter15600/21164 L=0.2481 cls=0.037 er=0.0029 ecr=0.0697 (0.7 im/s)
Ep3 Iter15700/21164 L=0.2530 cls=0.129 er=0.0043 ecr=0.1127 (0.7 im/s)
Ep3 Iter15800/21164 L=0.2391 cls=0.169 er=0.0113 ecr=0.2727 (0.7 im/s)

=== Epoch 3 Complete ===
  Checkpoint saved: finetune_only_s3_ep3.pth
Ep4 Iter15900/21164 L=0.2682 cls=0.085 er=0.0054 ecr=0.1256 (0.0 im/s)
Ep4 Iter16000/21164 L=0.2405 cls=0.162 er=0.0067 ecr=0.1761 (0.0 im/s)
Ep4 Iter16100/21164 L=0.2523 cls=0.129 er=0.0109 ecr=0.1696 (0.0 im/s)
Ep4 Iter16200/21164 L=0.2593 cls=0.073 er=0.0080 ecr=0.1425 (0.0 im/s)
Ep4 Iter16300/21164 L=0.2445 cls=0.113 er=0.0074 ecr=0.1859 (0.1 im/s)
Ep4 Iter16400/21164 L=0.2524 cls=0.077 er=0.0074 ecr=0.1335 (0.1 im/s)
Ep4 Iter16500/21164 L=0.2496 cls=0.136 er=0.0119 ecr=0.1860 (0.1 im/s)
Ep4 Iter16600/21164 L=0.2238 cls=0.141 er=0.0082 ecr=0.1256 (0.1 im/s)
Ep4 Iter16700/21164 L=0.2288 cls=0.048 er=0.0044 ecr=0.0802 (0.1 im/s)
Ep4 Iter16800/21164 L=0.2681 cls=0.529 er=0.0083 ecr=0.2931 (0.1 im/s)
Ep4 Iter16900/21164 L=0.2697 cls=0.062 er=0.0065 ecr=0.1442 (0.1 im/s)
Ep4 Iter17000/21164 L=0.2395 cls=0.060 er=0.0058 ecr=0.1018 (0.1 im/s)
Ep4 Iter17100/21164 L=0.2523 cls=0.266 er=0.0066 ecr=0.1238 (0.2 im/s)
Ep4 Iter17200/21164 L=0.2422 cls=0.183 er=0.0080 ecr=0.2070 (0.2 im/s)
Ep4 Iter17300/21164 L=0.2541 cls=0.155 er=0.0132 ecr=0.2542 (0.2 im/s)
Ep4 Iter17400/21164 L=0.2399 cls=0.131 er=0.0065 ecr=0.1486 (0.2 im/s)
Ep4 Iter17500/21164 L=0.2521 cls=0.136 er=0.0038 ecr=0.0827 (0.2 im/s)
Ep4 Iter17600/21164 L=0.2344 cls=0.051 er=0.0072 ecr=0.1433 (0.2 im/s)
Ep4 Iter17700/21164 L=0.2370 cls=0.091 er=0.0031 ecr=0.0979 (0.2 im/s)
Ep4 Iter17800/21164 L=0.2380 cls=0.061 er=0.0060 ecr=0.1031 (0.2 im/s)
Ep4 Iter17900/21164 L=0.2588 cls=0.125 er=0.0048 ecr=0.1065 (0.2 im/s)
Ep4 Iter18000/21164 L=0.2553 cls=0.065 er=0.0048 ecr=0.0689 (0.3 im/s)
Ep4 Iter18100/21164 L=0.2501 cls=0.087 er=0.0082 ecr=0.1634 (0.3 im/s)
Ep4 Iter18200/21164 L=0.2385 cls=0.067 er=0.0067 ecr=0.1020 (0.3 im/s)
Ep4 Iter18300/21164 L=0.2434 cls=0.178 er=0.0077 ecr=0.1635 (0.3 im/s)
Ep4 Iter18400/21164 L=0.2566 cls=0.094 er=0.0094 ecr=0.1502 (0.3 im/s)
Ep4 Iter18500/21164 L=0.2533 cls=0.100 er=0.0058 ecr=0.1586 (0.3 im/s)
Ep4 Iter18600/21164 L=0.2501 cls=0.051 er=0.0032 ecr=0.0739 (0.3 im/s)
Ep4 Iter18700/21164 L=0.2380 cls=0.132 er=0.0067 ecr=0.1031 (0.3 im/s)
Ep4 Iter18800/21164 L=0.2356 cls=0.086 er=0.0045 ecr=0.1137 (0.3 im/s)
Ep4 Iter18900/21164 L=0.2307 cls=0.077 er=0.0067 ecr=0.1056 (0.3 im/s)
Ep4 Iter19000/21164 L=0.2513 cls=0.037 er=0.0080 ecr=0.1418 (0.4 im/s)
Ep4 Iter19100/21164 L=0.2479 cls=0.178 er=0.0056 ecr=0.0999 (0.4 im/s)
Ep4 Iter19200/21164 L=0.2709 cls=0.124 er=0.0034 ecr=0.1202 (0.4 im/s)
Ep4 Iter19300/21164 L=0.2435 cls=0.072 er=0.0050 ecr=0.1105 (0.4 im/s)
Ep4 Iter19400/21164 L=0.2453 cls=0.122 er=0.0070 ecr=0.1386 (0.4 im/s)
Ep4 Iter19500/21164 L=0.2321 cls=0.149 er=0.0030 ecr=0.1393 (0.4 im/s)
Ep4 Iter19600/21164 L=0.2382 cls=0.065 er=0.0050 ecr=0.0952 (0.4 im/s)
Ep4 Iter19700/21164 L=0.2431 cls=0.109 er=0.0083 ecr=0.1405 (0.4 im/s)
Ep4 Iter19800/21164 L=0.2354 cls=0.036 er=0.0033 ecr=0.0654 (0.4 im/s)
Ep4 Iter19900/21164 L=0.2374 cls=0.300 er=0.0071 ecr=0.1546 (0.4 im/s)
Ep4 Iter20000/21164 L=0.2393 cls=0.049 er=0.0049 ecr=0.0915 (0.4 im/s)
Ep4 Iter20100/21164 L=0.2495 cls=0.084 er=0.0071 ecr=0.1587 (0.5 im/s)
Ep4 Iter20200/21164 L=0.2283 cls=0.159 er=0.0057 ecr=0.1224 (0.5 im/s)
Ep4 Iter20300/21164 L=0.2510 cls=0.178 er=0.0042 ecr=0.0807 (0.5 im/s)
Ep4 Iter20400/21164 L=0.2573 cls=0.321 er=0.0089 ecr=0.1780 (0.5 im/s)
Ep4 Iter20500/21164 L=0.2517 cls=0.087 er=0.0089 ecr=0.2193 (0.5 im/s)
Ep4 Iter20600/21164 L=0.2536 cls=0.071 er=0.0038 ecr=0.0839 (0.5 im/s)
Ep4 Iter20700/21164 L=0.2521 cls=0.037 er=0.0072 ecr=0.1194 (0.5 im/s)
Ep4 Iter20800/21164 L=0.2387 cls=0.188 er=0.0065 ecr=0.1445 (0.5 im/s)
Ep4 Iter20900/21164 L=0.2338 cls=0.070 er=0.0041 ecr=0.0834 (0.5 im/s)
Ep4 Iter21000/21164 L=0.2451 cls=0.044 er=0.0045 ecr=0.0736 (0.5 im/s)
Ep4 Iter21100/21164 L=0.2471 cls=0.087 er=0.0059 ecr=0.1224 (0.5 im/s)

=== Epoch 4 Complete ===
  Checkpoint saved: finetune_only_s3_ep4.pth

Final model: finetune_only_s3.pth
Training complete.
