============================================================
  SEAM + SPFR Fine-tuning (Final Params)
============================================================
{'batch_size': 2, 'max_epoches': 4, 'network': 'network.resnet38_SEAM', 'lr': 0.005, 'num_workers': 0, 'wt_dec': 0.0001, 'train_list': 'voc12/train_aug.txt', 'val_list': 'voc12/val.txt', 'session_name': 'finetune_only_s2', 'crop_size': 448, 'weights': '../SEAM_model/resnet38_SEAM.pth', 'voc12_root': 'VOC2012', 'tblog_dir': './tblog_finetune', 'seed': 2, 'lambda_spfr': 0.1, 'lambda_intra': 0.02, 'lambda_inter': 0.05, 'spfr_warmup': 99, 'sp_n_segments': 300, 'sp_region_size': 20, 'sp_margin': 1.0, 'sp_threshold': 0.2, 'sp_min_pixels': 10}

Model: 105.4M params

Loading SEAM pretrained weights: ../SEAM_model/resnet38_SEAM.pth
  Weights loaded OK (strict=False)
  Frozen: 0.8M params (['conv1a', 'b2', 'b2_1', 'b2_2'])
  Trainable: 104.5M params

Training: 10582 images, 2 batch, 4 epochs, 21164 steps
  Group 0: lr=0.0050, params=30.5M
  Group 1: lr=0.0100, params=73.7M
  Group 2: lr=0.0250, params=0.3M
  Group 3: lr=0.0250, params=0.0M
Session started:  Sun Aug 23 19:16:23 2026
Ep1 Iter    0/21164 L=0.2444 cls=0.098 er=0.0096 ecr=0.1369 (0.4 im/s)
Ep1 Iter  100/21164 L=0.3347 cls=0.162 er=0.0109 ecr=0.1932 (2.3 im/s)
Ep1 Iter  200/21164 L=0.3737 cls=0.106 er=0.0108 ecr=0.1807 (2.2 im/s)
Ep1 Iter  300/21164 L=0.3555 cls=0.233 er=0.0171 ecr=0.2782 (2.2 im/s)
Ep1 Iter  400/21164 L=0.3492 cls=0.171 er=0.0145 ecr=0.2610 (2.2 im/s)
Ep1 Iter  500/21164 L=0.3619 cls=0.184 er=0.0104 ecr=0.3136 (2.2 im/s)
Ep1 Iter  600/21164 L=0.3570 cls=0.104 er=0.0092 ecr=0.1674 (2.2 im/s)
Ep1 Iter  700/21164 L=0.3534 cls=0.062 er=0.0049 ecr=0.0947 (2.2 im/s)
Ep1 Iter  800/21164 L=0.3461 cls=0.117 er=0.0086 ecr=0.1599 (2.2 im/s)
Ep1 Iter  900/21164 L=0.3382 cls=0.224 er=0.0086 ecr=0.2055 (2.2 im/s)
Ep1 Iter 1000/21164 L=0.3551 cls=0.274 er=0.0133 ecr=0.2641 (2.2 im/s)
Ep1 Iter 1100/21164 L=0.3332 cls=0.094 er=0.0066 ecr=0.1453 (2.2 im/s)
Ep1 Iter 1200/21164 L=0.3375 cls=0.068 er=0.0058 ecr=0.1041 (2.2 im/s)
Ep1 Iter 1300/21164 L=0.3364 cls=0.124 er=0.0057 ecr=0.1306 (2.2 im/s)
Ep1 Iter 1400/21164 L=0.3376 cls=0.270 er=0.0119 ecr=0.2016 (2.2 im/s)
Ep1 Iter 1500/21164 L=0.3417 cls=0.107 er=0.0115 ecr=0.1503 (2.2 im/s)
Ep1 Iter 1600/21164 L=0.3283 cls=0.111 er=0.0054 ecr=0.1232 (2.2 im/s)
Ep1 Iter 1700/21164 L=0.3338 cls=0.056 er=0.0075 ecr=0.1245 (2.2 im/s)
Ep1 Iter 1800/21164 L=0.3247 cls=0.119 er=0.0081 ecr=0.1877 (2.2 im/s)
Ep1 Iter 1900/21164 L=0.3252 cls=0.140 er=0.0128 ecr=0.2448 (2.2 im/s)
Ep1 Iter 2000/21164 L=0.3278 cls=0.140 er=0.0097 ecr=0.1265 (2.2 im/s)
Ep1 Iter 2100/21164 L=0.3468 cls=0.112 er=0.0088 ecr=0.1691 (2.2 im/s)
Ep1 Iter 2200/21164 L=0.3218 cls=0.170 er=0.0094 ecr=0.2520 (2.2 im/s)
Ep1 Iter 2300/21164 L=0.3322 cls=0.181 er=0.0099 ecr=0.1770 (2.2 im/s)
Ep1 Iter 2400/21164 L=0.3152 cls=0.072 er=0.0088 ecr=0.1514 (2.2 im/s)
Ep1 Iter 2500/21164 L=0.3388 cls=0.216 er=0.0094 ecr=0.1581 (2.2 im/s)
Ep1 Iter 2600/21164 L=0.3353 cls=0.395 er=0.0099 ecr=0.2568 (2.2 im/s)
Ep1 Iter 2700/21164 L=0.3419 cls=0.112 er=0.0096 ecr=0.1488 (2.2 im/s)
Ep1 Iter 2800/21164 L=0.3272 cls=0.090 er=0.0071 ecr=0.1359 (2.2 im/s)
Ep1 Iter 2900/21164 L=0.3278 cls=0.108 er=0.0099 ecr=0.1651 (2.2 im/s)
Ep1 Iter 3000/21164 L=0.3211 cls=0.124 er=0.0064 ecr=0.1641 (2.2 im/s)
Ep1 Iter 3100/21164 L=0.3273 cls=0.143 er=0.0105 ecr=0.1859 (2.2 im/s)
Ep1 Iter 3200/21164 L=0.3120 cls=0.307 er=0.0166 ecr=0.2487 (2.2 im/s)
Ep1 Iter 3300/21164 L=0.3280 cls=0.101 er=0.0047 ecr=0.1243 (2.2 im/s)
Ep1 Iter 3400/21164 L=0.3149 cls=0.089 er=0.0062 ecr=0.1191 (2.2 im/s)
Ep1 Iter 3500/21164 L=0.3188 cls=0.107 er=0.0037 ecr=0.1863 (2.2 im/s)
Ep1 Iter 3600/21164 L=0.3101 cls=0.240 er=0.0063 ecr=0.1513 (2.2 im/s)
Ep1 Iter 3700/21164 L=0.3074 cls=0.097 er=0.0083 ecr=0.1065 (2.2 im/s)
Ep1 Iter 3800/21164 L=0.3025 cls=0.137 er=0.0039 ecr=0.1252 (2.2 im/s)
Ep1 Iter 3900/21164 L=0.3169 cls=0.138 er=0.0112 ecr=0.2279 (2.2 im/s)
Ep1 Iter 4000/21164 L=0.2948 cls=0.212 er=0.0104 ecr=0.2687 (2.2 im/s)
Ep1 Iter 4100/21164 L=0.3045 cls=0.064 er=0.0061 ecr=0.0838 (2.2 im/s)
Ep1 Iter 4200/21164 L=0.3213 cls=0.116 er=0.0096 ecr=0.1862 (2.2 im/s)
Ep1 Iter 4300/21164 L=0.3008 cls=0.165 er=0.0037 ecr=0.0989 (2.2 im/s)
Ep1 Iter 4400/21164 L=0.2946 cls=0.163 er=0.0077 ecr=0.1524 (2.2 im/s)
Ep1 Iter 4500/21164 L=0.3217 cls=0.146 er=0.0133 ecr=0.2712 (2.2 im/s)
Ep1 Iter 4600/21164 L=0.3105 cls=0.156 er=0.0076 ecr=0.2324 (2.2 im/s)
Ep1 Iter 4700/21164 L=0.3034 cls=0.251 er=0.0066 ecr=0.2019 (2.2 im/s)
Ep1 Iter 4800/21164 L=0.2938 cls=0.119 er=0.0065 ecr=0.1601 (2.2 im/s)
Ep1 Iter 4900/21164 L=0.2785 cls=0.086 er=0.0035 ecr=0.0874 (2.2 im/s)
Ep1 Iter 5000/21164 L=0.2945 cls=0.138 er=0.0041 ecr=0.1333 (2.2 im/s)
Ep1 Iter 5100/21164 L=0.3117 cls=0.213 er=0.0091 ecr=0.2145 (2.2 im/s)
Ep1 Iter 5200/21164 L=0.3067 cls=0.140 er=0.0077 ecr=0.1616 (2.2 im/s)

=== Epoch 1 Complete ===
  Checkpoint saved: finetune_only_s2_ep1.pth
Ep2 Iter 5300/21164 L=0.3016 cls=0.056 er=0.0046 ecr=0.1000 (0.0 im/s)
Ep2 Iter 5400/21164 L=0.3069 cls=0.069 er=0.0074 ecr=0.1573 (0.0 im/s)
Ep2 Iter 5500/21164 L=0.3126 cls=0.068 er=0.0061 ecr=0.1142 (0.1 im/s)
Ep2 Iter 5600/21164 L=0.2893 cls=0.078 er=0.0084 ecr=0.1557 (0.1 im/s)
Ep2 Iter 5700/21164 L=0.2957 cls=0.118 er=0.0065 ecr=0.1268 (0.2 im/s)
Ep2 Iter 5800/21164 L=0.3033 cls=0.074 er=0.0041 ecr=0.0749 (0.2 im/s)
Ep2 Iter 5900/21164 L=0.2809 cls=0.132 er=0.0092 ecr=0.1633 (0.2 im/s)
Ep2 Iter 6000/21164 L=0.3024 cls=0.128 er=0.0021 ecr=0.2074 (0.3 im/s)
Ep2 Iter 6100/21164 L=0.3043 cls=0.091 er=0.0066 ecr=0.1680 (0.3 im/s)
Ep2 Iter 6200/21164 L=0.2993 cls=0.174 er=0.0077 ecr=0.1503 (0.3 im/s)
Ep2 Iter 6300/21164 L=0.2886 cls=0.078 er=0.0067 ecr=0.1564 (0.3 im/s)
Ep2 Iter 6400/21164 L=0.2808 cls=0.121 er=0.0046 ecr=0.1544 (0.4 im/s)
Ep2 Iter 6500/21164 L=0.2961 cls=0.068 er=0.0055 ecr=0.0888 (0.4 im/s)
Ep2 Iter 6600/21164 L=0.3105 cls=0.088 er=0.0089 ecr=0.1607 (0.4 im/s)
Ep2 Iter 6700/21164 L=0.2944 cls=0.104 er=0.0068 ecr=0.1574 (0.5 im/s)
Ep2 Iter 6800/21164 L=0.2842 cls=0.188 er=0.0060 ecr=0.1798 (0.5 im/s)
Ep2 Iter 6900/21164 L=0.3004 cls=0.138 er=0.0052 ecr=0.0970 (0.5 im/s)
Ep2 Iter 7000/21164 L=0.2901 cls=0.270 er=0.0099 ecr=0.2258 (0.5 im/s)
Ep2 Iter 7100/21164 L=0.2876 cls=0.065 er=0.0053 ecr=0.1223 (0.5 im/s)
Ep2 Iter 7200/21164 L=0.2838 cls=0.222 er=0.0054 ecr=0.1175 (0.6 im/s)
Ep2 Iter 7300/21164 L=0.2938 cls=0.128 er=0.0040 ecr=0.0822 (0.6 im/s)
Ep2 Iter 7400/21164 L=0.2963 cls=0.096 er=0.0052 ecr=0.0951 (0.6 im/s)
Ep2 Iter 7500/21164 L=0.2888 cls=0.087 er=0.0076 ecr=0.1633 (0.6 im/s)
Ep2 Iter 7600/21164 L=0.2812 cls=0.195 er=0.0098 ecr=0.1641 (0.7 im/s)
Ep2 Iter 7700/21164 L=0.2605 cls=0.113 er=0.0102 ecr=0.1381 (0.7 im/s)
Ep2 Iter 7800/21164 L=0.2826 cls=0.284 er=0.0085 ecr=0.1426 (0.7 im/s)
Ep2 Iter 7900/21164 L=0.2777 cls=0.230 er=0.0072 ecr=0.1816 (0.7 im/s)
Ep2 Iter 8000/21164 L=0.2873 cls=0.066 er=0.0097 ecr=0.1486 (0.7 im/s)
Ep2 Iter 8100/21164 L=0.2769 cls=0.155 er=0.0087 ecr=0.1760 (0.7 im/s)
Ep2 Iter 8200/21164 L=0.2648 cls=0.064 er=0.0076 ecr=0.1133 (0.8 im/s)
Ep2 Iter 8300/21164 L=0.2845 cls=0.284 er=0.0114 ecr=0.2929 (0.8 im/s)
Ep2 Iter 8400/21164 L=0.2751 cls=0.073 er=0.0091 ecr=0.1618 (0.8 im/s)
Ep2 Iter 8500/21164 L=0.2708 cls=0.095 er=0.0018 ecr=0.0566 (0.8 im/s)
Ep2 Iter 8600/21164 L=0.2652 cls=0.170 er=0.0101 ecr=0.1969 (0.8 im/s)
Ep2 Iter 8700/21164 L=0.2853 cls=0.058 er=0.0060 ecr=0.1184 (0.8 im/s)
Ep2 Iter 8800/21164 L=0.2872 cls=0.062 er=0.0068 ecr=0.1376 (0.9 im/s)
Ep2 Iter 8900/21164 L=0.2768 cls=0.063 er=0.0053 ecr=0.1174 (0.9 im/s)
Ep2 Iter 9000/21164 L=0.2707 cls=0.129 er=0.0064 ecr=0.1576 (0.9 im/s)
Ep2 Iter 9100/21164 L=0.2669 cls=0.060 er=0.0036 ecr=0.0598 (0.9 im/s)
Ep2 Iter 9200/21164 L=0.2760 cls=0.130 er=0.0057 ecr=0.1077 (0.9 im/s)
Ep2 Iter 9300/21164 L=0.2538 cls=0.088 er=0.0079 ecr=0.1341 (0.9 im/s)
Ep2 Iter 9400/21164 L=0.2668 cls=0.358 er=0.0112 ecr=0.2051 (0.9 im/s)
Ep2 Iter 9500/21164 L=0.2687 cls=0.087 er=0.0091 ecr=0.1958 (0.9 im/s)
Ep2 Iter 9600/21164 L=0.2698 cls=0.116 er=0.0076 ecr=0.1196 (1.0 im/s)
Ep2 Iter 9700/21164 L=0.2582 cls=0.084 er=0.0080 ecr=0.1177 (1.0 im/s)
Ep2 Iter 9800/21164 L=0.2723 cls=0.167 er=0.0027 ecr=0.0918 (1.0 im/s)
Ep2 Iter 9900/21164 L=0.2542 cls=0.139 er=0.0097 ecr=0.1977 (1.0 im/s)
Ep2 Iter10000/21164 L=0.2715 cls=0.109 er=0.0128 ecr=0.2037 (1.0 im/s)
Ep2 Iter10100/21164 L=0.2572 cls=0.040 er=0.0062 ecr=0.1000 (1.0 im/s)
Ep2 Iter10200/21164 L=0.2695 cls=0.087 er=0.0077 ecr=0.1369 (1.0 im/s)
Ep2 Iter10300/21164 L=0.2677 cls=0.151 er=0.0065 ecr=0.1653 (1.0 im/s)
Ep2 Iter10400/21164 L=0.2598 cls=0.077 er=0.0061 ecr=0.1189 (1.0 im/s)
Ep2 Iter10500/21164 L=0.2689 cls=0.036 er=0.0053 ecr=0.0999 (1.1 im/s)

=== Epoch 2 Complete ===
  Checkpoint saved: finetune_only_s2_ep2.pth
Ep3 Iter10600/21164 L=0.2571 cls=0.141 er=0.0040 ecr=0.0978 (0.0 im/s)
Ep3 Iter10700/21164 L=0.2710 cls=0.091 er=0.0062 ecr=0.0983 (0.0 im/s)
Ep3 Iter10800/21164 L=0.2680 cls=0.089 er=0.0071 ecr=0.1650 (0.0 im/s)
Ep3 Iter10900/21164 L=0.2599 cls=0.181 er=0.0084 ecr=0.1992 (0.1 im/s)
Ep3 Iter11000/21164 L=0.2712 cls=0.081 er=0.0081 ecr=0.1532 (0.1 im/s)
Ep3 Iter11100/21164 L=0.2646 cls=0.085 er=0.0040 ecr=0.0869 (0.1 im/s)
Ep3 Iter11200/21164 L=0.2546 cls=0.042 er=0.0048 ecr=0.0849 (0.1 im/s)
Ep3 Iter11300/21164 L=0.2408 cls=0.107 er=0.0022 ecr=0.0608 (0.1 im/s)
Ep3 Iter11400/21164 L=0.2646 cls=0.045 er=0.0081 ecr=0.1270 (0.2 im/s)
Ep3 Iter11500/21164 L=0.2615 cls=0.156 er=0.0110 ecr=0.2222 (0.2 im/s)
Ep3 Iter11600/21164 L=0.2565 cls=0.049 er=0.0049 ecr=0.0823 (0.2 im/s)
Ep3 Iter11700/21164 L=0.2568 cls=0.114 er=0.0071 ecr=0.1070 (0.2 im/s)
Ep3 Iter11800/21164 L=0.2761 cls=0.050 er=0.0049 ecr=0.1292 (0.2 im/s)
Ep3 Iter11900/21164 L=0.2626 cls=0.176 er=0.0101 ecr=0.1816 (0.2 im/s)
Ep3 Iter12000/21164 L=0.2654 cls=0.045 er=0.0044 ecr=0.0848 (0.3 im/s)
Ep3 Iter12100/21164 L=0.2583 cls=0.197 er=0.0057 ecr=0.1730 (0.3 im/s)
Ep3 Iter12200/21164 L=0.2625 cls=0.247 er=0.0076 ecr=0.1798 (0.3 im/s)
Ep3 Iter12300/21164 L=0.2607 cls=0.079 er=0.0062 ecr=0.1050 (0.3 im/s)
Ep3 Iter12400/21164 L=0.2423 cls=0.095 er=0.0061 ecr=0.1280 (0.3 im/s)
Ep3 Iter12500/21164 L=0.2588 cls=0.189 er=0.0104 ecr=0.2195 (0.3 im/s)
Ep3 Iter12600/21164 L=0.2651 cls=0.146 er=0.0058 ecr=0.1895 (0.3 im/s)
Ep3 Iter12700/21164 L=0.2488 cls=0.065 er=0.0040 ecr=0.0969 (0.4 im/s)
Ep3 Iter12800/21164 L=0.2629 cls=0.138 er=0.0039 ecr=0.0799 (0.4 im/s)
Ep3 Iter12900/21164 L=0.2764 cls=0.162 er=0.0086 ecr=0.1615 (0.4 im/s)
Ep3 Iter13000/21164 L=0.2641 cls=0.125 er=0.0066 ecr=0.1047 (0.4 im/s)
Ep3 Iter13100/21164 L=0.2589 cls=0.048 er=0.0041 ecr=0.1068 (0.4 im/s)
Ep3 Iter13200/21164 L=0.2455 cls=0.121 er=0.0075 ecr=0.1657 (0.4 im/s)
Ep3 Iter13300/21164 L=0.2502 cls=0.284 er=0.0103 ecr=0.1781 (0.4 im/s)
Ep3 Iter13400/21164 L=0.2323 cls=0.154 er=0.0093 ecr=0.1843 (0.4 im/s)
Ep3 Iter13500/21164 L=0.2491 cls=0.089 er=0.0089 ecr=0.2169 (0.5 im/s)
Ep3 Iter13600/21164 L=0.2557 cls=0.250 er=0.0042 ecr=0.0820 (0.5 im/s)
Ep3 Iter13700/21164 L=0.2532 cls=0.100 er=0.0054 ecr=0.1221 (0.5 im/s)
Ep3 Iter13800/21164 L=0.2588 cls=0.053 er=0.0088 ecr=0.1481 (0.5 im/s)
Ep3 Iter13900/21164 L=0.2681 cls=0.164 er=0.0075 ecr=0.1501 (0.5 im/s)
Ep3 Iter14000/21164 L=0.2615 cls=0.238 er=0.0100 ecr=0.1808 (0.5 im/s)
Ep3 Iter14100/21164 L=0.2680 cls=0.082 er=0.0052 ecr=0.0884 (0.5 im/s)
Ep3 Iter14200/21164 L=0.2662 cls=0.123 er=0.0039 ecr=0.0927 (0.5 im/s)
Ep3 Iter14300/21164 L=0.2557 cls=0.055 er=0.0048 ecr=0.1318 (0.6 im/s)
Ep3 Iter14400/21164 L=0.2607 cls=0.082 er=0.0057 ecr=0.0937 (0.6 im/s)
Ep3 Iter14500/21164 L=0.2638 cls=0.044 er=0.0043 ecr=0.0970 (0.6 im/s)
Ep3 Iter14600/21164 L=0.2542 cls=0.046 er=0.0024 ecr=0.0522 (0.6 im/s)
Ep3 Iter14700/21164 L=0.2447 cls=0.073 er=0.0054 ecr=0.0935 (0.6 im/s)
Ep3 Iter14800/21164 L=0.2549 cls=0.220 er=0.0087 ecr=0.1275 (0.6 im/s)
Ep3 Iter14900/21164 L=0.2425 cls=0.060 er=0.0066 ecr=0.1009 (0.6 im/s)
Ep3 Iter15000/21164 L=0.2367 cls=0.038 er=0.0033 ecr=0.0620 (0.6 im/s)
Ep3 Iter15100/21164 L=0.2430 cls=0.073 er=0.0077 ecr=0.1346 (0.6 im/s)
Ep3 Iter15200/21164 L=0.2560 cls=0.061 er=0.0057 ecr=0.1175 (0.6 im/s)
Ep3 Iter15300/21164 L=0.2634 cls=0.052 er=0.0067 ecr=0.1131 (0.7 im/s)
Ep3 Iter15400/21164 L=0.2617 cls=0.086 er=0.0069 ecr=0.1550 (0.7 im/s)
Ep3 Iter15500/21164 L=0.2415 cls=0.164 er=0.0087 ecr=0.2143 (0.7 im/s)
Ep3 Iter15600/21164 L=0.2439 cls=0.200 er=0.0109 ecr=0.2465 (0.7 im/s)
Ep3 Iter15700/21164 L=0.2521 cls=0.101 er=0.0036 ecr=0.1143 (0.7 im/s)
Ep3 Iter15800/21164 L=0.2162 cls=0.060 er=0.0059 ecr=0.1086 (0.7 im/s)

=== Epoch 3 Complete ===
  Checkpoint saved: finetune_only_s2_ep3.pth
Ep4 Iter15900/21164 L=0.2608 cls=0.214 er=0.0086 ecr=0.1761 (0.0 im/s)
Ep4 Iter16000/21164 L=0.2385 cls=0.062 er=0.0040 ecr=0.0956 (0.0 im/s)
Ep4 Iter16100/21164 L=0.2479 cls=0.064 er=0.0035 ecr=0.0902 (0.0 im/s)
Ep4 Iter16200/21164 L=0.2409 cls=0.089 er=0.0066 ecr=0.1131 (0.0 im/s)
Ep4 Iter16300/21164 L=0.2418 cls=0.149 er=0.0092 ecr=0.1861 (0.1 im/s)
Ep4 Iter16400/21164 L=0.2490 cls=0.053 er=0.0054 ecr=0.1304 (0.1 im/s)
Ep4 Iter16500/21164 L=0.2442 cls=0.081 er=0.0035 ecr=0.0780 (0.1 im/s)
Ep4 Iter16600/21164 L=0.2478 cls=0.168 er=0.0067 ecr=0.2148 (0.1 im/s)
Ep4 Iter16700/21164 L=0.2440 cls=0.052 er=0.0050 ecr=0.0899 (0.1 im/s)
Ep4 Iter16800/21164 L=0.2497 cls=0.106 er=0.0064 ecr=0.1626 (0.1 im/s)
Ep4 Iter16900/21164 L=0.2393 cls=0.085 er=0.0074 ecr=0.1173 (0.1 im/s)
Ep4 Iter17000/21164 L=0.2322 cls=0.195 er=0.0083 ecr=0.1627 (0.1 im/s)
Ep4 Iter17100/21164 L=0.2415 cls=0.093 er=0.0082 ecr=0.1208 (0.2 im/s)
Ep4 Iter17200/21164 L=0.2496 cls=0.114 er=0.0032 ecr=0.0765 (0.2 im/s)
Ep4 Iter17300/21164 L=0.2549 cls=0.147 er=0.0064 ecr=0.1466 (0.2 im/s)
Ep4 Iter17400/21164 L=0.2373 cls=0.110 er=0.0122 ecr=0.1993 (0.2 im/s)
Ep4 Iter17500/21164 L=0.2354 cls=0.095 er=0.0046 ecr=0.1057 (0.2 im/s)
Ep4 Iter17600/21164 L=0.2517 cls=0.234 er=0.0069 ecr=0.1756 (0.2 im/s)
Ep4 Iter17700/21164 L=0.2520 cls=0.073 er=0.0071 ecr=0.1678 (0.2 im/s)
Ep4 Iter17800/21164 L=0.2554 cls=0.049 er=0.0073 ecr=0.1199 (0.2 im/s)
Ep4 Iter17900/21164 L=0.2423 cls=0.032 er=0.0027 ecr=0.0549 (0.2 im/s)
Ep4 Iter18000/21164 L=0.2410 cls=0.137 er=0.0071 ecr=0.1381 (0.3 im/s)
Ep4 Iter18100/21164 L=0.2459 cls=0.070 er=0.0086 ecr=0.1307 (0.3 im/s)
Ep4 Iter18200/21164 L=0.2346 cls=0.036 er=0.0044 ecr=0.0762 (0.3 im/s)
Ep4 Iter18300/21164 L=0.2450 cls=0.051 er=0.0056 ecr=0.1105 (0.3 im/s)
Ep4 Iter18400/21164 L=0.2433 cls=0.081 er=0.0080 ecr=0.1453 (0.3 im/s)
Ep4 Iter18500/21164 L=0.2304 cls=0.163 er=0.0065 ecr=0.1199 (0.3 im/s)
Ep4 Iter18600/21164 L=0.2436 cls=0.072 er=0.0028 ecr=0.0703 (0.3 im/s)
Ep4 Iter18700/21164 L=0.2510 cls=0.108 er=0.0057 ecr=0.0841 (0.3 im/s)
Ep4 Iter18800/21164 L=0.2576 cls=0.083 er=0.0067 ecr=0.1072 (0.3 im/s)
Ep4 Iter18900/21164 L=0.2375 cls=0.119 er=0.0058 ecr=0.1250 (0.3 im/s)
Ep4 Iter19000/21164 L=0.2383 cls=0.149 er=0.0081 ecr=0.2164 (0.3 im/s)
Ep4 Iter19100/21164 L=0.2293 cls=0.075 er=0.0071 ecr=0.1331 (0.4 im/s)
Ep4 Iter19200/21164 L=0.2428 cls=0.073 er=0.0063 ecr=0.0948 (0.4 im/s)
Ep4 Iter19300/21164 L=0.2371 cls=0.121 er=0.0061 ecr=0.1522 (0.4 im/s)
Ep4 Iter19400/21164 L=0.2486 cls=0.200 er=0.0055 ecr=0.2051 (0.4 im/s)
Ep4 Iter19500/21164 L=0.2477 cls=0.104 er=0.0131 ecr=0.2327 (0.4 im/s)
Ep4 Iter19600/21164 L=0.2543 cls=0.148 er=0.0040 ecr=0.1296 (0.4 im/s)
Ep4 Iter19700/21164 L=0.2342 cls=0.129 er=0.0051 ecr=0.1089 (0.4 im/s)
Ep4 Iter19800/21164 L=0.2196 cls=0.079 er=0.0068 ecr=0.1117 (0.4 im/s)
Ep4 Iter19900/21164 L=0.2600 cls=0.150 er=0.0137 ecr=0.2212 (0.4 im/s)
Ep4 Iter20000/21164 L=0.2462 cls=0.078 er=0.0082 ecr=0.1720 (0.4 im/s)
Ep4 Iter20100/21164 L=0.2505 cls=0.203 er=0.0115 ecr=0.2160 (0.4 im/s)
Ep4 Iter20200/21164 L=0.2466 cls=0.101 er=0.0066 ecr=0.1354 (0.5 im/s)
Ep4 Iter20300/21164 L=0.2286 cls=0.036 er=0.0031 ecr=0.0533 (0.5 im/s)
Ep4 Iter20400/21164 L=0.2574 cls=0.104 er=0.0086 ecr=0.1973 (0.5 im/s)
Ep4 Iter20500/21164 L=0.2365 cls=0.042 er=0.0068 ecr=0.1114 (0.5 im/s)
Ep4 Iter20600/21164 L=0.2610 cls=0.135 er=0.0104 ecr=0.1556 (0.5 im/s)
Ep4 Iter20700/21164 L=0.2509 cls=0.074 er=0.0087 ecr=0.1564 (0.5 im/s)
Ep4 Iter20800/21164 L=0.2400 cls=0.102 er=0.0084 ecr=0.1258 (0.5 im/s)
Ep4 Iter20900/21164 L=0.2323 cls=0.273 er=0.0048 ecr=0.1893 (0.5 im/s)
Ep4 Iter21000/21164 L=0.2495 cls=0.023 er=0.0029 ecr=0.0635 (0.5 im/s)
Ep4 Iter21100/21164 L=0.2613 cls=0.055 er=0.0058 ecr=0.1325 (0.5 im/s)

=== Epoch 4 Complete ===
  Checkpoint saved: finetune_only_s2_ep4.pth

Final model: finetune_only_s2.pth
Training complete.
